Archive member included to satisfy reference by file (symbol)

/usr/local/xenon/usr/lib/libfat.a(libfat.o)
                              main.o (fatInitDefault)
/usr/local/xenon/usr/lib/libfat.a(partition.o)
                              /usr/local/xenon/usr/lib/libfat.a(libfat.o) (_FAT_partition_constructor)
/usr/local/xenon/usr/lib/libfat.a(cache.o)
                              /usr/local/xenon/usr/lib/libfat.a(partition.o) (_FAT_cache_constructor)
/usr/local/xenon/usr/lib/libfat.a(directory.o)
                              /usr/local/xenon/usr/lib/libfat.a(libfat.o) (_FAT_directory_getVolumeLabel)
/usr/local/xenon/usr/lib/libfat.a(disc.o)
                              /usr/local/xenon/usr/lib/libfat.a(libfat.o) (_FAT_disc_interfaces)
/usr/local/xenon/usr/lib/libfat.a(fatdir.o)
                              /usr/local/xenon/usr/lib/libfat.a(libfat.o) (_FAT_stat_r)
/usr/local/xenon/usr/lib/libfat.a(fatfile.o)
                              /usr/local/xenon/usr/lib/libfat.a(libfat.o) (_FAT_open_r)
/usr/local/xenon/usr/lib/libfat.a(file_allocation_table.o)
                              /usr/local/xenon/usr/lib/libfat.a(directory.o) (_FAT_fat_nextCluster)
/usr/local/xenon/usr/lib/libfat.a(filetime.o)
                              /usr/local/xenon/usr/lib/libfat.a(fatdir.o) (_FAT_filetime_getTimeFromRTC)
/usr/local/xenon/usr/lib/libfat.a(lock.o)
                              /usr/local/xenon/usr/lib/libfat.a(partition.o) (_FAT_lock_init)
/usr/local/xenon/usr/lib/libxenon.a(argv.o)
                              /usr/local/xenon/lib/gcc/xenon/9.2.0/../../../../xenon/lib/../lib/crt1.o (__check_argv)
/usr/local/xenon/usr/lib/libxenon.a(startup_from_xell.o)
                              (_start)
/usr/local/xenon/usr/lib/libxenon.a(console.o)
                              main.o (console_init)
/usr/local/xenon/usr/lib/libxenon.a(ata.o)
                              /usr/local/xenon/usr/lib/libfat.a(disc.o) (xenon_ata_ops)
/usr/local/xenon/usr/lib/libxenon.a(newlib.o)
                              /usr/local/xenon/usr/lib/libxenon.a(console.o) (stdout_hook)
/usr/local/xenon/usr/lib/libxenon.a(xenon_syscalls.o)
                              /usr/local/xenon/usr/lib/libxenon.a(newlib.o) (__syscalls)
/usr/local/xenon/usr/lib/libxenon.a(atomic.o)
                              /usr/local/xenon/usr/lib/libxenon.a(startup_from_xell.o) (atomic_clearset)
/usr/local/xenon/usr/lib/libxenon.a(cache.o)
                              /usr/local/xenon/usr/lib/libxenon.a(ata.o) (memdcbt)
/usr/local/xenon/usr/lib/libxenon.a(except.o)
                              /usr/local/xenon/usr/lib/libxenon.a(startup_from_xell.o) (secondary_lock)
/usr/local/xenon/usr/lib/libxenon.a(c_except.o)
                              /usr/local/xenon/usr/lib/libxenon.a(except.o) (crashdump)
/usr/local/xenon/usr/lib/libxenon.a(vm.o)
                              /usr/local/xenon/usr/lib/libxenon.a(except.o) (vm_segfault_handler)
/usr/local/xenon/usr/lib/libxenon.a(time.o)
                              /usr/local/xenon/usr/lib/libxenon.a(ata.o) (mdelay)
/usr/local/xenon/usr/lib/libxenon.a(usbmain.o)
                              /usr/local/xenon/usr/lib/libxenon.a(xenon_syscalls.o) (usb_shutdown)
/usr/local/xenon/usr/lib/libxenon.a(tinyehci.o)
                              /usr/local/xenon/usr/lib/libxenon.a(usbmain.o) (USBStorage_Init)
/usr/local/xenon/usr/lib/libxenon.a(debug.o)
                              /usr/local/xenon/usr/lib/libxenon.a(xenon_syscalls.o) (data_breakpoint)
/usr/local/xenon/usr/lib/libxenon.a(xenon_smc.o)
                              /usr/local/xenon/usr/lib/libxenon.a(xenon_syscalls.o) (xenon_smc_send_message)
/usr/local/xenon/usr/lib/libxenon.a(xenon_power.o)
                              /usr/local/xenon/usr/lib/libxenon.a(xenon_syscalls.o) (xenon_is_thread_task_running)
/usr/local/xenon/usr/lib/libxenon.a(xenon_uart.o)
                              /usr/local/xenon/usr/lib/libxenon.a(newlib.o) (putch)
/usr/local/xenon/usr/lib/libxenon.a(xenon_config.o)
                              /usr/local/xenon/usr/lib/libxenon.a(xenon_power.o) (xenon_config_init)
/usr/local/xenon/usr/lib/libxenon.a(xenos.o)
                              main.o (xenos_init)
/usr/local/xenon/usr/lib/libxenon.a(xenos_edid.o)
                              /usr/local/xenon/usr/lib/libxenon.a(xenos.o) (xenos_get_edid)
/usr/local/xenon/usr/lib/libxenon.a(enet.o)
                              /usr/local/xenon/usr/lib/libxenon.a(xenon_syscalls.o) (enet_quiesce)
/usr/local/xenon/usr/lib/libxenon.a(elf.o)
                              main.o (elf_runFromDisk)
/usr/local/xenon/usr/lib/libxenon.a(elf_run.o)
                              /usr/local/xenon/usr/lib/libxenon.a(elf.o) (elf_call_real)
/usr/local/xenon/usr/lib/libxenon.a(fdt_ro.o)
                              /usr/local/xenon/usr/lib/libxenon.a(elf.o) (fdt_path_offset)
/usr/local/xenon/usr/lib/libxenon.a(fdt_rw.o)
                              /usr/local/xenon/usr/lib/libxenon.a(elf.o) (fdt_add_mem_rsv)
[...]
Memory Configuration

Name             Origin             Length             Attributes
*default*        0x0000000000000000 0xffffffffffffffff

Linker script and memory map

LOAD /usr/local/xenon/lib/gcc/xenon/9.2.0/../../../../xenon/lib/../lib/crt1.o
LOAD /usr/local/xenon/lib/gcc/xenon/9.2.0/../../../../xenon/lib/../lib/crti.o
LOAD /usr/local/xenon/lib/gcc/xenon/9.2.0/32/crtbegin.o
LOAD main.o
LOAD /usr/local/xenon/usr/lib/libfat.a
LOAD /usr/local/xenon/usr/lib/libxenon.a
LOAD /usr/local/xenon/xenon/lib/32/libm.a
LOAD /usr/local/xenon/usr/lib/libfat.a
LOAD /usr/local/xenon/lib/gcc/xenon/9.2.0/32/libgcc.a
LOAD /usr/local/xenon/xenon/lib/32/libc.a
LOAD /usr/local/xenon/lib/gcc/xenon/9.2.0/32/libgcc.a
LOAD /usr/local/xenon/lib/gcc/xenon/9.2.0/32/crtend.o
LOAD /usr/local/xenon/lib/gcc/xenon/9.2.0/../../../../xenon/lib/../lib/crtn.o
                0x0000000080000000                . = 0x80000000

.text           0x0000000080000000    0x33280
 *(.except*)
 .except        0x0000000080000000     0x1e30 /usr/local/xenon/usr/lib/libxenon.a(except.o)
                0x0000000080000000                secondary_lock
                0x0000000080000000                exc_base
                0x0000000080000004                secondary_alive
 *(.pagetable)
 .pagetable     0x0000000080001e30       0x40 /usr/local/xenon/usr/lib/libxenon.a(vm.o)
                0x0000000080001e30                pagetable
                0x0000000080001e70                pagetable_end = .
 *(.init*)
 .init          0x0000000080001e70        0xc /usr/local/xenon/lib/gcc/xenon/9.2.0/../../../../xenon/lib/../lib/crti.o
                0x0000000080001e70                _init
 *(.fini*)
 .fini          0x0000000080001e7c        0xc /usr/local/xenon/lib/gcc/xenon/9.2.0/../../../../xenon/lib/../lib/crti.o
                0x0000000080001e7c                _fini
 *(.text*)
 .text.call_ctors
                0x0000000080001e88       0x48 /usr/local/xenon/lib/gcc/xenon/9.2.0/../../../../xenon/lib/../lib/crt1.o
                0x0000000080001e88                call_ctors
 .text.c_register_frame
                0x0000000080001ed0        0xc /usr/local/xenon/lib/gcc/xenon/9.2.0/../../../../xenon/lib/../lib/crt1.o
                0x0000000080001ed0                c_register_frame
 .text.__crtmain
                0x0000000080001edc       0x2c /usr/local/xenon/lib/gcc/xenon/9.2.0/../../../../xenon/lib/../lib/crt1.o
                0x0000000080001edc                __crtmain
 .text.startup.main
                0x0000000080001f08      0x140 main.o
                0x0000000080001f08                main
 .text          0x0000000080002048      0x4bc /usr/local/xenon/usr/lib/libfat.a(libfat.o)
                0x0000000080002048                fatMount
                0x0000000080002178                fatMountSimple
                0x0000000080002188                fatUnmount
                0x0000000080002200                fatInit
                0x0000000080002398                fatInitDefault
                0x00000000800023a4                fatGetVolumeLabel
 .text          0x0000000080002504      0xa08 /usr/local/xenon/usr/lib/libfat.a(partition.o)
                0x0000000080002568                FindFirstValidPartition_buf
                0x000000008000277c                FindFirstValidPartition
                0x00000000800027d0                _FAT_partition_getPartitionFromPath
                0x00000000800027fc                _FAT_partition_createFSinfo
                0x00000000800028dc                _FAT_partition_readFSinfo
                0x00000000800029dc                _FAT_partition_constructor_buf
                0x0000000080002d1c                _FAT_partition_constructor
                0x0000000080002d84                _FAT_partition_writeFSinfo
                0x0000000080002e8c                _FAT_partition_destructor
 .text          0x0000000080002f0c      0x7a4 /usr/local/xenon/usr/lib/libfat.a(cache.o)
                0x0000000080003068                _FAT_cache_constructor
                0x0000000080003140                _FAT_cache_readSectors
                0x00000000800031ec                _FAT_cache_readPartialSector
                0x0000000080003278                _FAT_cache_readLittleEndianValue
                0x00000000800032ec                _FAT_cache_writePartialSector
                0x0000000080003380                _FAT_cache_writeLittleEndianValue
                0x00000000800033fc                _FAT_cache_eraseWritePartialSector
                0x00000000800034a8                _FAT_cache_writeSectors
                0x000000008000355c                _FAT_cache_flush
                0x00000000800035e8                _FAT_cache_destructor
                0x0000000080003650                _FAT_cache_invalidate
 .text          0x00000000800036b0     0x1954 /usr/local/xenon/usr/lib/libfat.a(directory.o)
                0x0000000080003ad0                _FAT_directory_entryGetCluster
                0x0000000080003b24                _FAT_directory_getNextEntry
                0x0000000080003d88                _FAT_directory_getFirstEntry
                0x0000000080003e78                _FAT_directory_getRootEntry
                0x0000000080003f10                _FAT_directory_getVolumeLabel
                0x0000000080004004                _FAT_directory_entryFromPosition
                0x00000000800041a8                _FAT_directory_entryFromPath
                0x00000000800043ec                _FAT_directory_removeEntry
                0x00000000800044d8                _FAT_directory_addEntry
                0x0000000080004e48                _FAT_directory_chdir
                0x0000000080004ea8                _FAT_directory_entryStat
 .text          0x0000000080005004       0x30 /usr/local/xenon/usr/lib/libfat.a(disc.o)
 .text          0x0000000080005034      0xc10 /usr/local/xenon/usr/lib/libfat.a(fatdir.o)
                0x0000000080005034                _FAT_stat_r
                0x00000000800050fc                _FAT_link_r
                0x000000008000510c                _FAT_unlink_r
                0x00000000800052c4                _FAT_chdir_r
                0x000000008000536c                _FAT_rename_r
                0x00000000800055a8                _FAT_mkdir_r
                0x00000000800058b0                _FAT_statvfs_r
                0x00000000800059ac                _FAT_diropen_r
                0x0000000080005ac0                _FAT_dirreset_r
                0x0000000080005b38                _FAT_dirnext_r
                0x0000000080005c04                _FAT_dirclose_r
 .text          0x0000000080005c44     0x1804 /usr/local/xenon/usr/lib/libfat.a(fatfile.o)
                0x0000000080005fd8                _FAT_findEntry
                0x0000000080006060                FAT_getAttr
                0x0000000080006098                FAT_setAttr
                0x00000000800060c8                _FAT_open_r
                0x000000008000647c                _FAT_syncToDisc
                0x00000000800065c4                _FAT_close_r
                0x000000008000668c                _FAT_read_r
                0x0000000080006a44                _FAT_write_r
                0x0000000080006f64                _FAT_seek_r
                0x0000000080007124                _FAT_fstat_r
                0x00000000800071ec                _FAT_ftruncate_r
                0x00000000800073d4                _FAT_fsync_r
 .text          0x0000000080007448      0x714 /usr/local/xenon/usr/lib/libfat.a(file_allocation_table.o)
                0x00000000800075f4                _FAT_fat_nextCluster
                0x0000000080007788                _FAT_fat_linkFreeCluster
                0x0000000080007870                _FAT_fat_linkFreeClusterCleared
                0x0000000080007920                _FAT_fat_clearLinks
                0x00000000800079e0                _FAT_fat_trimChain
                0x0000000080007a98                _FAT_fat_lastCluster
                0x0000000080007b04                _FAT_fat_freeClusterCount
 .text          0x0000000080007b5c      0x178 /usr/local/xenon/usr/lib/libfat.a(filetime.o)
                0x0000000080007b5c                _FAT_filetime_getTimeFromRTC
                0x0000000080007be4                _FAT_filetime_getDateFromRTC
                0x0000000080007c6c                _FAT_filetime_to_time_t
 .text          0x0000000080007cd4       0x10 /usr/local/xenon/usr/lib/libfat.a(lock.o)
                0x0000000080007cd4                _FAT_lock_init
                0x0000000080007cd8                _FAT_lock_deinit
                0x0000000080007cdc                _FAT_lock
                0x0000000080007ce0                _FAT_unlock
 .text.__check_argv
                0x0000000080007ce4       0x24 /usr/local/xenon/usr/lib/libxenon.a(argv.o)
                0x0000000080007ce4                __check_argv
 *fill*         0x0000000080007d08       0xf8 
 .text          0x0000000080007e00      0x2f4 /usr/local/xenon/usr/lib/libxenon.a(startup_from_xell.o)
                0x0000000080007e00                _start
                0x0000000080007ff8                wait
                0x0000000080008080                return_to_xell
 .text.console_clrscr
                0x00000000800080f4       0x7c /usr/local/xenon/usr/lib/libxenon.a(console.o)
                0x00000000800080f4                console_clrscr
 .text.console_clrline
                0x0000000080008170       0x70 /usr/local/xenon/usr/lib/libxenon.a(console.o)
                0x0000000080008170                console_clrline
 .text.console_newline
                0x00000000800081e0       0xd8 /usr/local/xenon/usr/lib/libxenon.a(console.o)
                0x00000000800081e0                console_newline
 .text.console_putch
                0x00000000800082b8      0x184 /usr/local/xenon/usr/lib/libxenon.a(console.o)
                0x00000000800082b8                console_putch
 .text.console_stdout_hook
                0x000000008000843c       0x3c /usr/local/xenon/usr/lib/libxenon.a(console.o)
 .text.console_init
                0x0000000080008478      0x148 /usr/local/xenon/usr/lib/libxenon.a(console.o)
                0x0000000080008478                console_init
 .text.console_set_colors
                0x00000000800085c0       0x14 /usr/local/xenon/usr/lib/libxenon.a(console.o)
                0x00000000800085c0                console_set_colors
 .text.xenon_ata_wait_ready
                0x00000000800085d4       0x1c /usr/local/xenon/usr/lib/libxenon.a(ata.o)
 .text.ata_startup
                0x00000000800085f0        0x8 /usr/local/xenon/usr/lib/libxenon.a(ata.o)
 .text.ata_inserted
                0x00000000800085f8       0x14 /usr/local/xenon/usr/lib/libxenon.a(ata.o)
 .text.ata_sectors
                0x000000008000860c        0xc /usr/local/xenon/usr/lib/libxenon.a(ata.o)
 .text.xenon_ata_dma_read
                0x0000000080008618      0x19c /usr/local/xenon/usr/lib/libxenon.a(ata.o)
 .text.xenon_ata_setlba.constprop.0
                0x00000000800087b4       0x38 /usr/local/xenon/usr/lib/libxenon.a(ata.o)
 .text.ata_shutdown
                0x00000000800087ec        0x8 /usr/local/xenon/usr/lib/libxenon.a(ata.o)
 .text.ata_clearstatus
                0x00000000800087f4        0x8 /usr/local/xenon/usr/lib/libxenon.a(ata.o)
 .text.xenon_ata_pio_write
                0x00000000800087fc       0x54 /usr/local/xenon/usr/lib/libxenon.a(ata.o)
 .text.xenon_ata_setaddress.constprop.0
                0x0000000080008850      0x14c /usr/local/xenon/usr/lib/libxenon.a(ata.o)
 .text.ata_readsectors
                0x000000008000899c       0x80 /usr/local/xenon/usr/lib/libxenon.a(ata.o)
 .text.ata_writesectors
                0x0000000080008a1c       0x90 /usr/local/xenon/usr/lib/libxenon.a(ata.o)
 .text.vfs_console_write
                0x0000000080008aac       0x84 /usr/local/xenon/usr/lib/libxenon.a(newlib.o)
                0x0000000080008aac                vfs_console_write
 .text.__malloc_lock
                0x0000000080008b30       0x18 /usr/local/xenon/usr/lib/libxenon.a(newlib.o)
                0x0000000080008b30                __malloc_lock
 .text.__malloc_unlock
                0x0000000080008b48       0x18 /usr/local/xenon/usr/lib/libxenon.a(newlib.o)
                0x0000000080008b48                __malloc_unlock
 .text._exit    0x0000000080008b60       0x2c /usr/local/xenon/usr/lib/libxenon.a(newlib.o)
                0x0000000080008b60                _exit
 .text.sbrk     0x0000000080008b8c       0x34 /usr/local/xenon/usr/lib/libxenon.a(newlib.o)
                0x0000000080008b8c                sbrk
 .text.unlikely.abort
                0x0000000080008bc0       0x2c /usr/local/xenon/usr/lib/libxenon.a(newlib.o)
                0x0000000080008bc0                abort
 .text.gettimeofday
                0x0000000080008bec       0x3c /usr/local/xenon/usr/lib/libxenon.a(newlib.o)
                0x0000000080008bec                gettimeofday
 .text.isatty   0x0000000080008c28        0x8 /usr/local/xenon/usr/lib/libxenon.a(newlib.o)
                0x0000000080008c28                isatty
 .text.__release_handle
                0x0000000080008c30       0x4c /usr/local/xenon/usr/lib/libxenon.a(newlib.o)
                0x0000000080008c30                __release_handle
 .text.__alloc_handle
                0x0000000080008c7c       0x68 /usr/local/xenon/usr/lib/libxenon.a(newlib.o)
                0x0000000080008c7c                __alloc_handle
 .text.__get_handle
                0x0000000080008ce4       0x28 /usr/local/xenon/usr/lib/libxenon.a(newlib.o)
                0x0000000080008ce4                __get_handle
 .text.setDefaultDevice
                0x0000000080008d0c       0x18 /usr/local/xenon/usr/lib/libxenon.a(newlib.o)
                0x0000000080008d0c                setDefaultDevice
 .text.FindDevice
                0x0000000080008d24       0xc0 /usr/local/xenon/usr/lib/libxenon.a(newlib.o)
                0x0000000080008d24                FindDevice
 .text.RemoveDevice
                0x0000000080008de4       0x44 /usr/local/xenon/usr/lib/libxenon.a(newlib.o)
                0x0000000080008de4                RemoveDevice
 .text.AddDevice
                0x0000000080008e28       0xa4 /usr/local/xenon/usr/lib/libxenon.a(newlib.o)
                0x0000000080008e28                AddDevice
 .text.GetDeviceOpTab
                0x0000000080008ecc       0x40 /usr/local/xenon/usr/lib/libxenon.a(newlib.o)
                0x0000000080008ecc                GetDeviceOpTab
 .text.open     0x0000000080008f0c       0xd4 /usr/local/xenon/usr/lib/libxenon.a(newlib.o)
                0x0000000080008f0c                open
 .text.read     0x0000000080008fe0       0xa4 /usr/local/xenon/usr/lib/libxenon.a(newlib.o)
                0x0000000080008fe0                read
 .text.write    0x0000000080009084       0xac /usr/local/xenon/usr/lib/libxenon.a(newlib.o)
                0x0000000080009084                write
 .text.fstat    0x0000000080009130       0xa0 /usr/local/xenon/usr/lib/libxenon.a(newlib.o)
                0x0000000080009130                fstat
 .text.stat     0x00000000800091d0       0x8c /usr/local/xenon/usr/lib/libxenon.a(newlib.o)
                0x00000000800091d0                stat
 .text.lseek    0x000000008000925c       0xa4 /usr/local/xenon/usr/lib/libxenon.a(newlib.o)
                0x000000008000925c                lseek
 .text.close    0x0000000080009300       0x88 /usr/local/xenon/usr/lib/libxenon.a(newlib.o)
                0x0000000080009300                close
 .text._concatenate_path
                0x0000000080009388      0x1a4 /usr/local/xenon/usr/lib/libxenon.a(newlib.o)
                0x0000000080009388                _concatenate_path
 .text.chdir    0x000000008000952c      0x138 /usr/local/xenon/usr/lib/libxenon.a(newlib.o)
                0x000000008000952c                chdir
 .text.xenon_sbrk
                0x0000000080009664       0x2c /usr/local/xenon/usr/lib/libxenon.a(xenon_syscalls.o)
 .text.xenon_gettimeofday
                0x0000000080009690       0x78 /usr/local/xenon/usr/lib/libxenon.a(xenon_syscalls.o)
 .text.xenon_malloc_unlock
                0x0000000080009708       0xc4 /usr/local/xenon/usr/lib/libxenon.a(xenon_syscalls.o)
 .text.xenon_malloc_lock
                0x00000000800097cc       0xf0 /usr/local/xenon/usr/lib/libxenon.a(xenon_syscalls.o)
 .text.shutdown_drivers
                0x00000000800098bc       0x30 /usr/local/xenon/usr/lib/libxenon.a(xenon_syscalls.o)
                0x00000000800098bc                shutdown_drivers
 .text.try_return_to_xell
                0x00000000800098ec       0x64 /usr/local/xenon/usr/lib/libxenon.a(xenon_syscalls.o)
                0x00000000800098ec                try_return_to_xell
 .text.xenon_exit
                0x0000000080009950      0x188 /usr/local/xenon/usr/lib/libxenon.a(xenon_syscalls.o)
 .text          0x0000000080009ad8       0x94 /usr/local/xenon/usr/lib/libxenon.a(atomic.o)
                0x0000000080009ad8                atomic_inc
                0x0000000080009aec                atomic_dec
                0x0000000080009b00                atomic_clearset
                0x0000000080009b18                lock
                0x0000000080009b54                unlock
 .text          0x0000000080009b6c       0xa8 /usr/local/xenon/usr/lib/libxenon.a(cache.o)
                0x0000000080009b6c                memdcbt
                0x0000000080009b94                memdcbst
                0x0000000080009bbc                memdcbf
                0x0000000080009be4                memicbi
 .text.flush_console
                0x0000000080009c14       0x48 /usr/local/xenon/usr/lib/libxenon.a(c_except.o)
 .text.crashdump
                0x0000000080009c5c      0x30c /usr/local/xenon/usr/lib/libxenon.a(c_except.o)
                0x0000000080009c5c                crashdump
 .text.tdelay   0x0000000080009f68       0x50 /usr/local/xenon/usr/lib/libxenon.a(time.o)
 .text.udelay   0x0000000080009fb8       0x24 /usr/local/xenon/usr/lib/libxenon.a(time.o)
                0x0000000080009fb8                udelay
 .text.mdelay   0x0000000080009fdc       0x18 /usr/local/xenon/usr/lib/libxenon.a(time.o)
                0x0000000080009fdc                mdelay
 .text.delay    0x0000000080009ff4       0x18 /usr/local/xenon/usr/lib/libxenon.a(time.o)
                0x0000000080009ff4                delay
 .text.usb_init_one_ohci
                0x000000008000a00c       0xcc /usr/local/xenon/usr/lib/libxenon.a(usbmain.o)
 .text.usb_shutdown
                0x000000008000a0d8       0x54 /usr/local/xenon/usr/lib/libxenon.a(usbmain.o)
                0x000000008000a0d8                usb_shutdown
 .text.usb_init
                0x000000008000a12c       0xe0 /usr/local/xenon/usr/lib/libxenon.a(usbmain.o)
                0x000000008000a12c                usb_init
 .text.usb_do_poll
                0x000000008000a20c       0xa8 /usr/local/xenon/usr/lib/libxenon.a(usbmain.o)
                0x000000008000a20c                usb_do_poll
 .text.USBStorage_True
                0x000000008000a2b4        0x8 /usr/local/xenon/usr/lib/libxenon.a(tinyehci.o)
 .text.USBStorage_Inserted_0
                0x000000008000a2bc        0xc /usr/local/xenon/usr/lib/libxenon.a(tinyehci.o)
                0x000000008000a2bc                USBStorage_Inserted_0
 .text.USBStorage_Inserted_1
                0x000000008000a2c8        0xc /usr/local/xenon/usr/lib/libxenon.a(tinyehci.o)
                0x000000008000a2c8                USBStorage_Inserted_1
 .text.USBStorage_Inserted_2
                0x000000008000a2d4        0xc /usr/local/xenon/usr/lib/libxenon.a(tinyehci.o)
                0x000000008000a2d4                USBStorage_Inserted_2
 .text.qtd_fill
                0x000000008000a2e0       0xb4 /usr/local/xenon/usr/lib/libxenon.a(tinyehci.o)
 .text.ehci_qtd_alloc
                0x000000008000a394       0x7c /usr/local/xenon/usr/lib/libxenon.a(tinyehci.o)
 .text.handshake.isra.0
                0x000000008000a410      0x140 /usr/local/xenon/usr/lib/libxenon.a(tinyehci.o)
 .text.ehci_mem_init
                0x000000008000a550       0xf0 /usr/local/xenon/usr/lib/libxenon.a(tinyehci.o)
                0x000000008000a550                ehci_mem_init
 .text.qh_urb_transaction
                0x000000008000a640      0x1b4 /usr/local/xenon/usr/lib/libxenon.a(tinyehci.o)
                0x000000008000a640                qh_urb_transaction
 .text.ehci_do_urb
                0x000000008000a7f4      0x394 /usr/local/xenon/usr/lib/libxenon.a(tinyehci.o)
                0x000000008000a7f4                ehci_do_urb
 .text.ehci_control_message
                0x000000008000ab88       0x84 /usr/local/xenon/usr/lib/libxenon.a(tinyehci.o)
                0x000000008000ab88                ehci_control_message
 .text.ehci_bulk_message
                0x000000008000ac0c       0x48 /usr/local/xenon/usr/lib/libxenon.a(tinyehci.o)
                0x000000008000ac0c                ehci_bulk_message
 .text.__send_cbw
                0x000000008000ac54      0x104 /usr/local/xenon/usr/lib/libxenon.a(tinyehci.o)
 .text.ehci_reset_port_old
                0x000000008000ad58      0x19c /usr/local/xenon/usr/lib/libxenon.a(tinyehci.o)
                0x000000008000ad58                ehci_reset_port_old
 .text.ehci_adquire_port
                0x000000008000aef4       0xa8 /usr/local/xenon/usr/lib/libxenon.a(tinyehci.o)
                0x000000008000aef4                ehci_adquire_port
 .text.ehci_reset_usb_port
                0x000000008000af9c      0x170 /usr/local/xenon/usr/lib/libxenon.a(tinyehci.o)
                0x000000008000af9c                ehci_reset_usb_port
 .text.ehci_reset_port2
                0x000000008000b10c       0x64 /usr/local/xenon/usr/lib/libxenon.a(tinyehci.o)
                0x000000008000b10c                ehci_reset_port2
 .text.USB_FreeDescriptors
                0x000000008000b170       0xc4 /usr/local/xenon/usr/lib/libxenon.a(tinyehci.o)
                0x000000008000b170                USB_FreeDescriptors
 .text.USB_GetDescriptors
                0x000000008000b234      0x358 /usr/local/xenon/usr/lib/libxenon.a(tinyehci.o)
                0x000000008000b234                USB_GetDescriptors
 .text.USB_GetConfiguration
                0x000000008000b58c       0x80 /usr/local/xenon/usr/lib/libxenon.a(tinyehci.o)
                0x000000008000b58c                USB_GetConfiguration
 .text.USB_SetConfiguration
                0x000000008000b60c       0x1c /usr/local/xenon/usr/lib/libxenon.a(tinyehci.o)
                0x000000008000b60c                USB_SetConfiguration
 .text.USB_SetAlternativeInterface
                0x000000008000b628       0x28 /usr/local/xenon/usr/lib/libxenon.a(tinyehci.o)
                0x000000008000b628                USB_SetAlternativeInterface
 .text.USB_ClearHalt
                0x000000008000b650       0x1c /usr/local/xenon/usr/lib/libxenon.a(tinyehci.o)
                0x000000008000b650                USB_ClearHalt
 .text.ehci_init_port
                0x000000008000b66c      0x148 /usr/local/xenon/usr/lib/libxenon.a(tinyehci.o)
                0x000000008000b66c                ehci_init_port
 .text.ehci_reset_port
                0x000000008000b7b4       0x50 /usr/local/xenon/usr/lib/libxenon.a(tinyehci.o)
                0x000000008000b7b4                ehci_reset_port
 .text.ehci_reset_device
                0x000000008000b804        0x8 /usr/local/xenon/usr/lib/libxenon.a(tinyehci.o)
                0x000000008000b804                ehci_reset_device
 .text.ehci_discover
                0x000000008000b80c       0x54 /usr/local/xenon/usr/lib/libxenon.a(tinyehci.o)
                0x000000008000b80c                ehci_discover
 .text.EHCI_do_one
                0x000000008000b860      0x11c /usr/local/xenon/usr/lib/libxenon.a(tinyehci.o)
 .text.find_ehci_data
                0x000000008000b97c       0x3c /usr/local/xenon/usr/lib/libxenon.a(tinyehci.o)
                0x000000008000b97c                find_ehci_data
 .text.USBStorage_Close
                0x000000008000b9b8       0x40 /usr/local/xenon/usr/lib/libxenon.a(tinyehci.o)
                0x000000008000b9b8                USBStorage_Close
 .text.USBStorage_ReadCapacity
                0x000000008000b9f8       0xbc /usr/local/xenon/usr/lib/libxenon.a(tinyehci.o)
                0x000000008000b9f8                USBStorage_ReadCapacity
 .text.USBStorage_MountLUN
                0x000000008000bab4      0x1bc /usr/local/xenon/usr/lib/libxenon.a(tinyehci.o)
                0x000000008000bab4                USBStorage_MountLUN
 .text.__usbstorage_reset.isra.0
                0x000000008000bc70      0x19c /usr/local/xenon/usr/lib/libxenon.a(tinyehci.o)
 .text.USBStorage_Open
                0x000000008000be0c      0x308 /usr/local/xenon/usr/lib/libxenon.a(tinyehci.o)
                0x000000008000be0c                USBStorage_Open
 .text.__cycle.constprop.0
                0x000000008000c114      0x2a8 /usr/local/xenon/usr/lib/libxenon.a(tinyehci.o)
 .text.USBStorage_Inquiry
                0x000000008000c3bc       0x94 /usr/local/xenon/usr/lib/libxenon.a(tinyehci.o)
                0x000000008000c3bc                USBStorage_Inquiry
 .text.USBStorage_Read
                0x000000008000c450      0x128 /usr/local/xenon/usr/lib/libxenon.a(tinyehci.o)
                0x000000008000c450                USBStorage_Read
 .text.USBStorage_Write
                0x000000008000c578      0x128 /usr/local/xenon/usr/lib/libxenon.a(tinyehci.o)
                0x000000008000c578                USBStorage_Write
 .text.USBStorage_Try_Device
                0x000000008000c6a0      0x14c /usr/local/xenon/usr/lib/libxenon.a(tinyehci.o)
                0x000000008000c6a0                USBStorage_Try_Device
 .text.USBStorage_Init
                0x000000008000c7ec      0x210 /usr/local/xenon/usr/lib/libxenon.a(tinyehci.o)
                0x000000008000c7ec                USBStorage_Init
 .text.USBStorage_Get_Capacity
                0x000000008000c9fc       0x6c /usr/local/xenon/usr/lib/libxenon.a(tinyehci.o)
                0x000000008000c9fc                USBStorage_Get_Capacity
 .text.USBStorage_devsectors_0
                0x000000008000ca68       0x28 /usr/local/xenon/usr/lib/libxenon.a(tinyehci.o)
                0x000000008000ca68                USBStorage_devsectors_0
 .text.USBStorage_devsectors_1
                0x000000008000ca90       0x28 /usr/local/xenon/usr/lib/libxenon.a(tinyehci.o)
                0x000000008000ca90                USBStorage_devsectors_1
 .text.USBStorage_devsectors_2
                0x000000008000cab8       0x28 /usr/local/xenon/usr/lib/libxenon.a(tinyehci.o)
                0x000000008000cab8                USBStorage_devsectors_2
 .text.unplug_procedure
                0x000000008000cae0       0xd4 /usr/local/xenon/usr/lib/libxenon.a(tinyehci.o)
                0x000000008000cae0                unplug_procedure
 .text.USBStorage_Read_Sectors
                0x000000008000cbb4      0x110 /usr/local/xenon/usr/lib/libxenon.a(tinyehci.o)
                0x000000008000cbb4                USBStorage_Read_Sectors
 .text.USBStorage_Read_Sectors_0
                0x000000008000ccc4       0x14 /usr/local/xenon/usr/lib/libxenon.a(tinyehci.o)
                0x000000008000ccc4                USBStorage_Read_Sectors_0
 .text.USBStorage_Read_Sectors_1
                0x000000008000ccd8       0x14 /usr/local/xenon/usr/lib/libxenon.a(tinyehci.o)
                0x000000008000ccd8                USBStorage_Read_Sectors_1
 .text.USBStorage_Read_Sectors_2
                0x000000008000ccec       0x14 /usr/local/xenon/usr/lib/libxenon.a(tinyehci.o)
                0x000000008000ccec                USBStorage_Read_Sectors_2
 .text.USBStorage_Write_Sectors
                0x000000008000cd00      0x110 /usr/local/xenon/usr/lib/libxenon.a(tinyehci.o)
                0x000000008000cd00                USBStorage_Write_Sectors
 .text.USBStorage_Write_Sectors_0
                0x000000008000ce10       0x14 /usr/local/xenon/usr/lib/libxenon.a(tinyehci.o)
                0x000000008000ce10                USBStorage_Write_Sectors_0
 .text.USBStorage_Write_Sectors_1
                0x000000008000ce24       0x14 /usr/local/xenon/usr/lib/libxenon.a(tinyehci.o)
                0x000000008000ce24                USBStorage_Write_Sectors_1
 .text.USBStorage_Write_Sectors_2
                0x000000008000ce38       0x14 /usr/local/xenon/usr/lib/libxenon.a(tinyehci.o)
                0x000000008000ce38                USBStorage_Write_Sectors_2
 .text.EHCI_Init
                0x000000008000ce4c       0x50 /usr/local/xenon/usr/lib/libxenon.a(tinyehci.o)
                0x000000008000ce4c                EHCI_Init
 .text.data_breakpoint
                0x000000008000ce9c       0x38 /usr/local/xenon/usr/lib/libxenon.a(debug.o)
                0x000000008000ce9c                data_breakpoint
 .text.uprintf  0x000000008000ced4       0x94 /usr/local/xenon/usr/lib/libxenon.a(xenon_smc.o)
                0x000000008000ced4                uprintf
 .text.xenon_smc_send_message
                0x000000008000cf68       0x50 /usr/local/xenon/usr/lib/libxenon.a(xenon_smc.o)
                0x000000008000cf68                xenon_smc_send_message
 .text.xenon_smc_receive_message
                0x000000008000cfb8       0x58 /usr/local/xenon/usr/lib/libxenon.a(xenon_smc.o)
                0x000000008000cfb8                xenon_smc_receive_message
 .text.xenon_smc_handle_bulk
                0x000000008000d010       0x6c /usr/local/xenon/usr/lib/libxenon.a(xenon_smc.o)
                0x000000008000d010                xenon_smc_handle_bulk
 .text.xenon_smc_receive_response
                0x000000008000d07c       0x44 /usr/local/xenon/usr/lib/libxenon.a(xenon_smc.o)
                0x000000008000d07c                xenon_smc_receive_response
 .text.xenon_smc_ana_write
                0x000000008000d0c0       0x84 /usr/local/xenon/usr/lib/libxenon.a(xenon_smc.o)
                0x000000008000d0c0                xenon_smc_ana_write
 .text.xenon_smc_ana_read
                0x000000008000d144       0x8c /usr/local/xenon/usr/lib/libxenon.a(xenon_smc.o)
                0x000000008000d144                xenon_smc_ana_read
 .text.xenon_smc_i2c_ddc_lock
                0x000000008000d1d0       0x78 /usr/local/xenon/usr/lib/libxenon.a(xenon_smc.o)
                0x000000008000d1d0                xenon_smc_i2c_ddc_lock
 .text.xenon_smc_i2c_write
                0x000000008000d248       0xa8 /usr/local/xenon/usr/lib/libxenon.a(xenon_smc.o)
                0x000000008000d248                xenon_smc_i2c_write
 .text.xenon_smc_i2c_read
                0x000000008000d2f0       0xc0 /usr/local/xenon/usr/lib/libxenon.a(xenon_smc.o)
                0x000000008000d2f0                xenon_smc_i2c_read
 .text.xenon_smc_power_shutdown
                0x000000008000d3b0       0x38 /usr/local/xenon/usr/lib/libxenon.a(xenon_smc.o)
                0x000000008000d3b0                xenon_smc_power_shutdown
 .text.xenon_smc_power_reboot
                0x000000008000d3e8       0x3c /usr/local/xenon/usr/lib/libxenon.a(xenon_smc.o)
                0x000000008000d3e8                xenon_smc_power_reboot
 .text.xenon_smc_read_avpack
                0x000000008000d424       0x44 /usr/local/xenon/usr/lib/libxenon.a(xenon_smc.o)
                0x000000008000d424                xenon_smc_read_avpack
 .text.prepare_sleep
                0x000000008000d468       0x74 /usr/local/xenon/usr/lib/libxenon.a(xenon_power.o)
                0x000000008000d468                prepare_sleep
 .text.xenon_thread_sleep
                0x000000008000d4dc       0x58 /usr/local/xenon/usr/lib/libxenon.a(xenon_power.o)
                0x000000008000d4dc                xenon_thread_sleep
 .text.xenon_run_thread_task
                0x000000008000d534       0x38 /usr/local/xenon/usr/lib/libxenon.a(xenon_power.o)
                0x000000008000d534                xenon_run_thread_task
 .text.xenon_is_thread_task_running
                0x000000008000d56c       0x1c /usr/local/xenon/usr/lib/libxenon.a(xenon_power.o)
                0x000000008000d56c                xenon_is_thread_task_running
 .text.xenon_thread_startup
                0x000000008000d588       0x48 /usr/local/xenon/usr/lib/libxenon.a(xenon_power.o)
                0x000000008000d588                xenon_thread_startup
 .text.xenon_set_single_thread_mode
                0x000000008000d5d0       0x94 /usr/local/xenon/usr/lib/libxenon.a(xenon_power.o)
                0x000000008000d5d0                xenon_set_single_thread_mode
 .text.putch    0x000000008000d664       0x50 /usr/local/xenon/usr/lib/libxenon.a(xenon_uart.o)
                0x000000008000d664                putch
 .text.kbhit    0x000000008000d6b4       0x1c /usr/local/xenon/usr/lib/libxenon.a(xenon_uart.o)
                0x000000008000d6b4                kbhit
 .text.getch    0x000000008000d6d0       0x38 /usr/local/xenon/usr/lib/libxenon.a(xenon_uart.o)
                0x000000008000d6d0                getch
 .text.uart_puts
                0x000000008000d708       0x30 /usr/local/xenon/usr/lib/libxenon.a(xenon_uart.o)
                0x000000008000d708                uart_puts
 .text.xenon_config_init
                0x000000008000d738       0xa4 /usr/local/xenon/usr/lib/libxenon.a(xenon_config.o)
                0x000000008000d738                xenon_config_init
 .text.xenon_config_get_avregion
                0x000000008000d7dc       0x90 /usr/local/xenon/usr/lib/libxenon.a(xenon_config.o)
                0x000000008000d7dc                xenon_config_get_avregion
 .text.xenos_ana_write
                0x000000008000d86c       0xac /usr/local/xenon/usr/lib/libxenon.a(xenos.o)
 .text.xenos_init_ana_new
                0x000000008000d918      0x53c /usr/local/xenon/usr/lib/libxenon.a(xenos.o)
                0x000000008000d918                xenos_init_ana_new
 .text.xenos_init_phase0
                0x000000008000de54       0xa4 /usr/local/xenon/usr/lib/libxenon.a(xenos.o)
                0x000000008000de54                xenos_init_phase0
 .text.xenos_init_phase1
                0x000000008000def8      0x328 /usr/local/xenon/usr/lib/libxenon.a(xenos.o)
                0x000000008000def8                xenos_init_phase1
 .text.xenos_ana_preinit
                0x000000008000e220       0xcc /usr/local/xenon/usr/lib/libxenon.a(xenos.o)
                0x000000008000e220                xenos_ana_preinit
 .text.xenos_set_mode_f1
                0x000000008000e2ec       0xf8 /usr/local/xenon/usr/lib/libxenon.a(xenos.o)
                0x000000008000e2ec                xenos_set_mode_f1
 .text.xenos_set_mode_f2
                0x000000008000e3e4      0x24c /usr/local/xenon/usr/lib/libxenon.a(xenos.o)
                0x000000008000e3e4                xenos_set_mode_f2
 .text.xenos_set_mode
                0x000000008000e630      0x2c8 /usr/local/xenon/usr/lib/libxenon.a(xenos.o)
                0x000000008000e630                xenos_set_mode
 .text.xenos_hdmi_vga_mode_fix
                0x000000008000e8f8       0x40 /usr/local/xenon/usr/lib/libxenon.a(xenos.o)
                0x000000008000e8f8                xenos_hdmi_vga_mode_fix
 .text.xenos_autoset_mode
                0x000000008000e938      0x148 /usr/local/xenon/usr/lib/libxenon.a(xenos.o)
                0x000000008000e938                xenos_autoset_mode
 .text.xenos_init
                0x000000008000ea80      0x144 /usr/local/xenon/usr/lib/libxenon.a(xenos.o)
                0x000000008000ea80                xenos_init
 .text.xenos_is_overscan
                0x000000008000ebc4       0x38 /usr/local/xenon/usr/lib/libxenon.a(xenos.o)
                0x000000008000ebc4                xenos_is_overscan
 .text.xenos_is_initialized
                0x000000008000ebfc       0x14 /usr/local/xenon/usr/lib/libxenon.a(xenos.o)
                0x000000008000ebfc                xenos_is_initialized
 .text.xenos_do_probe_ddc_edid
                0x000000008000ec10      0x194 /usr/local/xenon/usr/lib/libxenon.a(xenos_edid.o)
                0x000000008000ec10                xenos_do_probe_ddc_edid
 .text.xenos_ddc_read_edid
                0x000000008000eda4      0x138 /usr/local/xenon/usr/lib/libxenon.a(xenos_edid.o)
 .text.xenos_get_edid
                0x000000008000eedc       0xa4 /usr/local/xenon/usr/lib/libxenon.a(xenos_edid.o)
                0x000000008000eedc                xenos_get_edid
 .text.xenos_detect_hdmi_monitor
                0x000000008000ef80       0xd8 /usr/local/xenon/usr/lib/libxenon.a(xenos_edid.o)
                0x000000008000ef80                xenos_detect_hdmi_monitor
 .text.enet_poll
                0x000000008000f058      0x1f8 /usr/local/xenon/usr/lib/libxenon.a(enet.o)
                0x000000008000f058                enet_poll
 .text.enet_quiesce
                0x000000008000f250       0x18 /usr/local/xenon/usr/lib/libxenon.a(enet.o)
                0x000000008000f250                enet_quiesce
 .text.elf_runFromMemory
                0x000000008000f268      0x244 /usr/local/xenon/usr/lib/libxenon.a(elf.o)
                0x000000008000f268                elf_runFromMemory
 .text.elf_runFromDisk
                0x000000008000f4ac       0x8c /usr/local/xenon/usr/lib/libxenon.a(elf.o)
                0x000000008000f4ac                elf_runFromDisk
 .text.xenon_get_DVE
                0x000000008000f538       0x34 /usr/local/xenon/usr/lib/libxenon.a(xb360.o)
                0x000000008000f538                xenon_get_DVE
 .text.xenon_get_PCIBridgeRevisionID
                0x000000008000f56c       0x14 /usr/local/xenon/usr/lib/libxenon.a(xb360.o)
                0x000000008000f56c                xenon_get_PCIBridgeRevisionID
 .text.xenon_get_XenosID
                0x000000008000f580       0x10 /usr/local/xenon/usr/lib/libxenon.a(xb360.o)
                0x000000008000f580                xenon_get_XenosID
 .text.xenon_get_console_type
                0x000000008000f590       0xe0 /usr/local/xenon/usr/lib/libxenon.a(xb360.o)
                0x000000008000f590                xenon_get_console_type
 .text.xenon_logical_nand_data_ok
                0x000000008000f670       0x18 /usr/local/xenon/usr/lib/libxenon.a(xb360.o)
                0x000000008000f670                xenon_logical_nand_data_ok
 .text.xenon_get_logical_nand_data
                0x000000008000f688       0x50 /usr/local/xenon/usr/lib/libxenon.a(xb360.o)
                0x000000008000f688                xenon_get_logical_nand_data
 .text.telnet_recv
                0x000000008000f6d8        0x8 /usr/local/xenon/usr/lib/libxenon.a(telnet_console.o)
 .text.telnet_accept
                0x000000008000f6e0       0x68 /usr/local/xenon/usr/lib/libxenon.a(telnet_console.o)
 .text.telnet_err
                0x000000008000f748       0x10 /usr/local/xenon/usr/lib/libxenon.a(telnet_console.o)
 .text.telnet_console_tx_print
                0x000000008000f758       0xe0 /usr/local/xenon/usr/lib/libxenon.a(telnet_console.o)
                0x000000008000f758                telnet_console_tx_print
 .text.telnet_console_init
                0x000000008000f838       0x70 /usr/local/xenon/usr/lib/libxenon.a(telnet_console.o)
                0x000000008000f838                telnet_console_init
 .text.get_controller_data
                0x000000008000f8a8       0x5c /usr/local/xenon/usr/lib/libxenon.a(input.o)
                0x000000008000f8a8                get_controller_data
 .text.set_controller_data
                0x000000008000f904       0x50 /usr/local/xenon/usr/lib/libxenon.a(input.o)
                0x000000008000f904                set_controller_data
 .text.kfree    0x000000008000f954       0xb4 /usr/local/xenon/usr/lib/libxenon.a(lib_malloc.o)
                0x000000008000f954                kfree
 .text.lib_outofmemory
                0x000000008000fa08        0xc /usr/local/xenon/usr/lib/libxenon.a(lib_malloc.o)
                0x000000008000fa08                lib_outofmemory
 .text.kmalloc  0x000000008000fa14      0x130 /usr/local/xenon/usr/lib/libxenon.a(lib_malloc.o)
                0x000000008000fa14                kmalloc
 .text.kmem_init
                0x000000008000fb44       0x70 /usr/local/xenon/usr/lib/libxenon.a(lib_malloc.o)
                0x000000008000fb44                kmem_init
 .text._ohci_allocept
                0x000000008000fbb4       0x60 /usr/local/xenon/usr/lib/libxenon.a(ohci.o)
 .text._ohci_allocxfer
                0x000000008000fc14       0x54 /usr/local/xenon/usr/lib/libxenon.a(ohci.o)
 .text.ohci_stop
                0x000000008000fc68       0x14 /usr/local/xenon/usr/lib/libxenon.a(ohci.o)
 .text.ohci_delete
                0x000000008000fc7c        0x4 /usr/local/xenon/usr/lib/libxenon.a(ohci.o)
 .text.ohci_ept_cleartoggle
                0x000000008000fc80       0x44 /usr/local/xenon/usr/lib/libxenon.a(ohci.o)
 .text.ohci_ept_setaddr
                0x000000008000fcc4       0x38 /usr/local/xenon/usr/lib/libxenon.a(ohci.o)
 .text.ohci_ept_setmps
                0x000000008000fcfc       0x40 /usr/local/xenon/usr/lib/libxenon.a(ohci.o)
 .text._ohci_queueept
                0x000000008000fd3c       0x5c /usr/local/xenon/usr/lib/libxenon.a(ohci.o)
 .text.ohci_ept_create
                0x000000008000fd98      0x130 /usr/local/xenon/usr/lib/libxenon.a(ohci.o)
 .text.ohci_ept_delete
                0x000000008000fec8      0x1b4 /usr/local/xenon/usr/lib/libxenon.a(ohci.o)
 .text.ohci_start
                0x000000008001007c      0x194 /usr/local/xenon/usr/lib/libxenon.a(ohci.o)
 .text.ohci_roothub_strdscr
                0x0000000080010210       0x6c /usr/local/xenon/usr/lib/libxenon.a(ohci.o)
 .text.ohci_intr
                0x000000008001027c      0x1e0 /usr/local/xenon/usr/lib/libxenon.a(ohci.o)
 .text._ohci_dma_alloc
                0x000000008001045c       0x50 /usr/local/xenon/usr/lib/libxenon.a(ohci.o)
 .text.ohci_xfer
                0x00000000800104ac      0x754 /usr/local/xenon/usr/lib/libxenon.a(ohci.o)
 .text.ohci_create
                0x0000000080010c00      0x29c /usr/local/xenon/usr/lib/libxenon.a(ohci.o)
 .text.usbctrl_queue_intreq
                0x0000000080010e9c       0x4c /usr/local/xenon/usr/lib/libxenon.a(usbctrl.o)
 .text.usbctrl_set_led_callback
                0x0000000080010ee8       0x38 /usr/local/xenon/usr/lib/libxenon.a(usbctrl.o)
 .text.usbctrl_set_rol
                0x0000000080010f20       0x2c /usr/local/xenon/usr/lib/libxenon.a(usbctrl.o)
                0x0000000080010f20                usbctrl_set_rol
 .text.usbctrl_detach
                0x0000000080010f4c       0x88 /usr/local/xenon/usr/lib/libxenon.a(usbctrl.o)
 .text.usbctrl_set_leds
                0x0000000080010fd4      0x108 /usr/local/xenon/usr/lib/libxenon.a(usbctrl.o)
                0x0000000080010fd4                usbctrl_set_leds
 .text.usbctrl_ireq_callback
                0x00000000800110dc      0x250 /usr/local/xenon/usr/lib/libxenon.a(usbctrl.o)
 .text.usbctrl_poll
                0x000000008001132c       0xb0 /usr/local/xenon/usr/lib/libxenon.a(usbctrl.o)
                0x000000008001132c                usbctrl_poll
 .text.usbctrl_attach
                0x00000000800113dc      0x2f8 /usr/local/xenon/usr/lib/libxenon.a(usbctrl.o)
 .text.usb_create_pipe
                0x00000000800116d4       0xcc /usr/local/xenon/usr/lib/libxenon.a(usbd.o)
                0x00000000800116d4                usb_create_pipe
 .text.usb_open_pipe
                0x00000000800117a0       0x78 /usr/local/xenon/usr/lib/libxenon.a(usbd.o)
                0x00000000800117a0                usb_open_pipe
 .text.usb_destroy_all_pipes
                0x0000000080011818       0x70 /usr/local/xenon/usr/lib/libxenon.a(usbd.o)
                0x0000000080011818                usb_destroy_all_pipes
 .text.usb_destroy_device
                0x0000000080011888       0x50 /usr/local/xenon/usr/lib/libxenon.a(usbd.o)
                0x0000000080011888                usb_destroy_device
 .text.usb_create_device
                0x00000000800118d8       0x78 /usr/local/xenon/usr/lib/libxenon.a(usbd.o)
                0x00000000800118d8                usb_create_device
 .text.usb_make_request
                0x0000000080011950       0x8c /usr/local/xenon/usr/lib/libxenon.a(usbd.o)
                0x0000000080011950                usb_make_request
 .text.usb_poll
                0x00000000800119dc       0x10 /usr/local/xenon/usr/lib/libxenon.a(usbd.o)
                0x00000000800119dc                usb_poll
 .text.usb_daemon
                0x00000000800119ec       0x18 /usr/local/xenon/usr/lib/libxenon.a(usbd.o)
                0x00000000800119ec                usb_daemon
 .text.usb_free_request
                0x0000000080011a04       0x28 /usr/local/xenon/usr/lib/libxenon.a(usbd.o)
                0x0000000080011a04                usb_free_request
 .text.usb_delay_ms
                0x0000000080011a2c        0x8 /usr/local/xenon/usr/lib/libxenon.a(usbd.o)
                0x0000000080011a2c                usb_delay_ms
 .text.usb_queue_request
                0x0000000080011a34       0x34 /usr/local/xenon/usr/lib/libxenon.a(usbd.o)
                0x0000000080011a34                usb_queue_request
 .text.usb_wait_request
                0x0000000080011a68       0x3c /usr/local/xenon/usr/lib/libxenon.a(usbd.o)
                0x0000000080011a68                usb_wait_request
 .text.usb_sync_request
                0x0000000080011aa4       0x30 /usr/local/xenon/usr/lib/libxenon.a(usbd.o)
                0x0000000080011aa4                usb_sync_request
 .text.usb_new_address
                0x0000000080011ad4       0x34 /usr/local/xenon/usr/lib/libxenon.a(usbd.o)
                0x0000000080011ad4                usb_new_address
 .text.usb_set_ep0mps
                0x0000000080011b08       0x58 /usr/local/xenon/usr/lib/libxenon.a(usbd.o)
                0x0000000080011b08                usb_set_ep0mps
 .text.usb_clear_stall
                0x0000000080011b60       0xf0 /usr/local/xenon/usr/lib/libxenon.a(usbd.o)
                0x0000000080011b60                usb_clear_stall
 .text.usb_std_request
                0x0000000080011c50      0x234 /usr/local/xenon/usr/lib/libxenon.a(usbd.o)
                0x0000000080011c50                usb_std_request
 .text.usb_simple_request
                0x0000000080011e84       0x18 /usr/local/xenon/usr/lib/libxenon.a(usbd.o)
                0x0000000080011e84                usb_simple_request
 .text.usb_set_configuration
                0x0000000080011e9c       0x14 /usr/local/xenon/usr/lib/libxenon.a(usbd.o)
                0x0000000080011e9c                usb_set_configuration
 .text.usb_set_address
                0x0000000080011eb0       0x98 /usr/local/xenon/usr/lib/libxenon.a(usbd.o)
                0x0000000080011eb0                usb_set_address
 .text.usb_get_descriptor
                0x0000000080011f48       0x20 /usr/local/xenon/usr/lib/libxenon.a(usbd.o)
                0x0000000080011f48                usb_get_descriptor
 .text.usb_get_string
                0x0000000080011f68       0xfc /usr/local/xenon/usr/lib/libxenon.a(usbd.o)
                0x0000000080011f68                usb_get_string
 .text.usb_get_device_descriptor
                0x0000000080012064       0x90 /usr/local/xenon/usr/lib/libxenon.a(usbd.o)
                0x0000000080012064                usb_get_device_descriptor
 .text.usb_get_config_descriptor
                0x00000000800120f4       0x8c /usr/local/xenon/usr/lib/libxenon.a(usbd.o)
                0x00000000800120f4                usb_get_config_descriptor
 .text.usb_get_device_status
                0x0000000080012180       0x1c /usr/local/xenon/usr/lib/libxenon.a(usbd.o)
                0x0000000080012180                usb_get_device_status
 .text.usb_complete_request
                0x000000008001219c       0x20 /usr/local/xenon/usr/lib/libxenon.a(usbd.o)
                0x000000008001219c                usb_complete_request
 .text.usb_initroot
                0x00000000800121bc      0x148 /usr/local/xenon/usr/lib/libxenon.a(usbd.o)
                0x00000000800121bc                usb_initroot
 .text.usb_find_cfg_descr
                0x0000000080012304       0x4c /usr/local/xenon/usr/lib/libxenon.a(usbd.o)
                0x0000000080012304                usb_find_cfg_descr
 .text.usb_find_driver
                0x0000000080012350      0x148 /usr/local/xenon/usr/lib/libxenon.a(usbdevs.o)
                0x0000000080012350                usb_find_driver
 .text.usbhid_detach
                0x0000000080012498        0x8 /usr/local/xenon/usr/lib/libxenon.a(usbhid.o)
 .text.usbhid_attach
                0x00000000800124a0      0x160 /usr/local/xenon/usr/lib/libxenon.a(usbhid.o)
 .text.usbhid_ireq_callback
                0x0000000080012600      0x178 /usr/local/xenon/usr/lib/libxenon.a(usbhid.o)
 .text.usbhub_markdetached1
                0x0000000080012778       0x14 /usr/local/xenon/usr/lib/libxenon.a(usbhub.o)
 .text.usbhub_get_port_status
                0x000000008001278c       0x1c /usr/local/xenon/usr/lib/libxenon.a(usbhub.o)
 .text.usbhub_ireq_callback
                0x00000000800127a8       0x88 /usr/local/xenon/usr/lib/libxenon.a(usbhub.o)
 .text.usbhub_map_tree1
                0x0000000080012830       0x78 /usr/local/xenon/usr/lib/libxenon.a(usbhub.o)
 .text.usbhub_detach
                0x00000000800128a8      0x148 /usr/local/xenon/usr/lib/libxenon.a(usbhub.o)
 .text.usbhub_attach
                0x00000000800129f0      0x194 /usr/local/xenon/usr/lib/libxenon.a(usbhub.o)
 .text.usbhub_map_tree
                0x0000000080012b84       0x14 /usr/local/xenon/usr/lib/libxenon.a(usbhub.o)
                0x0000000080012b84                usbhub_map_tree
 .text.usbhub_map_from_device
                0x0000000080012b98       0x10 /usr/local/xenon/usr/lib/libxenon.a(usbhub.o)
                0x0000000080012b98                usbhub_map_from_device
 .text.usbhub_scan1
                0x0000000080012ba8      0x52c /usr/local/xenon/usr/lib/libxenon.a(usbhub.o)
 .text.usb_scan
                0x00000000800130d4       0x10 /usr/local/xenon/usr/lib/libxenon.a(usbhub.o)
                0x00000000800130d4                usb_scan
 .text.ehci_maligned
                0x00000000800130e4       0x88 /usr/local/xenon/usr/lib/libxenon.a(usb_os.o)
                0x00000000800130e4                ehci_maligned
 .text.ehci_virt_to_dma
                0x000000008001316c        0x8 /usr/local/xenon/usr/lib/libxenon.a(usb_os.o)
                0x000000008001316c                ehci_virt_to_dma
 .text.ehci_dma_map_to
                0x0000000080013174       0x24 /usr/local/xenon/usr/lib/libxenon.a(usb_os.o)
                0x0000000080013174                ehci_dma_map_to
 .text.ehci_dma_map_from
                0x0000000080013198       0x24 /usr/local/xenon/usr/lib/libxenon.a(usb_os.o)
                0x0000000080013198                ehci_dma_map_from
 .text.ehci_dma_map_bidir
                0x00000000800131bc       0x24 /usr/local/xenon/usr/lib/libxenon.a(usb_os.o)
                0x00000000800131bc                ehci_dma_map_bidir
 .text.ehci_dma_unmap_to
                0x00000000800131e0        0x8 /usr/local/xenon/usr/lib/libxenon.a(usb_os.o)
                0x00000000800131e0                ehci_dma_unmap_to
 .text.ehci_dma_unmap_from
                0x00000000800131e8        0x4 /usr/local/xenon/usr/lib/libxenon.a(usb_os.o)
                0x00000000800131e8                ehci_dma_unmap_from
 .text.ehci_dma_unmap_bidir
                0x00000000800131ec        0x4 /usr/local/xenon/usr/lib/libxenon.a(usb_os.o)
                0x00000000800131ec                ehci_dma_unmap_bidir
 .text.ehci_usleep
                0x00000000800131f0        0x4 /usr/local/xenon/usr/lib/libxenon.a(usb_os.o)
                0x00000000800131f0                ehci_usleep
 .text.ehci_msleep
                0x00000000800131f4        0x4 /usr/local/xenon/usr/lib/libxenon.a(usb_os.o)
                0x00000000800131f4                ehci_msleep
 .text.USB_Alloc
                0x00000000800131f8        0x4 /usr/local/xenon/usr/lib/libxenon.a(usb_os.o)
                0x00000000800131f8                USB_Alloc
 .text.USB_Free
                0x00000000800131fc        0x4 /usr/local/xenon/usr/lib/libxenon.a(usb_os.o)
                0x00000000800131fc                USB_Free
 .text.xenon_gpio_set_oe
                0x0000000080013200       0x1c /usr/local/xenon/usr/lib/libxenon.a(xenon_gpio.o)
                0x0000000080013200                xenon_gpio_set_oe
 .text.xenon_gpio_set
                0x000000008001321c       0x1c /usr/local/xenon/usr/lib/libxenon.a(xenon_gpio.o)
                0x000000008001321c                xenon_gpio_set
 .text          0x0000000080013238       0x3c /usr/local/xenon/usr/lib/libxenon.a(cpusleep.o)
                0x0000000080013238                cpusleep
 .text.sfcx_readreg
                0x0000000080013274       0x10 /usr/local/xenon/usr/lib/libxenon.a(xenon_sfcx.o)
                0x0000000080013274                sfcx_readreg
 .text.sfcx_init
                0x0000000080013284      0x2ec /usr/local/xenon/usr/lib/libxenon.a(xenon_sfcx.o)
                0x0000000080013284                sfcx_init
 .text.mem_free
                0x0000000080013570      0x1f4 /usr/local/xenon/usr/lib/libxenon.a(mem.o)
                0x0000000080013570                mem_free
 .text.mem_trim
                0x0000000080013764      0x198 /usr/local/xenon/usr/lib/libxenon.a(mem.o)
                0x0000000080013764                mem_trim
 .text.mem_malloc
                0x00000000800138fc      0x1e8 /usr/local/xenon/usr/lib/libxenon.a(mem.o)
                0x00000000800138fc                mem_malloc
 .text.pbuf_alloced_custom
                0x0000000080013ae4       0x94 /usr/local/xenon/usr/lib/libxenon.a(pbuf.o)
                0x0000000080013ae4                pbuf_alloced_custom
 .text.pbuf_header
                0x0000000080013b78      0x12c /usr/local/xenon/usr/lib/libxenon.a(pbuf.o)
                0x0000000080013b78                pbuf_header
 .text.pbuf_free
                0x0000000080013ca4      0x150 /usr/local/xenon/usr/lib/libxenon.a(pbuf.o)
                0x0000000080013ca4                pbuf_free
 .text.pbuf_alloc
                0x0000000080013df4      0x2b8 /usr/local/xenon/usr/lib/libxenon.a(pbuf.o)
                0x0000000080013df4                pbuf_alloc
 .text.pbuf_realloc
                0x00000000800140ac      0x170 /usr/local/xenon/usr/lib/libxenon.a(pbuf.o)
                0x00000000800140ac                pbuf_realloc
 .text.pbuf_clen
                0x000000008001421c       0x20 /usr/local/xenon/usr/lib/libxenon.a(pbuf.o)
                0x000000008001421c                pbuf_clen
 .text.pbuf_ref
                0x000000008001423c       0x18 /usr/local/xenon/usr/lib/libxenon.a(pbuf.o)
                0x000000008001423c                pbuf_ref
 .text.pbuf_cat
                0x0000000080014254       0xa8 /usr/local/xenon/usr/lib/libxenon.a(pbuf.o)
                0x0000000080014254                pbuf_cat
 .text.pbuf_chain
                0x00000000800142fc       0x30 /usr/local/xenon/usr/lib/libxenon.a(pbuf.o)
                0x00000000800142fc                pbuf_chain
 .text.pbuf_copy
                0x000000008001432c      0x1d8 /usr/local/xenon/usr/lib/libxenon.a(pbuf.o)
                0x000000008001432c                pbuf_copy
 .text.pbuf_copy_partial
                0x0000000080014504       0xf4 /usr/local/xenon/usr/lib/libxenon.a(pbuf.o)
                0x0000000080014504                pbuf_copy_partial
 .text.tcp_accept_null
                0x00000000800145f8        0x8 /usr/local/xenon/usr/lib/libxenon.a(tcp.o)
 .text.tcp_new_port
                0x0000000080014600       0x94 /usr/local/xenon/usr/lib/libxenon.a(tcp.o)
 .text.tcp_bind
                0x0000000080014694      0x110 /usr/local/xenon/usr/lib/libxenon.a(tcp.o)
                0x0000000080014694                tcp_bind
 .text.tcp_listen_with_backlog
                0x00000000800147a4      0x14c /usr/local/xenon/usr/lib/libxenon.a(tcp.o)
                0x00000000800147a4                tcp_listen_with_backlog
 .text.tcp_update_rcv_ann_wnd
                0x00000000800148f0       0x98 /usr/local/xenon/usr/lib/libxenon.a(tcp.o)
                0x00000000800148f0                tcp_update_rcv_ann_wnd
 .text.tcp_recved
                0x0000000080014988       0xd4 /usr/local/xenon/usr/lib/libxenon.a(tcp.o)
                0x0000000080014988                tcp_recved
 .text.tcp_seg_free
                0x0000000080014a5c       0x4c /usr/local/xenon/usr/lib/libxenon.a(tcp.o)
                0x0000000080014a5c                tcp_seg_free
 .text.tcp_segs_free
                0x0000000080014aa8       0x34 /usr/local/xenon/usr/lib/libxenon.a(tcp.o)
                0x0000000080014aa8                tcp_segs_free
 .text.tcp_seg_copy
                0x0000000080014adc       0x48 /usr/local/xenon/usr/lib/libxenon.a(tcp.o)
                0x0000000080014adc                tcp_seg_copy
 .text.tcp_arg  0x0000000080014b24        0x8 /usr/local/xenon/usr/lib/libxenon.a(tcp.o)
                0x0000000080014b24                tcp_arg
 .text.tcp_recv
                0x0000000080014b2c       0x40 /usr/local/xenon/usr/lib/libxenon.a(tcp.o)
                0x0000000080014b2c                tcp_recv
 .text.tcp_err  0x0000000080014b6c       0x40 /usr/local/xenon/usr/lib/libxenon.a(tcp.o)
                0x0000000080014b6c                tcp_err
 .text.tcp_accept
                0x0000000080014bac        0x8 /usr/local/xenon/usr/lib/libxenon.a(tcp.o)
                0x0000000080014bac                tcp_accept
 .text.tcp_pcb_purge
                0x0000000080014bb4       0x84 /usr/local/xenon/usr/lib/libxenon.a(tcp.o)
                0x0000000080014bb4                tcp_pcb_purge
 .text.tcp_slowtmr
                0x0000000080014c38      0x594 /usr/local/xenon/usr/lib/libxenon.a(tcp.o)
                0x0000000080014c38                tcp_slowtmr
 .text.tcp_pcb_remove
                0x00000000800151cc      0x15c /usr/local/xenon/usr/lib/libxenon.a(tcp.o)
                0x00000000800151cc                tcp_pcb_remove
 .text.tcp_close_shutdown
                0x0000000080015328      0x278 /usr/local/xenon/usr/lib/libxenon.a(tcp.o)
 .text.tcp_close
                0x00000000800155a0       0x20 /usr/local/xenon/usr/lib/libxenon.a(tcp.o)
                0x00000000800155a0                tcp_close
 .text.tcp_recv_null
                0x00000000800155c0       0x54 /usr/local/xenon/usr/lib/libxenon.a(tcp.o)
                0x00000000800155c0                tcp_recv_null
 .text.tcp_process_refused_data
                0x0000000080015614       0xd0 /usr/local/xenon/usr/lib/libxenon.a(tcp.o)
                0x0000000080015614                tcp_process_refused_data
 .text.tcp_fasttmr
                0x00000000800156e4       0xb0 /usr/local/xenon/usr/lib/libxenon.a(tcp.o)
                0x00000000800156e4                tcp_fasttmr
 .text.tcp_tmr  0x0000000080015794       0x4c /usr/local/xenon/usr/lib/libxenon.a(tcp.o)
                0x0000000080015794                tcp_tmr
 .text.tcp_abandon
                0x00000000800157e0      0x160 /usr/local/xenon/usr/lib/libxenon.a(tcp.o)
                0x00000000800157e0                tcp_abandon
 .text.tcp_abort
                0x0000000080015940        0x8 /usr/local/xenon/usr/lib/libxenon.a(tcp.o)
                0x0000000080015940                tcp_abort
 .text.tcp_next_iss
                0x0000000080015948       0x1c /usr/local/xenon/usr/lib/libxenon.a(tcp.o)
                0x0000000080015948                tcp_next_iss
 .text.tcp_alloc
                0x0000000080015964      0x1c8 /usr/local/xenon/usr/lib/libxenon.a(tcp.o)
                0x0000000080015964                tcp_alloc
 .text.tcp_new  0x0000000080015b2c        0x8 /usr/local/xenon/usr/lib/libxenon.a(tcp.o)
                0x0000000080015b2c                tcp_new
 .text.tcp_eff_send_mss
                0x0000000080015b34       0x58 /usr/local/xenon/usr/lib/libxenon.a(tcp.o)
                0x0000000080015b34                tcp_eff_send_mss
 .text.ip4_addr_isbroadcast
                0x0000000080015b8c       0x58 /usr/local/xenon/usr/lib/libxenon.a(ip_addr.o)
                0x0000000080015b8c                ip4_addr_isbroadcast
 .text.ip_route
                0x0000000080015be4       0x7c /usr/local/xenon/usr/lib/libxenon.a(ip.o)
                0x0000000080015be4                ip_route
 .text.ip_input
                0x0000000080015c60      0x2d0 /usr/local/xenon/usr/lib/libxenon.a(ip.o)
                0x0000000080015c60                ip_input
 .text.ip_output_if
                0x0000000080015f30      0x1dc /usr/local/xenon/usr/lib/libxenon.a(ip.o)
                0x0000000080015f30                ip_output_if
 .text.ip_output
                0x000000008001610c       0xc8 /usr/local/xenon/usr/lib/libxenon.a(ip.o)
                0x000000008001610c                ip_output
 .text.ip_reass_dequeue_datagram
                0x00000000800161d4       0x64 /usr/local/xenon/usr/lib/libxenon.a(ip_frag.o)
 .text.ip_reass_free_complete_datagram
                0x0000000080016238      0x180 /usr/local/xenon/usr/lib/libxenon.a(ip_frag.o)
 .text.ip_reass_remove_oldest_datagram
                0x00000000800163b8       0xd0 /usr/local/xenon/usr/lib/libxenon.a(ip_frag.o)
 .text.ipfrag_free_pbuf_custom
                0x0000000080016488       0x64 /usr/local/xenon/usr/lib/libxenon.a(ip_frag.o)
 .text.ip_reass
                0x00000000800164ec      0x49c /usr/local/xenon/usr/lib/libxenon.a(ip_frag.o)
                0x00000000800164ec                ip_reass
 .text.ip_frag  0x0000000080016988      0x23c /usr/local/xenon/usr/lib/libxenon.a(ip_frag.o)
                0x0000000080016988                ip_frag
 .text.tcp_create_segment
                0x0000000080016bc4       0xe0 /usr/local/xenon/usr/lib/libxenon.a(tcp_out.o)
 .text.tcp_pbuf_prealloc
                0x0000000080016ca4       0xc8 /usr/local/xenon/usr/lib/libxenon.a(tcp_out.o)
 .text.tcp_output_alloc_header.constprop.0
                0x0000000080016d6c       0xac /usr/local/xenon/usr/lib/libxenon.a(tcp_out.o)
 .text.tcp_write
                0x0000000080016e18      0x6b4 /usr/local/xenon/usr/lib/libxenon.a(tcp_out.o)
                0x0000000080016e18                tcp_write
 .text.tcp_enqueue_flags
                0x00000000800174cc      0x240 /usr/local/xenon/usr/lib/libxenon.a(tcp_out.o)
                0x00000000800174cc                tcp_enqueue_flags
 .text.tcp_send_fin
                0x000000008001770c       0x50 /usr/local/xenon/usr/lib/libxenon.a(tcp_out.o)
                0x000000008001770c                tcp_send_fin
 .text.tcp_send_empty_ack
                0x000000008001775c       0x90 /usr/local/xenon/usr/lib/libxenon.a(tcp_out.o)
                0x000000008001775c                tcp_send_empty_ack
 .text.tcp_output
                0x00000000800177ec      0x3e4 /usr/local/xenon/usr/lib/libxenon.a(tcp_out.o)
                0x00000000800177ec                tcp_output
 .text.tcp_rst  0x0000000080017bd0      0x118 /usr/local/xenon/usr/lib/libxenon.a(tcp_out.o)
                0x0000000080017bd0                tcp_rst
 .text.tcp_rexmit_rto
                0x0000000080017ce8       0x44 /usr/local/xenon/usr/lib/libxenon.a(tcp_out.o)
                0x0000000080017ce8                tcp_rexmit_rto
 .text.tcp_rexmit
                0x0000000080017d2c       0x78 /usr/local/xenon/usr/lib/libxenon.a(tcp_out.o)
                0x0000000080017d2c                tcp_rexmit
 .text.tcp_rexmit_fast
                0x0000000080017da4       0x84 /usr/local/xenon/usr/lib/libxenon.a(tcp_out.o)
                0x0000000080017da4                tcp_rexmit_fast
 .text.tcp_keepalive
                0x0000000080017e28       0xac /usr/local/xenon/usr/lib/libxenon.a(tcp_out.o)
                0x0000000080017e28                tcp_keepalive
 .text.tcp_zero_window_probe
                0x0000000080017ed4      0x128 /usr/local/xenon/usr/lib/libxenon.a(tcp_out.o)
                0x0000000080017ed4                tcp_zero_window_probe
 .text.udp_input
                0x0000000080017ffc      0x36c /usr/local/xenon/usr/lib/libxenon.a(udp.o)
                0x0000000080017ffc                udp_input
 .text.udp_bind
                0x0000000080018368      0x148 /usr/local/xenon/usr/lib/libxenon.a(udp.o)
                0x0000000080018368                udp_bind
 .text.udp_sendto_if
                0x00000000800184b0      0x1a4 /usr/local/xenon/usr/lib/libxenon.a(udp.o)
                0x00000000800184b0                udp_sendto_if
 .text.etharp_free_entry
                0x0000000080018654       0xbc /usr/local/xenon/usr/lib/libxenon.a(etharp.o)
 .text.etharp_find_entry
                0x0000000080018710      0x1bc /usr/local/xenon/usr/lib/libxenon.a(etharp.o)
 .text.etharp_send_ip
                0x00000000800188cc       0x70 /usr/local/xenon/usr/lib/libxenon.a(etharp.o)
 .text.etharp_update_arp_entry
                0x000000008001893c      0x124 /usr/local/xenon/usr/lib/libxenon.a(etharp.o)
 .text.etharp_cleanup_netif
                0x0000000080018a60       0x5c /usr/local/xenon/usr/lib/libxenon.a(etharp.o)
                0x0000000080018a60                etharp_cleanup_netif
 .text.etharp_request
                0x0000000080018abc      0x190 /usr/local/xenon/usr/lib/libxenon.a(etharp.o)
                0x0000000080018abc                etharp_request
 .text.etharp_query
                0x0000000080018c4c      0x294 /usr/local/xenon/usr/lib/libxenon.a(etharp.o)
                0x0000000080018c4c                etharp_query
 .text.ethernet_input
                0x0000000080018ee0      0x2f4 /usr/local/xenon/usr/lib/libxenon.a(etharp.o)
                0x0000000080018ee0                ethernet_input
 .text.dhcp_set_state
                0x00000000800191d4       0x24 /usr/local/xenon/usr/lib/libxenon.a(dhcp.o)
 .text.dhcp_check
                0x00000000800191f8       0x54 /usr/local/xenon/usr/lib/libxenon.a(dhcp.o)
 .text.dhcp_bind
                0x000000008001924c      0x1bc /usr/local/xenon/usr/lib/libxenon.a(dhcp.o)
 .text.dhcp_option_byte
                0x0000000080019408       0x50 /usr/local/xenon/usr/lib/libxenon.a(dhcp.o)
 .text.dhcp_option
                0x0000000080019458       0x68 /usr/local/xenon/usr/lib/libxenon.a(dhcp.o)
 .text.dhcp_option_short
                0x00000000800194c0       0x64 /usr/local/xenon/usr/lib/libxenon.a(dhcp.o)
 .text.dhcp_option_trailer
                0x0000000080019524       0xd4 /usr/local/xenon/usr/lib/libxenon.a(dhcp.o)
 .text.dhcp_option_long
                0x00000000800195f8       0x8c /usr/local/xenon/usr/lib/libxenon.a(dhcp.o)
 .text.dhcp_create_msg
                0x0000000080019684      0x25c /usr/local/xenon/usr/lib/libxenon.a(dhcp.o)
 .text.dhcp_option_hostname.isra.0
                0x00000000800198e0       0xa0 /usr/local/xenon/usr/lib/libxenon.a(dhcp.o)
 .text.dhcp_delete_msg
                0x0000000080019980       0xa4 /usr/local/xenon/usr/lib/libxenon.a(dhcp.o)
 .text.dhcp_rebind
                0x0000000080019a24       0xe8 /usr/local/xenon/usr/lib/libxenon.a(dhcp.o)
 .text.dhcp_select
                0x0000000080019b0c      0x168 /usr/local/xenon/usr/lib/libxenon.a(dhcp.o)
 .text.dhcp_reboot
                0x0000000080019c74       0xf8 /usr/local/xenon/usr/lib/libxenon.a(dhcp.o)
 .text.dhcp_discover
                0x0000000080019d6c      0x12c /usr/local/xenon/usr/lib/libxenon.a(dhcp.o)
 .text.dhcp_arp_reply
                0x0000000080019e98      0x100 /usr/local/xenon/usr/lib/libxenon.a(dhcp.o)
                0x0000000080019e98                dhcp_arp_reply
 .text.dhcp_renew
                0x0000000080019f98       0xe4 /usr/local/xenon/usr/lib/libxenon.a(dhcp.o)
                0x0000000080019f98                dhcp_renew
 .text.dhcp_coarse_tmr
                0x000000008001a07c       0xa8 /usr/local/xenon/usr/lib/libxenon.a(dhcp.o)
                0x000000008001a07c                dhcp_coarse_tmr
 .text.dhcp_release
                0x000000008001a124      0x104 /usr/local/xenon/usr/lib/libxenon.a(dhcp.o)
                0x000000008001a124                dhcp_release
 .text.dhcp_fine_tmr
                0x000000008001a228      0x124 /usr/local/xenon/usr/lib/libxenon.a(dhcp.o)
                0x000000008001a228                dhcp_fine_tmr
 .text.raw_input
                0x000000008001a34c       0xe0 /usr/local/xenon/usr/lib/libxenon.a(raw.o)
                0x000000008001a34c                raw_input
 .text.tcp_timer_needed
                0x000000008001a42c        0x4 /usr/local/xenon/usr/lib/libxenon.a(timers.o)
                0x000000008001a42c                tcp_timer_needed
 .text.mftb     0x000000008001a430       0x10 /usr/local/xenon/usr/lib/libxenon.a(network.o)
 .text.network_poll
                0x000000008001a440      0x130 /usr/local/xenon/usr/lib/libxenon.a(network.o)
                0x000000008001a440                network_poll
 .text.q_enqueue
                0x000000008001a570       0x18 /usr/local/xenon/usr/lib/libxenon.a(lib_queue.o)
                0x000000008001a570                q_enqueue
 .text.q_deqnext
                0x000000008001a588       0x2c /usr/local/xenon/usr/lib/libxenon.a(lib_queue.o)
                0x000000008001a588                q_deqnext
 .text.dummy_attach
                0x000000008001a5b4        0x8 /usr/local/xenon/usr/lib/libxenon.a(dummy.o)
 .text.dummy_detach
                0x000000008001a5bc        0x8 /usr/local/xenon/usr/lib/libxenon.a(dummy.o)
 .text.getstringmaybe
                0x000000008001a5c4       0x6c /usr/local/xenon/usr/lib/libxenon.a(usbdebug.o)
 .text.usb_dbg_dumpportstatus
                0x000000008001a630      0x244 /usr/local/xenon/usr/lib/libxenon.a(usbdebug.o)
                0x000000008001a630                usb_dbg_dumpportstatus
 .text.usb_dbg_dumpdescriptors
                0x000000008001a874      0x618 /usr/local/xenon/usr/lib/libxenon.a(usbdebug.o)
                0x000000008001a874                usb_dbg_dumpdescriptors
 .text.tcp_oos_insert_segment
                0x000000008001ae8c       0xc4 /usr/local/xenon/usr/lib/libxenon.a(tcp_in.o)
 .text.tcp_parseopt.isra.0
                0x000000008001af50       0xbc /usr/local/xenon/usr/lib/libxenon.a(tcp_in.o)
 .text.tcp_receive
                0x000000008001b00c      0xd40 /usr/local/xenon/usr/lib/libxenon.a(tcp_in.o)
 .text.tcp_input
                0x000000008001bd4c      0xd90 /usr/local/xenon/usr/lib/libxenon.a(tcp_in.o)
                0x000000008001bd4c                tcp_input
 .text.lwip_standard_chksum
                0x000000008001cadc       0xc4 /usr/local/xenon/usr/lib/libxenon.a(inet_chksum.o)
 .text.inet_chksum_pseudo
                0x000000008001cba0       0xe8 /usr/local/xenon/usr/lib/libxenon.a(inet_chksum.o)
                0x000000008001cba0                inet_chksum_pseudo
 .text.inet_chksum
                0x000000008001cc88       0x28 /usr/local/xenon/usr/lib/libxenon.a(inet_chksum.o)
                0x000000008001cc88                inet_chksum
 .text.inet_chksum_pbuf
                0x000000008001ccb0       0x90 /usr/local/xenon/usr/lib/libxenon.a(inet_chksum.o)
                0x000000008001ccb0                inet_chksum_pbuf
 .text.memp_malloc
                0x000000008001cd40       0xd4 /usr/local/xenon/usr/lib/libxenon.a(memp.o)
                0x000000008001cd40                memp_malloc
 .text.memp_free
                0x000000008001ce14       0x78 /usr/local/xenon/usr/lib/libxenon.a(memp.o)
                0x000000008001ce14                memp_free
 .text.netif_set_ipaddr
                0x000000008001ce8c       0xac /usr/local/xenon/usr/lib/libxenon.a(netif.o)
                0x000000008001ce8c                netif_set_ipaddr
 .text.netif_set_gw
                0x000000008001cf38       0x18 /usr/local/xenon/usr/lib/libxenon.a(netif.o)
                0x000000008001cf38                netif_set_gw
 .text.netif_set_netmask
                0x000000008001cf50       0x18 /usr/local/xenon/usr/lib/libxenon.a(netif.o)
                0x000000008001cf50                netif_set_netmask
 .text.netif_set_up
                0x000000008001cf68       0x28 /usr/local/xenon/usr/lib/libxenon.a(netif.o)
                0x000000008001cf68                netif_set_up
 .text.netif_set_down
                0x000000008001cf90       0x20 /usr/local/xenon/usr/lib/libxenon.a(netif.o)
                0x000000008001cf90                netif_set_down
 .text.icmp_send_response.isra.0
                0x000000008001cfb0       0xf8 /usr/local/xenon/usr/lib/libxenon.a(icmp.o)
 .text.icmp_input
                0x000000008001d0a8      0x368 /usr/local/xenon/usr/lib/libxenon.a(icmp.o)
                0x000000008001d0a8                icmp_input
 .text.icmp_dest_unreach
                0x000000008001d410       0x10 /usr/local/xenon/usr/lib/libxenon.a(icmp.o)
                0x000000008001d410                icmp_dest_unreach
 .text.icmp_time_exceeded
                0x000000008001d420       0x10 /usr/local/xenon/usr/lib/libxenon.a(icmp.o)
                0x000000008001d420                icmp_time_exceeded
 .text          0x000000008001d430       0x4c /usr/local/xenon/lib/gcc/xenon/9.2.0/32/libgcc.a(crtsavgpr.o)
                0x000000008001d430                _savegpr_14
                0x000000008001d434                _savegpr_15
                0x000000008001d438                _savegpr_16
                0x000000008001d43c                _savegpr_17
                0x000000008001d440                _savegpr_18
                0x000000008001d444                _savegpr_19
                0x000000008001d448                _savegpr_20
                0x000000008001d44c                _savegpr_21
                0x000000008001d450                _savegpr_22
                0x000000008001d454                _savegpr_23
                0x000000008001d458                _savegpr_24
                0x000000008001d45c                _savegpr_25
                0x000000008001d460                _savegpr_26
                0x000000008001d464                _savegpr_27
                0x000000008001d468                _savegpr_28
                0x000000008001d46c                _savegpr_29
                0x000000008001d470                _savegpr_30
                0x000000008001d474                _savegpr_31
 .text          0x000000008001d47c       0x58 /usr/local/xenon/lib/gcc/xenon/9.2.0/32/libgcc.a(crtresxgpr.o)
                0x000000008001d47c                _restgpr_14_x
                0x000000008001d480                _restgpr_15_x
                0x000000008001d484                _restgpr_16_x
                0x000000008001d488                _restgpr_17_x
                0x000000008001d48c                _restgpr_18_x
                0x000000008001d490                _restgpr_19_x
                0x000000008001d494                _restgpr_20_x
                0x000000008001d498                _restgpr_21_x
                0x000000008001d49c                _restgpr_22_x
                0x000000008001d4a0                _restgpr_23_x
                0x000000008001d4a4                _restgpr_24_x
                0x000000008001d4a8                _restgpr_25_x
                0x000000008001d4ac                _restgpr_26_x
                0x000000008001d4b0                _restgpr_27_x
                0x000000008001d4b4                _restgpr_28_x
                0x000000008001d4b8                _restgpr_29_x
                0x000000008001d4bc                _restgpr_30_x
                0x000000008001d4c0                _restgpr_31_x
 *fill*         0x000000008001d4d4        0x4 
 .text          0x000000008001d4d8     0x1b98 /usr/local/xenon/lib/gcc/xenon/9.2.0/32/libgcc.a(unwind-dw2-fde-dip.o)
                0x000000008001eb8c                __register_frame_info_bases
                0x000000008001ec28                __register_frame_info
                0x000000008001ec38                __register_frame
                0x000000008001ec8c                __register_frame_info_table_bases
                0x000000008001ed14                __register_frame_info_table
                0x000000008001eda4                __register_frame_table
                0x000000008001ee40                __deregister_frame_info_bases
                0x000000008001ee60                __deregister_frame_info
                0x000000008001ee80                __deregister_frame
                0x000000008001eeb4                _Unwind_Find_FDE
 .text          0x000000008001f070      0x1a0 /usr/local/xenon/xenon/lib/32/libc.a(lib_a-asprintf.o)
                0x000000008001f070                _asprintf_r
                0x000000008001f138                asprintf
 .text          0x000000008001f210       0x78 /usr/local/xenon/xenon/lib/32/libc.a(lib_a-assert.o)
                0x000000008001f210                __assert_func
                0x000000008001f270                __assert
 .text          0x000000008001f288       0x40 /usr/local/xenon/xenon/lib/32/libc.a(lib_a-exit.o)
                0x000000008001f288                exit
 .text          0x000000008001f2c8      0x170 /usr/local/xenon/xenon/lib/32/libc.a(lib_a-fclose.o)
                0x000000008001f2c8                _fclose_r
                0x000000008001f428                fclose
 .text          0x000000008001f438      0x3c4 /usr/local/xenon/xenon/lib/32/libc.a(lib_a-fflush.o)
                0x000000008001f438                __sflush_r
                0x000000008001f760                _fflush_r
                0x000000008001f7d0                fflush
 *fill*         0x000000008001f7fc        0x4 
 .text          0x000000008001f800      0x3c4 /usr/local/xenon/xenon/lib/32/libc.a(lib_a-findfp.o)
                0x000000008001f808                _cleanup_r
                0x000000008001f9b8                __sfmoreglue
                0x000000008001fa30                __sfp
                0x000000008001fb50                _cleanup
                0x000000008001fb68                __sinit
                0x000000008001fb78                __sfp_lock_acquire
                0x000000008001fb80                __sfp_lock_release
                0x000000008001fb88                __sinit_lock_acquire
                0x000000008001fb90                __sinit_lock_release
                0x000000008001fb98                __fp_lock_all
                0x000000008001fbb0                __fp_unlock_all
 *fill*         0x000000008001fbc4        0x4 
 .text          0x000000008001fbc8      0x110 /usr/local/xenon/xenon/lib/32/libc.a(lib_a-fiprintf.o)
                0x000000008001fbc8                _fiprintf_r
                0x000000008001fc48                fiprintf
 .text          0x000000008001fcd8      0x15c /usr/local/xenon/xenon/lib/32/libc.a(lib_a-fopen.o)
                0x000000008001fcd8                _fopen_r
                0x000000008001fe20                fopen
 *fill*         0x000000008001fe34        0x4 
 .text          0x000000008001fe38      0x4a4 /usr/local/xenon/xenon/lib/32/libc.a(lib_a-freer.o)
                0x000000008001fe38                _malloc_trim_r
                0x000000008001ff78                _free_r
 *fill*         0x00000000800202dc        0x4 
 .text          0x00000000800202e0       0x24 /usr/local/xenon/xenon/lib/32/libc.a(lib_a-fseek.o)
                0x00000000800202e0                _fseek_r
                0x00000000800202e8                fseek
 *fill*         0x0000000080020304        0x4 
 .text          0x0000000080020308      0x564 /usr/local/xenon/xenon/lib/32/libc.a(lib_a-fseeko.o)
                0x0000000080020308                _fseeko_r
                0x0000000080020850                fseeko
 *fill*         0x000000008002086c        0x4 
 .text          0x0000000080020870       0x80 /usr/local/xenon/xenon/lib/32/libc.a(lib_a-fstatr.o)
                0x0000000080020870                _fstat_r
 .text          0x00000000800208f0      0x16c /usr/local/xenon/xenon/lib/32/libc.a(lib_a-fwalk.o)
                0x00000000800208f0                _fwalk
                0x00000000800209a0                _fwalk_reent
 *fill*         0x0000000080020a5c        0x4 
 .text          0x0000000080020a60      0x4b4 /usr/local/xenon/xenon/lib/32/libc.a(lib_a-lcltime_r.o)
                0x0000000080020a60                localtime_r
 *fill*         0x0000000080020f14        0x4 
 .text          0x0000000080020f18       0xcc /usr/local/xenon/xenon/lib/32/libc.a(lib_a-locale.o)
                0x0000000080020f18                _setlocale_r
                0x0000000080020fc0                __locale_mb_cur_max
                0x0000000080020fd0                setlocale
 *fill*         0x0000000080020fe4        0x4 
 .text          0x0000000080020fe8      0x23c /usr/local/xenon/xenon/lib/32/libc.a(lib_a-makebuf.o)
                0x0000000080020fe8                __swhatbuf_r
                0x00000000800210c8                __smakebuf_r
 *fill*         0x0000000080021224        0x4 
 .text          0x0000000080021228       0x20 /usr/local/xenon/xenon/lib/32/libc.a(lib_a-malloc.o)
                0x0000000080021228                malloc
                0x0000000080021238                free
 .text          0x0000000080021248      0x8b8 /usr/local/xenon/xenon/lib/32/libc.a(lib_a-mallocr.o)
                0x0000000080021248                _malloc_r
 .text          0x0000000080021b00      0x158 /usr/local/xenon/xenon/lib/32/libc.a(lib_a-mbrtowc.o)
                0x0000000080021b00                _mbrtowc_r
                0x0000000080021ba0                mbrtowc
 .text          0x0000000080021c58       0x3c /usr/local/xenon/xenon/lib/32/libc.a(lib_a-mbsrtowcs.o)
                0x0000000080021c58                _mbsrtowcs_r
                0x0000000080021c70                mbsrtowcs
 *fill*         0x0000000080021c94        0x4 
 .text          0x0000000080021c98       0x98 /usr/local/xenon/xenon/lib/32/libc.a(lib_a-mbtowc_r.o)
                0x0000000080021c98                _mbtowc_r
                0x0000000080021ca8                __ascii_mbtowc
 .text          0x0000000080021d30       0xd4 /usr/local/xenon/xenon/lib/32/libc.a(lib_a-memchr.o)
                0x0000000080021d30                memchr
 *fill*         0x0000000080021e04        0x4 
 .text          0x0000000080021e08       0x98 /usr/local/xenon/xenon/lib/32/libc.a(lib_a-memcmp.o)
                0x0000000080021e08                memcmp
 .text          0x0000000080021ea0      0x104 /usr/local/xenon/xenon/lib/32/libc.a(lib_a-memcpy.o)
                0x0000000080021ea0                memcpy
 *fill*         0x0000000080021fa4        0x4 
 .text          0x0000000080021fa8      0x13c /usr/local/xenon/xenon/lib/32/libc.a(lib_a-memmove.o)
                0x0000000080021fa8                memmove
 *fill*         0x00000000800220e4        0x4 
 .text          0x00000000800220e8      0x108 /usr/local/xenon/xenon/lib/32/libc.a(lib_a-memset.o)
                0x00000000800220e8                memset
 .text          0x00000000800221f0      0x9ec /usr/local/xenon/xenon/lib/32/libc.a(lib_a-mktime.o)
                0x0000000080022590                mktime
 *fill*         0x0000000080022bdc        0x4 
 .text          0x0000000080022be0       0x88 /usr/local/xenon/xenon/lib/32/libc.a(lib_a-openr.o)
                0x0000000080022be0                _open_r
 .text          0x0000000080022c68      0x11c /usr/local/xenon/xenon/lib/32/libc.a(lib_a-printf.o)
                0x0000000080022c68                _printf_r
                0x0000000080022cf0                printf
 *fill*         0x0000000080022d84        0x4 
 .text          0x0000000080022d88       0x1c /usr/local/xenon/xenon/lib/32/libc.a(lib_a-putchar.o)
                0x0000000080022d88                _putchar_r
                0x0000000080022d90                putchar
 *fill*         0x0000000080022da4        0x4 
 .text          0x0000000080022da8      0x164 /usr/local/xenon/xenon/lib/32/libc.a(lib_a-putc.o)
                0x0000000080022da8                _putc_r
                0x0000000080022e48                putc
 *fill*         0x0000000080022f0c        0x4 
 .text          0x0000000080022f10       0xf0 /usr/local/xenon/xenon/lib/32/libc.a(lib_a-puts.o)
                0x0000000080022f10                _puts_r
                0x0000000080022ff0                puts
 .text          0x0000000080023000      0x284 /usr/local/xenon/xenon/lib/32/libc.a(lib_a-refill.o)
                0x0000000080023020                __srefill_r
 *fill*         0x0000000080023284        0x4 
 .text          0x0000000080023288       0x78 /usr/local/xenon/xenon/lib/32/libc.a(lib_a-sbrkr.o)
                0x0000000080023288                _sbrk_r
 .text          0x0000000080023300      0x17c /usr/local/xenon/xenon/lib/32/libc.a(lib_a-sprintf.o)
                0x0000000080023300                _sprintf_r
                0x00000000800233b8                sprintf
 *fill*         0x000000008002347c        0x4 
 .text          0x0000000080023480      0x198 /usr/local/xenon/xenon/lib/32/libc.a(lib_a-stdio.o)
                0x0000000080023480                __sread
                0x00000000800234e8                __seofread
                0x00000000800234f0                __swrite
                0x00000000800235a8                __sseek
                0x0000000080023610                __sclose
 .text          0x0000000080023618       0x90 /usr/local/xenon/xenon/lib/32/libc.a(lib_a-strcat.o)
                0x0000000080023618                strcat
 .text          0x00000000800236a8      0x164 /usr/local/xenon/xenon/lib/32/libc.a(lib_a-strchr.o)
                0x00000000800236a8                strchr
 *fill*         0x000000008002380c        0x4 
 .text          0x0000000080023810       0x9c /usr/local/xenon/xenon/lib/32/libc.a(lib_a-strcmp.o)
                0x0000000080023810                strcmp
 *fill*         0x00000000800238ac        0x4 
 .text          0x00000000800238b0       0x8c /usr/local/xenon/xenon/lib/32/libc.a(lib_a-strcpy.o)
                0x00000000800238b0                strcpy
 *fill*         0x000000008002393c        0x4 
 .text          0x0000000080023940       0x94 /usr/local/xenon/xenon/lib/32/libc.a(lib_a-strlen.o)
                0x0000000080023940                strlen
 *fill*         0x00000000800239d4        0x4 
 .text          0x00000000800239d8       0x90 /usr/local/xenon/xenon/lib/32/libc.a(lib_a-strncasecmp.o)
                0x00000000800239d8                strncasecmp
 .text          0x0000000080023a68       0xd8 /usr/local/xenon/xenon/lib/32/libc.a(lib_a-strncmp.o)
                0x0000000080023a68                strncmp
 .text          0x0000000080023b40       0xd4 /usr/local/xenon/xenon/lib/32/libc.a(lib_a-strncpy.o)
                0x0000000080023b40                strncpy
 *fill*         0x0000000080023c14        0x4 
 .text          0x0000000080023c18       0x40 /usr/local/xenon/xenon/lib/32/libc.a(lib_a-strnlen.o)
                0x0000000080023c18                strnlen
 .text          0x0000000080023c58       0x80 /usr/local/xenon/xenon/lib/32/libc.a(lib_a-strpbrk.o)
                0x0000000080023c58                strpbrk
 .text          0x0000000080023cd8       0x6c /usr/local/xenon/xenon/lib/32/libc.a(lib_a-strrchr.o)
                0x0000000080023cd8                strrchr
 *fill*         0x0000000080023d44        0x4 
 .text          0x0000000080023d48     0x200c /usr/local/xenon/xenon/lib/32/libc.a(lib_a-svfprintf.o)
                0x0000000080023d48                _svfprintf_r
 *fill*         0x0000000080025d54        0x4 
 .text          0x0000000080025d58       0x6c /usr/local/xenon/xenon/lib/32/libc.a(lib_a-time.o)
                0x0000000080025d58                time
 *fill*         0x0000000080025dc4        0x4 
 .text          0x0000000080025dc8       0x28 /usr/local/xenon/xenon/lib/32/libc.a(lib_a-towlower.o)
                0x0000000080025dc8                towlower
 .text          0x0000000080025df0       0x28 /usr/local/xenon/xenon/lib/32/libc.a(lib_a-towupper.o)
                0x0000000080025df0                towupper
 .text          0x0000000080025e18      0x298 /usr/local/xenon/xenon/lib/32/libc.a(lib_a-tzcalc_limits.o)
                0x0000000080025e18                __tzcalc_limits
 .text          0x00000000800260b0        0xc /usr/local/xenon/xenon/lib/32/libc.a(lib_a-tzlock.o)
                0x00000000800260b0                __tz_lock
                0x00000000800260b8                __tz_unlock
 *fill*         0x00000000800260bc        0x4 
 .text          0x00000000800260c0       0x3c /usr/local/xenon/xenon/lib/32/libc.a(lib_a-tzset.o)
                0x00000000800260c0                _tzset_unlocked
                0x00000000800260d0                tzset
 *fill*         0x00000000800260fc        0x4 
 .text          0x0000000080026100      0x5ac /usr/local/xenon/xenon/lib/32/libc.a(lib_a-tzset_r.o)
                0x0000000080026100                _tzset_unlocked_r
                0x0000000080026678                _tzset_r
 *fill*         0x00000000800266ac        0x4 
 .text          0x00000000800266b0     0x161c /usr/local/xenon/xenon/lib/32/libc.a(lib_a-vfiprintf.o)
                0x0000000080026800                __sprint_r
                0x0000000080026820                _vfiprintf_r
                0x0000000080027bd8                vfiprintf
 *fill*         0x0000000080027ccc        0x4 
 .text          0x0000000080027cd0     0x219c /usr/local/xenon/xenon/lib/32/libc.a(lib_a-vfprintf.o)
                0x0000000080027cd0                _vfprintf_r
                0x0000000080029d78                vfprintf
 *fill*         0x0000000080029e6c        0x4 
 .text          0x0000000080029e70       0x74 /usr/local/xenon/xenon/lib/32/libc.a(lib_a-vsprintf.o)
                0x0000000080029e70                _vsprintf_r
                0x0000000080029ec8                vsprintf
 *fill*         0x0000000080029ee4        0x4 
 .text          0x0000000080029ee8      0x1dc /usr/local/xenon/xenon/lib/32/libc.a(lib_a-wbuf.o)
                0x0000000080029ee8                __swbuf_r
                0x000000008002a0b0                __swbuf
 *fill*         0x000000008002a0c4        0x4 
 .text          0x000000008002a0c8      0x144 /usr/local/xenon/xenon/lib/32/libc.a(lib_a-wcrtomb.o)
                0x000000008002a0c8                _wcrtomb_r
                0x000000008002a160                wcrtomb
 *fill*         0x000000008002a20c        0x4 
 .text          0x000000008002a210       0x80 /usr/local/xenon/xenon/lib/32/libc.a(lib_a-wctob.o)
                0x000000008002a210                wctob
 .text          0x000000008002a290       0x48 /usr/local/xenon/xenon/lib/32/libc.a(lib_a-wctomb_r.o)
                0x000000008002a290                _wctomb_r
                0x000000008002a2a0                __ascii_wctomb
 .text          0x000000008002a2d8       0x80 /usr/local/xenon/xenon/lib/32/libc.a(lib_a-writer.o)
                0x000000008002a2d8                _write_r
 .text          0x000000008002a358      0x1b8 /usr/local/xenon/xenon/lib/32/libc.a(lib_a-wsetup.o)
                0x000000008002a358                __swsetup_r
 .text          0x000000008002a510      0x178 /usr/local/xenon/xenon/lib/32/libc.a(lib_a-__call_atexit.o)
                0x000000008002a510                __call_exitprocs
 .text          0x000000008002a688       0x78 /usr/local/xenon/xenon/lib/32/libc.a(lib_a-closer.o)
                0x000000008002a688                _close_r
 .text          0x000000008002a700       0x5c /usr/local/xenon/xenon/lib/32/libc.a(lib_a-div.o)
                0x000000008002a700                div
 *fill*         0x000000008002a75c        0x4 
 .text          0x000000008002a760     0x1478 /usr/local/xenon/xenon/lib/32/libc.a(lib_a-dtoa.o)
                0x000000008002a9a0                _dtoa_r
 .text          0x000000008002bbd8       0xb8 /usr/local/xenon/xenon/lib/32/libc.a(lib_a-flags.o)
                0x000000008002bbd8                __sflags
 .text          0x000000008002bc90      0x25c /usr/local/xenon/xenon/lib/32/libc.a(lib_a-fputwc.o)
                0x000000008002bc90                __fputwc
                0x000000008002be18                _fputwc_r
                0x000000008002be40                fputwc
 *fill*         0x000000008002beec        0x4 
 .text          0x000000008002bef0      0x5c8 /usr/local/xenon/xenon/lib/32/libc.a(lib_a-fvwrite.o)
                0x000000008002bef0                __sfvwrite_r
 .text          0x000000008002c4b8      0x16c /usr/local/xenon/xenon/lib/32/libc.a(lib_a-getenv_r.o)
                0x000000008002c4b8                _findenv_r
                0x000000008002c600                _getenv_r
 *fill*         0x000000008002c624        0x4 
 .text          0x000000008002c628       0x80 /usr/local/xenon/xenon/lib/32/libc.a(lib_a-gettimeofdayr.o)
                0x000000008002c628                _gettimeofday_r
 .text          0x000000008002c6a8        0xc /usr/local/xenon/xenon/lib/32/libc.a(lib_a-gettzinfo.o)
                0x000000008002c6a8                __gettzinfo
 *fill*         0x000000008002c6b4        0x4 
 .text          0x000000008002c6b8      0x2ec /usr/local/xenon/xenon/lib/32/libc.a(lib_a-gmtime_r.o)
                0x000000008002c6b8                gmtime_r
 *fill*         0x000000008002c9a4        0x4 
 .text          0x000000008002c9a8       0x78 /usr/local/xenon/xenon/lib/32/libc.a(lib_a-isattyr.o)
                0x000000008002c9a8                _isatty_r
 .text          0x000000008002ca20       0x24 /usr/local/xenon/xenon/lib/32/libc.a(lib_a-localeconv.o)
                0x000000008002ca20                __localeconv_l
                0x000000008002ca28                _localeconv_r
                0x000000008002ca38                localeconv
 *fill*         0x000000008002ca44        0x4 
 .text          0x000000008002ca48       0x80 /usr/local/xenon/xenon/lib/32/libc.a(lib_a-lseekr.o)
                0x000000008002ca48                _lseek_r
 .text          0x000000008002cac8      0x1f8 /usr/local/xenon/xenon/lib/32/libc.a(lib_a-mbsnrtowcs.o)
                0x000000008002cac8                _mbsnrtowcs_r
                0x000000008002cc90                mbsnrtowcs
 .text          0x000000008002ccc0     0x1280 /usr/local/xenon/xenon/lib/32/libc.a(lib_a-mprec.o)
                0x000000008002ccc0                _Balloc
                0x000000008002cda8                _Bfree
                0x000000008002cdd0                __multadd
                0x000000008002cef8                __s2b
                0x000000008002d040                __hi0bits