Archive member included to satisfy reference by file (symbol)

/usr/local/xenon/usr/lib/libxenon.a(argv.o)
                              /usr/local/xenon/lib/gcc/xenon/9.2.0/../../../../xenon/lib/../lib/crt1.o (__check_argv)
/usr/local/xenon/usr/lib/libxenon.a(startup_from_xell.o)
                              (_start)
/usr/local/xenon/usr/lib/libxenon.a(atomic.o)
                              /usr/local/xenon/usr/lib/libxenon.a(startup_from_xell.o) (atomic_clearset)
/usr/local/xenon/usr/lib/libxenon.a(except.o)
                              /usr/local/xenon/usr/lib/libxenon.a(startup_from_xell.o) (secondary_lock)
/usr/local/xenon/usr/lib/libxenon.a(c_except.o)
                              /usr/local/xenon/usr/lib/libxenon.a(except.o) (crashdump)
/usr/local/xenon/usr/lib/libxenon.a(vm.o)
                              /usr/local/xenon/usr/lib/libxenon.a(except.o) (vm_segfault_handler)
/usr/local/xenon/usr/lib/libxenon.a(usbmain.o)
                              /usr/local/xenon/usr/lib/libxenon.a(c_except.o) (usb_do_poll)
/usr/local/xenon/usr/lib/libxenon.a(tinyehci.o)
                              /usr/local/xenon/usr/lib/libxenon.a(usbmain.o) (USBStorage_Init)
/usr/local/xenon/usr/lib/libxenon.a(xenon_smc.o)
                              /usr/local/xenon/usr/lib/libxenon.a(c_except.o) (xenon_smc_power_shutdown)
/usr/local/xenon/usr/lib/libxenon.a(xenon_uart.o)
                              /usr/local/xenon/usr/lib/libxenon.a(c_except.o) (putch)
/usr/local/xenon/usr/lib/libxenon.a(xenos.o)
                              /usr/local/xenon/usr/lib/libxenon.a(c_except.o) (xenos_init)
/usr/local/xenon/usr/lib/libxenon.a(xenos_edid.o)
                              /usr/local/xenon/usr/lib/libxenon.a(xenos.o) (xenos_get_edid)
/usr/local/xenon/usr/lib/libxenon.a(xb360.o)
                              /usr/local/xenon/usr/lib/libxenon.a(xenos.o) (xenon_get_XenosID)
/usr/local/xenon/usr/lib/libxenon.a(console.o)
                              /usr/local/xenon/usr/lib/libxenon.a(c_except.o) (console_clrscr)
/usr/local/xenon/usr/lib/libxenon.a(telnet_console.o)
                              /usr/local/xenon/usr/lib/libxenon.a(c_except.o) (telnet_console_init)
/usr/local/xenon/usr/lib/libxenon.a(input.o)
                              /usr/local/xenon/usr/lib/libxenon.a(c_except.o) (get_controller_data)
/usr/local/xenon/usr/lib/libxenon.a(newlib.o)
                              /usr/local/xenon/usr/lib/libxenon.a(console.o) (stdout_hook)
/usr/local/xenon/usr/lib/libxenon.a(xenon_syscalls.o)
                              /usr/local/xenon/usr/lib/libxenon.a(newlib.o) (__syscalls)
/usr/local/xenon/usr/lib/libxenon.a(lib_malloc.o)
                              /usr/local/xenon/usr/lib/libxenon.a(usbmain.o) (kmem_init)
/usr/local/xenon/usr/lib/libxenon.a(cache.o)
                              /usr/local/xenon/usr/lib/libxenon.a(console.o) (memdcbst)
/usr/local/xenon/usr/lib/libxenon.a(time.o)
                              /usr/local/xenon/usr/lib/libxenon.a(xenos.o) (udelay)
/usr/local/xenon/usr/lib/libxenon.a(ohci.o)
                              /usr/local/xenon/usr/lib/libxenon.a(usbmain.o) (ohci_driver)
/usr/local/xenon/usr/lib/libxenon.a(usbctrl.o)
                              /usr/local/xenon/usr/lib/libxenon.a(input.o) (usbctrl_set_rumble)
/usr/local/xenon/usr/lib/libxenon.a(usbd.o)
                              /usr/local/xenon/usr/lib/libxenon.a(usbctrl.o) (usb_open_pipe)
/usr/local/xenon/usr/lib/libxenon.a(usbdevs.o)
                              /usr/local/xenon/usr/lib/libxenon.a(usbd.o) (usb_find_driver)
/usr/local/xenon/usr/lib/libxenon.a(usbhid.o)
                              /usr/local/xenon/usr/lib/libxenon.a(usbdevs.o) (usbhid_driver)
/usr/local/xenon/usr/lib/libxenon.a(usbhub.o)
                              /usr/local/xenon/usr/lib/libxenon.a(usbd.o) (usb_scan)
/usr/local/xenon/usr/lib/libxenon.a(usb_os.o)
                              /usr/local/xenon/usr/lib/libxenon.a(tinyehci.o) (ehci_maligned)
/usr/local/xenon/usr/lib/libxenon.a(debug.o)
                              /usr/local/xenon/usr/lib/libxenon.a(xenon_syscalls.o) (data_breakpoint)
/usr/local/xenon/usr/lib/libxenon.a(xenon_gpio.o)
                              /usr/local/xenon/usr/lib/libxenon.a(xenos.o) (xenon_gpio_set_oe)
/usr/local/xenon/usr/lib/libxenon.a(xenon_power.o)
                              /usr/local/xenon/usr/lib/libxenon.a(xenon_syscalls.o) (xenon_is_thread_task_running)
/usr/local/xenon/usr/lib/libxenon.a(xenon_secotp.o)
                              /usr/local/xenon/usr/lib/libxenon.a(xb360.o) (xenon_secotp_read_line)
/usr/local/xenon/usr/lib/libxenon.a(xenon_sfcx.o)
                              /usr/local/xenon/usr/lib/libxenon.a(xb360.o) (sfcx_readreg)
/usr/local/xenon/usr/lib/libxenon.a(xenon_config.o)
                              /usr/local/xenon/usr/lib/libxenon.a(xenos.o) (xenon_config_init)
/usr/local/xenon/usr/lib/libxenon.a(pbuf.o)
[...]
Memory Configuration

Name             Origin             Length             Attributes
*default*        0x0000000000000000 0xffffffffffffffff

Linker script and memory map

LOAD /usr/local/xenon/lib/gcc/xenon/9.2.0/../../../../xenon/lib/../lib/crt1.o
LOAD /usr/local/xenon/lib/gcc/xenon/9.2.0/../../../../xenon/lib/../lib/crti.o
LOAD /usr/local/xenon/lib/gcc/xenon/9.2.0/32/crtbegin.o
LOAD /usr/local/xenon/usr/lib/libfat.a
LOAD /usr/local/xenon/usr/lib/libxenon.a
LOAD /usr/local/xenon/xenon/lib/32/libm.a
LOAD /usr/local/xenon/usr/lib/libfat.a
LOAD /usr/local/xenon/lib/gcc/xenon/9.2.0/32/libgcc.a
LOAD /usr/local/xenon/xenon/lib/32/libc.a
LOAD /usr/local/xenon/lib/gcc/xenon/9.2.0/32/libgcc.a
LOAD /usr/local/xenon/lib/gcc/xenon/9.2.0/32/crtend.o
LOAD /usr/local/xenon/lib/gcc/xenon/9.2.0/../../../../xenon/lib/../lib/crtn.o
                0x0000000080000000                . = 0x80000000

.text           0x0000000080000000    0x243c8
 *(.except*)
 .except        0x0000000080000000     0x1e30 /usr/local/xenon/usr/lib/libxenon.a(except.o)
                0x0000000080000000                secondary_lock
                0x0000000080000000                exc_base
                0x0000000080000004                secondary_alive
 *(.pagetable)
 .pagetable     0x0000000080001e30       0x40 /usr/local/xenon/usr/lib/libxenon.a(vm.o)
                0x0000000080001e30                pagetable
                0x0000000080001e70                pagetable_end = .
 *(.init*)
 .init          0x0000000080001e70        0xc /usr/local/xenon/lib/gcc/xenon/9.2.0/../../../../xenon/lib/../lib/crti.o
                0x0000000080001e70                _init
 *(.fini*)
 .fini          0x0000000080001e7c        0xc /usr/local/xenon/lib/gcc/xenon/9.2.0/../../../../xenon/lib/../lib/crti.o
                0x0000000080001e7c                _fini
 *(.text*)
 .text.call_ctors
                0x0000000080001e88       0x48 /usr/local/xenon/lib/gcc/xenon/9.2.0/../../../../xenon/lib/../lib/crt1.o
                0x0000000080001e88                call_ctors
 .text.c_register_frame
                0x0000000080001ed0        0xc /usr/local/xenon/lib/gcc/xenon/9.2.0/../../../../xenon/lib/../lib/crt1.o
                0x0000000080001ed0                c_register_frame
 .text.__crtmain
                0x0000000080001edc       0x2c /usr/local/xenon/lib/gcc/xenon/9.2.0/../../../../xenon/lib/../lib/crt1.o
                0x0000000080001edc                __crtmain
 .text.__check_argv
                0x0000000080001f08       0x24 /usr/local/xenon/usr/lib/libxenon.a(argv.o)
                0x0000000080001f08                __check_argv
 *fill*         0x0000000080001f2c       0xd4 
 .text          0x0000000080002000      0x2f4 /usr/local/xenon/usr/lib/libxenon.a(startup_from_xell.o)
                0x0000000080002000                _start
                0x00000000800021f8                wait
                0x0000000080002280                return_to_xell
 .text          0x00000000800022f4       0x94 /usr/local/xenon/usr/lib/libxenon.a(atomic.o)
                0x00000000800022f4                atomic_inc
                0x0000000080002308                atomic_dec
                0x000000008000231c                atomic_clearset
                0x0000000080002334                lock
                0x0000000080002370                unlock
 .text.flush_console
                0x0000000080002388       0x48 /usr/local/xenon/usr/lib/libxenon.a(c_except.o)
 .text.crashdump
                0x00000000800023d0      0x304 /usr/local/xenon/usr/lib/libxenon.a(c_except.o)
                0x00000000800023d0                crashdump
 .text.usb_shutdown
                0x00000000800026d4       0x54 /usr/local/xenon/usr/lib/libxenon.a(usbmain.o)
                0x00000000800026d4                usb_shutdown
 .text.usb_do_poll
                0x0000000080002728       0xa8 /usr/local/xenon/usr/lib/libxenon.a(usbmain.o)
                0x0000000080002728                usb_do_poll
 .text.qtd_fill
                0x00000000800027d0       0xb4 /usr/local/xenon/usr/lib/libxenon.a(tinyehci.o)
 .text.ehci_qtd_alloc
                0x0000000080002884       0x7c /usr/local/xenon/usr/lib/libxenon.a(tinyehci.o)
 .text.handshake.isra.0
                0x0000000080002900      0x140 /usr/local/xenon/usr/lib/libxenon.a(tinyehci.o)
 .text.qh_urb_transaction
                0x0000000080002a40      0x1b4 /usr/local/xenon/usr/lib/libxenon.a(tinyehci.o)
                0x0000000080002a40                qh_urb_transaction
 .text.ehci_do_urb
                0x0000000080002bf4      0x394 /usr/local/xenon/usr/lib/libxenon.a(tinyehci.o)
                0x0000000080002bf4                ehci_do_urb
 .text.ehci_control_message
                0x0000000080002f88       0x84 /usr/local/xenon/usr/lib/libxenon.a(tinyehci.o)
                0x0000000080002f88                ehci_control_message
 .text.ehci_bulk_message
                0x000000008000300c       0x48 /usr/local/xenon/usr/lib/libxenon.a(tinyehci.o)
                0x000000008000300c                ehci_bulk_message
 .text.__send_cbw
                0x0000000080003054      0x104 /usr/local/xenon/usr/lib/libxenon.a(tinyehci.o)
 .text.ehci_reset_port_old
                0x0000000080003158      0x19c /usr/local/xenon/usr/lib/libxenon.a(tinyehci.o)
                0x0000000080003158                ehci_reset_port_old
 .text.ehci_adquire_port
                0x00000000800032f4       0xa8 /usr/local/xenon/usr/lib/libxenon.a(tinyehci.o)
                0x00000000800032f4                ehci_adquire_port
 .text.ehci_reset_usb_port
                0x000000008000339c      0x170 /usr/local/xenon/usr/lib/libxenon.a(tinyehci.o)
                0x000000008000339c                ehci_reset_usb_port
 .text.ehci_reset_port2
                0x000000008000350c       0x64 /usr/local/xenon/usr/lib/libxenon.a(tinyehci.o)
                0x000000008000350c                ehci_reset_port2
 .text.USB_FreeDescriptors
                0x0000000080003570       0xc4 /usr/local/xenon/usr/lib/libxenon.a(tinyehci.o)
                0x0000000080003570                USB_FreeDescriptors
 .text.USB_GetDescriptors
                0x0000000080003634      0x358 /usr/local/xenon/usr/lib/libxenon.a(tinyehci.o)
                0x0000000080003634                USB_GetDescriptors
 .text.USB_GetConfiguration
                0x000000008000398c       0x80 /usr/local/xenon/usr/lib/libxenon.a(tinyehci.o)
                0x000000008000398c                USB_GetConfiguration
 .text.USB_SetConfiguration
                0x0000000080003a0c       0x1c /usr/local/xenon/usr/lib/libxenon.a(tinyehci.o)
                0x0000000080003a0c                USB_SetConfiguration
 .text.USB_SetAlternativeInterface
                0x0000000080003a28       0x28 /usr/local/xenon/usr/lib/libxenon.a(tinyehci.o)
                0x0000000080003a28                USB_SetAlternativeInterface
 .text.USB_ClearHalt
                0x0000000080003a50       0x1c /usr/local/xenon/usr/lib/libxenon.a(tinyehci.o)
                0x0000000080003a50                USB_ClearHalt
 .text.ehci_init_port
                0x0000000080003a6c      0x148 /usr/local/xenon/usr/lib/libxenon.a(tinyehci.o)
                0x0000000080003a6c                ehci_init_port
 .text.ehci_reset_port
                0x0000000080003bb4       0x50 /usr/local/xenon/usr/lib/libxenon.a(tinyehci.o)
                0x0000000080003bb4                ehci_reset_port
 .text.ehci_reset_device
                0x0000000080003c04        0x8 /usr/local/xenon/usr/lib/libxenon.a(tinyehci.o)
                0x0000000080003c04                ehci_reset_device
 .text.find_ehci_data
                0x0000000080003c0c       0x3c /usr/local/xenon/usr/lib/libxenon.a(tinyehci.o)
                0x0000000080003c0c                find_ehci_data
 .text.USBStorage_Close
                0x0000000080003c48       0x40 /usr/local/xenon/usr/lib/libxenon.a(tinyehci.o)
                0x0000000080003c48                USBStorage_Close
 .text.USBStorage_ReadCapacity
                0x0000000080003c88       0xbc /usr/local/xenon/usr/lib/libxenon.a(tinyehci.o)
                0x0000000080003c88                USBStorage_ReadCapacity
 .text.USBStorage_MountLUN
                0x0000000080003d44      0x1bc /usr/local/xenon/usr/lib/libxenon.a(tinyehci.o)
                0x0000000080003d44                USBStorage_MountLUN
 .text.__usbstorage_reset.isra.0
                0x0000000080003f00      0x19c /usr/local/xenon/usr/lib/libxenon.a(tinyehci.o)
 .text.USBStorage_Open
                0x000000008000409c      0x308 /usr/local/xenon/usr/lib/libxenon.a(tinyehci.o)
                0x000000008000409c                USBStorage_Open
 .text.__cycle.constprop.0
                0x00000000800043a4      0x2a8 /usr/local/xenon/usr/lib/libxenon.a(tinyehci.o)
 .text.USBStorage_Inquiry
                0x000000008000464c       0x94 /usr/local/xenon/usr/lib/libxenon.a(tinyehci.o)
                0x000000008000464c                USBStorage_Inquiry
 .text.USBStorage_Try_Device
                0x00000000800046e0      0x14c /usr/local/xenon/usr/lib/libxenon.a(tinyehci.o)
                0x00000000800046e0                USBStorage_Try_Device
 .text.USBStorage_Init
                0x000000008000482c      0x210 /usr/local/xenon/usr/lib/libxenon.a(tinyehci.o)
                0x000000008000482c                USBStorage_Init
 .text.uprintf  0x0000000080004a3c       0x94 /usr/local/xenon/usr/lib/libxenon.a(xenon_smc.o)
                0x0000000080004a3c                uprintf
 .text.xenon_smc_send_message
                0x0000000080004ad0       0x50 /usr/local/xenon/usr/lib/libxenon.a(xenon_smc.o)
                0x0000000080004ad0                xenon_smc_send_message
 .text.xenon_smc_receive_message
                0x0000000080004b20       0x58 /usr/local/xenon/usr/lib/libxenon.a(xenon_smc.o)
                0x0000000080004b20                xenon_smc_receive_message
 .text.xenon_smc_handle_bulk
                0x0000000080004b78       0x6c /usr/local/xenon/usr/lib/libxenon.a(xenon_smc.o)
                0x0000000080004b78                xenon_smc_handle_bulk
 .text.xenon_smc_receive_response
                0x0000000080004be4       0x44 /usr/local/xenon/usr/lib/libxenon.a(xenon_smc.o)
                0x0000000080004be4                xenon_smc_receive_response
 .text.xenon_smc_ana_write
                0x0000000080004c28       0x84 /usr/local/xenon/usr/lib/libxenon.a(xenon_smc.o)
                0x0000000080004c28                xenon_smc_ana_write
 .text.xenon_smc_ana_read
                0x0000000080004cac       0x8c /usr/local/xenon/usr/lib/libxenon.a(xenon_smc.o)
                0x0000000080004cac                xenon_smc_ana_read
 .text.xenon_smc_i2c_ddc_lock
                0x0000000080004d38       0x78 /usr/local/xenon/usr/lib/libxenon.a(xenon_smc.o)
                0x0000000080004d38                xenon_smc_i2c_ddc_lock
 .text.xenon_smc_i2c_write
                0x0000000080004db0       0xa8 /usr/local/xenon/usr/lib/libxenon.a(xenon_smc.o)
                0x0000000080004db0                xenon_smc_i2c_write
 .text.xenon_smc_i2c_read
                0x0000000080004e58       0xc0 /usr/local/xenon/usr/lib/libxenon.a(xenon_smc.o)
                0x0000000080004e58                xenon_smc_i2c_read
 .text.xenon_smc_power_shutdown
                0x0000000080004f18       0x38 /usr/local/xenon/usr/lib/libxenon.a(xenon_smc.o)
                0x0000000080004f18                xenon_smc_power_shutdown
 .text.xenon_smc_power_reboot
                0x0000000080004f50       0x3c /usr/local/xenon/usr/lib/libxenon.a(xenon_smc.o)
                0x0000000080004f50                xenon_smc_power_reboot
 .text.xenon_smc_read_avpack
                0x0000000080004f8c       0x44 /usr/local/xenon/usr/lib/libxenon.a(xenon_smc.o)
                0x0000000080004f8c                xenon_smc_read_avpack
 .text.putch    0x0000000080004fd0       0x50 /usr/local/xenon/usr/lib/libxenon.a(xenon_uart.o)
                0x0000000080004fd0                putch
 .text.kbhit    0x0000000080005020       0x1c /usr/local/xenon/usr/lib/libxenon.a(xenon_uart.o)
                0x0000000080005020                kbhit
 .text.getch    0x000000008000503c       0x38 /usr/local/xenon/usr/lib/libxenon.a(xenon_uart.o)
                0x000000008000503c                getch
 .text.uart_puts
                0x0000000080005074       0x30 /usr/local/xenon/usr/lib/libxenon.a(xenon_uart.o)
                0x0000000080005074                uart_puts
 .text.xenos_ana_write
                0x00000000800050a4       0xac /usr/local/xenon/usr/lib/libxenon.a(xenos.o)
 .text.xenos_init_ana_new
                0x0000000080005150      0x53c /usr/local/xenon/usr/lib/libxenon.a(xenos.o)
                0x0000000080005150                xenos_init_ana_new
 .text.xenos_init_phase0
                0x000000008000568c       0xa4 /usr/local/xenon/usr/lib/libxenon.a(xenos.o)
                0x000000008000568c                xenos_init_phase0
 .text.xenos_init_phase1
                0x0000000080005730      0x328 /usr/local/xenon/usr/lib/libxenon.a(xenos.o)
                0x0000000080005730                xenos_init_phase1
 .text.xenos_ana_preinit
                0x0000000080005a58       0xcc /usr/local/xenon/usr/lib/libxenon.a(xenos.o)
                0x0000000080005a58                xenos_ana_preinit
 .text.xenos_set_mode_f1
                0x0000000080005b24       0xf8 /usr/local/xenon/usr/lib/libxenon.a(xenos.o)
                0x0000000080005b24                xenos_set_mode_f1
 .text.xenos_set_mode_f2
                0x0000000080005c1c      0x24c /usr/local/xenon/usr/lib/libxenon.a(xenos.o)
                0x0000000080005c1c                xenos_set_mode_f2
 .text.xenos_set_mode
                0x0000000080005e68      0x2c8 /usr/local/xenon/usr/lib/libxenon.a(xenos.o)
                0x0000000080005e68                xenos_set_mode
 .text.xenos_hdmi_vga_mode_fix
                0x0000000080006130       0x40 /usr/local/xenon/usr/lib/libxenon.a(xenos.o)
                0x0000000080006130                xenos_hdmi_vga_mode_fix
 .text.xenos_autoset_mode
                0x0000000080006170      0x148 /usr/local/xenon/usr/lib/libxenon.a(xenos.o)
                0x0000000080006170                xenos_autoset_mode
 .text.xenos_init
                0x00000000800062b8      0x144 /usr/local/xenon/usr/lib/libxenon.a(xenos.o)
                0x00000000800062b8                xenos_init
 .text.xenos_is_overscan
                0x00000000800063fc       0x38 /usr/local/xenon/usr/lib/libxenon.a(xenos.o)
                0x00000000800063fc                xenos_is_overscan
 .text.xenos_is_initialized
                0x0000000080006434       0x14 /usr/local/xenon/usr/lib/libxenon.a(xenos.o)
                0x0000000080006434                xenos_is_initialized
 .text.xenos_do_probe_ddc_edid
                0x0000000080006448      0x194 /usr/local/xenon/usr/lib/libxenon.a(xenos_edid.o)
                0x0000000080006448                xenos_do_probe_ddc_edid
 .text.xenos_ddc_read_edid
                0x00000000800065dc      0x138 /usr/local/xenon/usr/lib/libxenon.a(xenos_edid.o)
 .text.xenos_get_edid
                0x0000000080006714       0xa4 /usr/local/xenon/usr/lib/libxenon.a(xenos_edid.o)
                0x0000000080006714                xenos_get_edid
 .text.xenos_detect_hdmi_monitor
                0x00000000800067b8       0xd8 /usr/local/xenon/usr/lib/libxenon.a(xenos_edid.o)
                0x00000000800067b8                xenos_detect_hdmi_monitor
 .text.xenon_get_DVE
                0x0000000080006890       0x34 /usr/local/xenon/usr/lib/libxenon.a(xb360.o)
                0x0000000080006890                xenon_get_DVE
 .text.xenon_get_PCIBridgeRevisionID
                0x00000000800068c4       0x14 /usr/local/xenon/usr/lib/libxenon.a(xb360.o)
                0x00000000800068c4                xenon_get_PCIBridgeRevisionID
 .text.xenon_get_XenosID
                0x00000000800068d8       0x10 /usr/local/xenon/usr/lib/libxenon.a(xb360.o)
                0x00000000800068d8                xenon_get_XenosID
 .text.xenon_get_console_type
                0x00000000800068e8       0xe0 /usr/local/xenon/usr/lib/libxenon.a(xb360.o)
                0x00000000800068e8                xenon_get_console_type
 .text.xenon_logical_nand_data_ok
                0x00000000800069c8       0x18 /usr/local/xenon/usr/lib/libxenon.a(xb360.o)
                0x00000000800069c8                xenon_logical_nand_data_ok
 .text.xenon_get_logical_nand_data
                0x00000000800069e0       0x50 /usr/local/xenon/usr/lib/libxenon.a(xb360.o)
                0x00000000800069e0                xenon_get_logical_nand_data
 .text.console_clrscr
                0x0000000080006a30       0x7c /usr/local/xenon/usr/lib/libxenon.a(console.o)
                0x0000000080006a30                console_clrscr
 .text.console_newline
                0x0000000080006aac       0xd8 /usr/local/xenon/usr/lib/libxenon.a(console.o)
                0x0000000080006aac                console_newline
 .text.console_putch
                0x0000000080006b84      0x184 /usr/local/xenon/usr/lib/libxenon.a(console.o)
                0x0000000080006b84                console_putch
 .text.console_stdout_hook
                0x0000000080006d08       0x3c /usr/local/xenon/usr/lib/libxenon.a(console.o)
 .text.console_init
                0x0000000080006d44      0x148 /usr/local/xenon/usr/lib/libxenon.a(console.o)
                0x0000000080006d44                console_init
 .text.console_set_colors
                0x0000000080006e8c       0x14 /usr/local/xenon/usr/lib/libxenon.a(console.o)
                0x0000000080006e8c                console_set_colors
 .text.telnet_accept
                0x0000000080006ea0       0x68 /usr/local/xenon/usr/lib/libxenon.a(telnet_console.o)
 .text.telnet_close
                0x0000000080006f08       0x5c /usr/local/xenon/usr/lib/libxenon.a(telnet_console.o)
 .text.telnet_err
                0x0000000080006f64       0x10 /usr/local/xenon/usr/lib/libxenon.a(telnet_console.o)
 .text.telnet_console_tx_print
                0x0000000080006f74       0xe0 /usr/local/xenon/usr/lib/libxenon.a(telnet_console.o)
                0x0000000080006f74                telnet_console_tx_print
 .text.telnet_recv
                0x0000000080007054      0x104 /usr/local/xenon/usr/lib/libxenon.a(telnet_console.o)
 .text.telnet_console_init
                0x0000000080007158       0x70 /usr/local/xenon/usr/lib/libxenon.a(telnet_console.o)
                0x0000000080007158                telnet_console_init
 .text.get_controller_data
                0x00000000800071c8       0x5c /usr/local/xenon/usr/lib/libxenon.a(input.o)
                0x00000000800071c8                get_controller_data
 .text.set_controller_data
                0x0000000080007224       0x50 /usr/local/xenon/usr/lib/libxenon.a(input.o)
                0x0000000080007224                set_controller_data
 .text.vfs_console_write
                0x0000000080007274       0x84 /usr/local/xenon/usr/lib/libxenon.a(newlib.o)
                0x0000000080007274                vfs_console_write
 .text.__malloc_lock
                0x00000000800072f8       0x18 /usr/local/xenon/usr/lib/libxenon.a(newlib.o)
                0x00000000800072f8                __malloc_lock
 .text.__malloc_unlock
                0x0000000080007310       0x18 /usr/local/xenon/usr/lib/libxenon.a(newlib.o)
                0x0000000080007310                __malloc_unlock
 .text._exit    0x0000000080007328       0x2c /usr/local/xenon/usr/lib/libxenon.a(newlib.o)
                0x0000000080007328                _exit
 .text.sbrk     0x0000000080007354       0x34 /usr/local/xenon/usr/lib/libxenon.a(newlib.o)
                0x0000000080007354                sbrk
 .text.unlikely.abort
                0x0000000080007388       0x2c /usr/local/xenon/usr/lib/libxenon.a(newlib.o)
                0x0000000080007388                abort
 .text.isatty   0x00000000800073b4        0x8 /usr/local/xenon/usr/lib/libxenon.a(newlib.o)
                0x00000000800073b4                isatty
 .text.__release_handle
                0x00000000800073bc       0x4c /usr/local/xenon/usr/lib/libxenon.a(newlib.o)
                0x00000000800073bc                __release_handle
 .text.__get_handle
                0x0000000080007408       0x28 /usr/local/xenon/usr/lib/libxenon.a(newlib.o)
                0x0000000080007408                __get_handle
 .text.read     0x0000000080007430       0xa4 /usr/local/xenon/usr/lib/libxenon.a(newlib.o)
                0x0000000080007430                read
 .text.write    0x00000000800074d4       0xac /usr/local/xenon/usr/lib/libxenon.a(newlib.o)
                0x00000000800074d4                write
 .text.fstat    0x0000000080007580       0xa0 /usr/local/xenon/usr/lib/libxenon.a(newlib.o)
                0x0000000080007580                fstat
 .text.lseek    0x0000000080007620       0xa4 /usr/local/xenon/usr/lib/libxenon.a(newlib.o)
                0x0000000080007620                lseek
 .text.close    0x00000000800076c4       0x88 /usr/local/xenon/usr/lib/libxenon.a(newlib.o)
                0x00000000800076c4                close
 .text.xenon_sbrk
                0x000000008000774c       0x2c /usr/local/xenon/usr/lib/libxenon.a(xenon_syscalls.o)
 .text.xenon_gettimeofday
                0x0000000080007778       0x78 /usr/local/xenon/usr/lib/libxenon.a(xenon_syscalls.o)
 .text.xenon_malloc_unlock
                0x00000000800077f0       0xc4 /usr/local/xenon/usr/lib/libxenon.a(xenon_syscalls.o)
 .text.xenon_malloc_lock
                0x00000000800078b4       0xf0 /usr/local/xenon/usr/lib/libxenon.a(xenon_syscalls.o)
 .text.shutdown_drivers
                0x00000000800079a4       0x30 /usr/local/xenon/usr/lib/libxenon.a(xenon_syscalls.o)
                0x00000000800079a4                shutdown_drivers
 .text.try_return_to_xell
                0x00000000800079d4       0x64 /usr/local/xenon/usr/lib/libxenon.a(xenon_syscalls.o)
                0x00000000800079d4                try_return_to_xell
 .text.xenon_exit
                0x0000000080007a38      0x188 /usr/local/xenon/usr/lib/libxenon.a(xenon_syscalls.o)
 .text.kfree    0x0000000080007bc0       0xb4 /usr/local/xenon/usr/lib/libxenon.a(lib_malloc.o)
                0x0000000080007bc0                kfree
 .text.lib_outofmemory
                0x0000000080007c74        0xc /usr/local/xenon/usr/lib/libxenon.a(lib_malloc.o)
                0x0000000080007c74                lib_outofmemory
 .text.kmalloc  0x0000000080007c80      0x130 /usr/local/xenon/usr/lib/libxenon.a(lib_malloc.o)
                0x0000000080007c80                kmalloc
 .text          0x0000000080007db0       0xa8 /usr/local/xenon/usr/lib/libxenon.a(cache.o)
                0x0000000080007db0                memdcbt
                0x0000000080007dd8                memdcbst
                0x0000000080007e00                memdcbf
                0x0000000080007e28                memicbi
 .text.tdelay   0x0000000080007e58       0x50 /usr/local/xenon/usr/lib/libxenon.a(time.o)
 .text.udelay   0x0000000080007ea8       0x24 /usr/local/xenon/usr/lib/libxenon.a(time.o)
                0x0000000080007ea8                udelay
 .text.mdelay   0x0000000080007ecc       0x18 /usr/local/xenon/usr/lib/libxenon.a(time.o)
                0x0000000080007ecc                mdelay
 .text.delay    0x0000000080007ee4       0x18 /usr/local/xenon/usr/lib/libxenon.a(time.o)
                0x0000000080007ee4                delay
 .text.usbctrl_queue_intreq
                0x0000000080007efc       0x4c /usr/local/xenon/usr/lib/libxenon.a(usbctrl.o)
 .text.usbctrl_set_led_callback
                0x0000000080007f48       0x38 /usr/local/xenon/usr/lib/libxenon.a(usbctrl.o)
 .text.usbctrl_set_rol
                0x0000000080007f80       0x2c /usr/local/xenon/usr/lib/libxenon.a(usbctrl.o)
                0x0000000080007f80                usbctrl_set_rol
 .text.usbctrl_detach
                0x0000000080007fac       0x88 /usr/local/xenon/usr/lib/libxenon.a(usbctrl.o)
 .text.usbctrl_set_leds
                0x0000000080008034      0x108 /usr/local/xenon/usr/lib/libxenon.a(usbctrl.o)
                0x0000000080008034                usbctrl_set_leds
 .text.usbctrl_ireq_callback
                0x000000008000813c      0x250 /usr/local/xenon/usr/lib/libxenon.a(usbctrl.o)
 .text.usbctrl_poll
                0x000000008000838c       0xb0 /usr/local/xenon/usr/lib/libxenon.a(usbctrl.o)
                0x000000008000838c                usbctrl_poll
 .text.usbctrl_attach
                0x000000008000843c      0x2f8 /usr/local/xenon/usr/lib/libxenon.a(usbctrl.o)
 .text.usb_create_pipe
                0x0000000080008734       0xcc /usr/local/xenon/usr/lib/libxenon.a(usbd.o)
                0x0000000080008734                usb_create_pipe
 .text.usb_open_pipe
                0x0000000080008800       0x78 /usr/local/xenon/usr/lib/libxenon.a(usbd.o)
                0x0000000080008800                usb_open_pipe
 .text.usb_destroy_all_pipes
                0x0000000080008878       0x70 /usr/local/xenon/usr/lib/libxenon.a(usbd.o)
                0x0000000080008878                usb_destroy_all_pipes
 .text.usb_destroy_device
                0x00000000800088e8       0x50 /usr/local/xenon/usr/lib/libxenon.a(usbd.o)
                0x00000000800088e8                usb_destroy_device
 .text.usb_create_device
                0x0000000080008938       0x78 /usr/local/xenon/usr/lib/libxenon.a(usbd.o)
                0x0000000080008938                usb_create_device
 .text.usb_make_request
                0x00000000800089b0       0x8c /usr/local/xenon/usr/lib/libxenon.a(usbd.o)
                0x00000000800089b0                usb_make_request
 .text.usb_poll
                0x0000000080008a3c       0x10 /usr/local/xenon/usr/lib/libxenon.a(usbd.o)
                0x0000000080008a3c                usb_poll
 .text.usb_daemon
                0x0000000080008a4c       0x18 /usr/local/xenon/usr/lib/libxenon.a(usbd.o)
                0x0000000080008a4c                usb_daemon
 .text.usb_free_request
                0x0000000080008a64       0x28 /usr/local/xenon/usr/lib/libxenon.a(usbd.o)
                0x0000000080008a64                usb_free_request
 .text.usb_delay_ms
                0x0000000080008a8c        0x8 /usr/local/xenon/usr/lib/libxenon.a(usbd.o)
                0x0000000080008a8c                usb_delay_ms
 .text.usb_queue_request
                0x0000000080008a94       0x34 /usr/local/xenon/usr/lib/libxenon.a(usbd.o)
                0x0000000080008a94                usb_queue_request
 .text.usb_wait_request
                0x0000000080008ac8       0x3c /usr/local/xenon/usr/lib/libxenon.a(usbd.o)
                0x0000000080008ac8                usb_wait_request
 .text.usb_sync_request
                0x0000000080008b04       0x30 /usr/local/xenon/usr/lib/libxenon.a(usbd.o)
                0x0000000080008b04                usb_sync_request
 .text.usb_new_address
                0x0000000080008b34       0x34 /usr/local/xenon/usr/lib/libxenon.a(usbd.o)
                0x0000000080008b34                usb_new_address
 .text.usb_set_ep0mps
                0x0000000080008b68       0x58 /usr/local/xenon/usr/lib/libxenon.a(usbd.o)
                0x0000000080008b68                usb_set_ep0mps
 .text.usb_clear_stall
                0x0000000080008bc0       0xf0 /usr/local/xenon/usr/lib/libxenon.a(usbd.o)
                0x0000000080008bc0                usb_clear_stall
 .text.usb_std_request
                0x0000000080008cb0      0x234 /usr/local/xenon/usr/lib/libxenon.a(usbd.o)
                0x0000000080008cb0                usb_std_request
 .text.usb_simple_request
                0x0000000080008ee4       0x18 /usr/local/xenon/usr/lib/libxenon.a(usbd.o)
                0x0000000080008ee4                usb_simple_request
 .text.usb_set_configuration
                0x0000000080008efc       0x14 /usr/local/xenon/usr/lib/libxenon.a(usbd.o)
                0x0000000080008efc                usb_set_configuration
 .text.usb_set_address
                0x0000000080008f10       0x98 /usr/local/xenon/usr/lib/libxenon.a(usbd.o)
                0x0000000080008f10                usb_set_address
 .text.usb_get_descriptor
                0x0000000080008fa8       0x20 /usr/local/xenon/usr/lib/libxenon.a(usbd.o)
                0x0000000080008fa8                usb_get_descriptor
 .text.usb_get_string
                0x0000000080008fc8       0xfc /usr/local/xenon/usr/lib/libxenon.a(usbd.o)
                0x0000000080008fc8                usb_get_string
 .text.usb_get_device_descriptor
                0x00000000800090c4       0x90 /usr/local/xenon/usr/lib/libxenon.a(usbd.o)
                0x00000000800090c4                usb_get_device_descriptor
 .text.usb_get_config_descriptor
                0x0000000080009154       0x8c /usr/local/xenon/usr/lib/libxenon.a(usbd.o)
                0x0000000080009154                usb_get_config_descriptor
 .text.usb_get_device_status
                0x00000000800091e0       0x1c /usr/local/xenon/usr/lib/libxenon.a(usbd.o)
                0x00000000800091e0                usb_get_device_status
 .text.usb_find_cfg_descr
                0x00000000800091fc       0x4c /usr/local/xenon/usr/lib/libxenon.a(usbd.o)
                0x00000000800091fc                usb_find_cfg_descr
 .text.usb_find_driver
                0x0000000080009248      0x148 /usr/local/xenon/usr/lib/libxenon.a(usbdevs.o)
                0x0000000080009248                usb_find_driver
 .text.usbhid_detach
                0x0000000080009390        0x8 /usr/local/xenon/usr/lib/libxenon.a(usbhid.o)
 .text.usbhid_attach
                0x0000000080009398      0x160 /usr/local/xenon/usr/lib/libxenon.a(usbhid.o)
 .text.usbhid_ireq_callback
                0x00000000800094f8      0x178 /usr/local/xenon/usr/lib/libxenon.a(usbhid.o)
 .text.usbhub_markdetached1
                0x0000000080009670       0x14 /usr/local/xenon/usr/lib/libxenon.a(usbhub.o)
 .text.usbhub_get_port_status
                0x0000000080009684       0x1c /usr/local/xenon/usr/lib/libxenon.a(usbhub.o)
 .text.usbhub_ireq_callback
                0x00000000800096a0       0x88 /usr/local/xenon/usr/lib/libxenon.a(usbhub.o)
 .text.usbhub_map_tree1
                0x0000000080009728       0x78 /usr/local/xenon/usr/lib/libxenon.a(usbhub.o)
 .text.usbhub_detach
                0x00000000800097a0      0x148 /usr/local/xenon/usr/lib/libxenon.a(usbhub.o)
 .text.usbhub_attach
                0x00000000800098e8      0x194 /usr/local/xenon/usr/lib/libxenon.a(usbhub.o)
 .text.usbhub_map_tree
                0x0000000080009a7c       0x14 /usr/local/xenon/usr/lib/libxenon.a(usbhub.o)
                0x0000000080009a7c                usbhub_map_tree
 .text.usbhub_map_from_device
                0x0000000080009a90       0x10 /usr/local/xenon/usr/lib/libxenon.a(usbhub.o)
                0x0000000080009a90                usbhub_map_from_device
 .text.usbhub_scan1
                0x0000000080009aa0      0x52c /usr/local/xenon/usr/lib/libxenon.a(usbhub.o)
 .text.usb_scan
                0x0000000080009fcc       0x10 /usr/local/xenon/usr/lib/libxenon.a(usbhub.o)
                0x0000000080009fcc                usb_scan
 .text.ehci_virt_to_dma
                0x0000000080009fdc        0x8 /usr/local/xenon/usr/lib/libxenon.a(usb_os.o)
                0x0000000080009fdc                ehci_virt_to_dma
 .text.ehci_dma_map_to
                0x0000000080009fe4       0x24 /usr/local/xenon/usr/lib/libxenon.a(usb_os.o)
                0x0000000080009fe4                ehci_dma_map_to
 .text.ehci_dma_map_from
                0x000000008000a008       0x24 /usr/local/xenon/usr/lib/libxenon.a(usb_os.o)
                0x000000008000a008                ehci_dma_map_from
 .text.ehci_dma_map_bidir
                0x000000008000a02c       0x24 /usr/local/xenon/usr/lib/libxenon.a(usb_os.o)
                0x000000008000a02c                ehci_dma_map_bidir
 .text.ehci_dma_unmap_to
                0x000000008000a050        0x8 /usr/local/xenon/usr/lib/libxenon.a(usb_os.o)
                0x000000008000a050                ehci_dma_unmap_to
 .text.ehci_dma_unmap_from
                0x000000008000a058        0x4 /usr/local/xenon/usr/lib/libxenon.a(usb_os.o)
                0x000000008000a058                ehci_dma_unmap_from
 .text.ehci_dma_unmap_bidir
                0x000000008000a05c        0x4 /usr/local/xenon/usr/lib/libxenon.a(usb_os.o)
                0x000000008000a05c                ehci_dma_unmap_bidir
 .text.ehci_usleep
                0x000000008000a060        0x4 /usr/local/xenon/usr/lib/libxenon.a(usb_os.o)
                0x000000008000a060                ehci_usleep
 .text.ehci_msleep
                0x000000008000a064        0x4 /usr/local/xenon/usr/lib/libxenon.a(usb_os.o)
                0x000000008000a064                ehci_msleep
 .text.USB_Alloc
                0x000000008000a068        0x4 /usr/local/xenon/usr/lib/libxenon.a(usb_os.o)
                0x000000008000a068                USB_Alloc
 .text.USB_Free
                0x000000008000a06c        0x4 /usr/local/xenon/usr/lib/libxenon.a(usb_os.o)
                0x000000008000a06c                USB_Free
 .text.data_breakpoint
                0x000000008000a070       0x38 /usr/local/xenon/usr/lib/libxenon.a(debug.o)
                0x000000008000a070                data_breakpoint
 .text.xenon_gpio_set_oe
                0x000000008000a0a8       0x1c /usr/local/xenon/usr/lib/libxenon.a(xenon_gpio.o)
                0x000000008000a0a8                xenon_gpio_set_oe
 .text.xenon_gpio_set
                0x000000008000a0c4       0x1c /usr/local/xenon/usr/lib/libxenon.a(xenon_gpio.o)
                0x000000008000a0c4                xenon_gpio_set
 .text.prepare_sleep
                0x000000008000a0e0       0x74 /usr/local/xenon/usr/lib/libxenon.a(xenon_power.o)
                0x000000008000a0e0                prepare_sleep
 .text.xenon_thread_sleep
                0x000000008000a154       0x58 /usr/local/xenon/usr/lib/libxenon.a(xenon_power.o)
                0x000000008000a154                xenon_thread_sleep
 .text.xenon_run_thread_task
                0x000000008000a1ac       0x38 /usr/local/xenon/usr/lib/libxenon.a(xenon_power.o)
                0x000000008000a1ac                xenon_run_thread_task
 .text.xenon_is_thread_task_running
                0x000000008000a1e4       0x1c /usr/local/xenon/usr/lib/libxenon.a(xenon_power.o)
                0x000000008000a1e4                xenon_is_thread_task_running
 .text.xenon_thread_startup
                0x000000008000a200       0x48 /usr/local/xenon/usr/lib/libxenon.a(xenon_power.o)
                0x000000008000a200                xenon_thread_startup
 .text.xenon_set_single_thread_mode
                0x000000008000a248       0x94 /usr/local/xenon/usr/lib/libxenon.a(xenon_power.o)
                0x000000008000a248                xenon_set_single_thread_mode
 .text.sfcx_readreg
                0x000000008000a2dc       0x10 /usr/local/xenon/usr/lib/libxenon.a(xenon_sfcx.o)
                0x000000008000a2dc                sfcx_readreg
 .text.sfcx_init
                0x000000008000a2ec      0x2ec /usr/local/xenon/usr/lib/libxenon.a(xenon_sfcx.o)
                0x000000008000a2ec                sfcx_init
 .text.xenon_config_init
                0x000000008000a5d8       0xa4 /usr/local/xenon/usr/lib/libxenon.a(xenon_config.o)
                0x000000008000a5d8                xenon_config_init
 .text.xenon_config_get_avregion
                0x000000008000a67c       0x90 /usr/local/xenon/usr/lib/libxenon.a(xenon_config.o)
                0x000000008000a67c                xenon_config_get_avregion
 .text.pbuf_alloced_custom
                0x000000008000a70c       0x94 /usr/local/xenon/usr/lib/libxenon.a(pbuf.o)
                0x000000008000a70c                pbuf_alloced_custom
 .text.pbuf_header
                0x000000008000a7a0      0x12c /usr/local/xenon/usr/lib/libxenon.a(pbuf.o)
                0x000000008000a7a0                pbuf_header
 .text.pbuf_free
                0x000000008000a8cc      0x150 /usr/local/xenon/usr/lib/libxenon.a(pbuf.o)
                0x000000008000a8cc                pbuf_free
 .text.pbuf_alloc
                0x000000008000aa1c      0x2b8 /usr/local/xenon/usr/lib/libxenon.a(pbuf.o)
                0x000000008000aa1c                pbuf_alloc
 .text.pbuf_realloc
                0x000000008000acd4      0x170 /usr/local/xenon/usr/lib/libxenon.a(pbuf.o)
                0x000000008000acd4                pbuf_realloc
 .text.pbuf_clen
                0x000000008000ae44       0x20 /usr/local/xenon/usr/lib/libxenon.a(pbuf.o)
                0x000000008000ae44                pbuf_clen
 .text.pbuf_ref
                0x000000008000ae64       0x18 /usr/local/xenon/usr/lib/libxenon.a(pbuf.o)
                0x000000008000ae64                pbuf_ref
 .text.pbuf_cat
                0x000000008000ae7c       0xa8 /usr/local/xenon/usr/lib/libxenon.a(pbuf.o)
                0x000000008000ae7c                pbuf_cat
 .text.pbuf_chain
                0x000000008000af24       0x30 /usr/local/xenon/usr/lib/libxenon.a(pbuf.o)
                0x000000008000af24                pbuf_chain
 .text.pbuf_copy
                0x000000008000af54      0x1d8 /usr/local/xenon/usr/lib/libxenon.a(pbuf.o)
                0x000000008000af54                pbuf_copy
 .text.pbuf_copy_partial
                0x000000008000b12c       0xf4 /usr/local/xenon/usr/lib/libxenon.a(pbuf.o)
                0x000000008000b12c                pbuf_copy_partial
 .text.tcp_accept_null
                0x000000008000b220        0x8 /usr/local/xenon/usr/lib/libxenon.a(tcp.o)
 .text.tcp_new_port
                0x000000008000b228       0x94 /usr/local/xenon/usr/lib/libxenon.a(tcp.o)
 .text.tcp_bind
                0x000000008000b2bc      0x110 /usr/local/xenon/usr/lib/libxenon.a(tcp.o)
                0x000000008000b2bc                tcp_bind
 .text.tcp_listen_with_backlog
                0x000000008000b3cc      0x14c /usr/local/xenon/usr/lib/libxenon.a(tcp.o)
                0x000000008000b3cc                tcp_listen_with_backlog
 .text.tcp_update_rcv_ann_wnd
                0x000000008000b518       0x98 /usr/local/xenon/usr/lib/libxenon.a(tcp.o)
                0x000000008000b518                tcp_update_rcv_ann_wnd
 .text.tcp_recved
                0x000000008000b5b0       0xd4 /usr/local/xenon/usr/lib/libxenon.a(tcp.o)
                0x000000008000b5b0                tcp_recved
 .text.tcp_seg_free
                0x000000008000b684       0x4c /usr/local/xenon/usr/lib/libxenon.a(tcp.o)
                0x000000008000b684                tcp_seg_free
 .text.tcp_segs_free
                0x000000008000b6d0       0x34 /usr/local/xenon/usr/lib/libxenon.a(tcp.o)
                0x000000008000b6d0                tcp_segs_free
 .text.tcp_seg_copy
                0x000000008000b704       0x48 /usr/local/xenon/usr/lib/libxenon.a(tcp.o)
                0x000000008000b704                tcp_seg_copy
 .text.tcp_arg  0x000000008000b74c        0x8 /usr/local/xenon/usr/lib/libxenon.a(tcp.o)
                0x000000008000b74c                tcp_arg
 .text.tcp_recv
                0x000000008000b754       0x40 /usr/local/xenon/usr/lib/libxenon.a(tcp.o)
                0x000000008000b754                tcp_recv
 .text.tcp_sent
                0x000000008000b794       0x40 /usr/local/xenon/usr/lib/libxenon.a(tcp.o)
                0x000000008000b794                tcp_sent
 .text.tcp_err  0x000000008000b7d4       0x40 /usr/local/xenon/usr/lib/libxenon.a(tcp.o)
                0x000000008000b7d4                tcp_err
 .text.tcp_accept
                0x000000008000b814        0x8 /usr/local/xenon/usr/lib/libxenon.a(tcp.o)
                0x000000008000b814                tcp_accept
 .text.tcp_pcb_purge
                0x000000008000b81c       0x84 /usr/local/xenon/usr/lib/libxenon.a(tcp.o)
                0x000000008000b81c                tcp_pcb_purge
 .text.tcp_slowtmr
                0x000000008000b8a0      0x594 /usr/local/xenon/usr/lib/libxenon.a(tcp.o)
                0x000000008000b8a0                tcp_slowtmr
 .text.tcp_pcb_remove
                0x000000008000be34      0x15c /usr/local/xenon/usr/lib/libxenon.a(tcp.o)
                0x000000008000be34                tcp_pcb_remove
 .text.tcp_close_shutdown
                0x000000008000bf90      0x278 /usr/local/xenon/usr/lib/libxenon.a(tcp.o)
 .text.tcp_close
                0x000000008000c208       0x20 /usr/local/xenon/usr/lib/libxenon.a(tcp.o)
                0x000000008000c208                tcp_close
 .text.tcp_recv_null
                0x000000008000c228       0x54 /usr/local/xenon/usr/lib/libxenon.a(tcp.o)
                0x000000008000c228                tcp_recv_null
 .text.tcp_process_refused_data
                0x000000008000c27c       0xd0 /usr/local/xenon/usr/lib/libxenon.a(tcp.o)
                0x000000008000c27c                tcp_process_refused_data
 .text.tcp_fasttmr
                0x000000008000c34c       0xb0 /usr/local/xenon/usr/lib/libxenon.a(tcp.o)
                0x000000008000c34c                tcp_fasttmr
 .text.tcp_tmr  0x000000008000c3fc       0x4c /usr/local/xenon/usr/lib/libxenon.a(tcp.o)
                0x000000008000c3fc                tcp_tmr
 .text.tcp_abandon
                0x000000008000c448      0x160 /usr/local/xenon/usr/lib/libxenon.a(tcp.o)
                0x000000008000c448                tcp_abandon
 .text.tcp_abort
                0x000000008000c5a8        0x8 /usr/local/xenon/usr/lib/libxenon.a(tcp.o)
                0x000000008000c5a8                tcp_abort
 .text.tcp_next_iss
                0x000000008000c5b0       0x1c /usr/local/xenon/usr/lib/libxenon.a(tcp.o)
                0x000000008000c5b0                tcp_next_iss
 .text.tcp_alloc
                0x000000008000c5cc      0x1c8 /usr/local/xenon/usr/lib/libxenon.a(tcp.o)
                0x000000008000c5cc                tcp_alloc
 .text.tcp_new  0x000000008000c794        0x8 /usr/local/xenon/usr/lib/libxenon.a(tcp.o)
                0x000000008000c794                tcp_new
 .text.tcp_eff_send_mss
                0x000000008000c79c       0x58 /usr/local/xenon/usr/lib/libxenon.a(tcp.o)
                0x000000008000c79c                tcp_eff_send_mss
 .text.ip4_addr_isbroadcast
                0x000000008000c7f4       0x58 /usr/local/xenon/usr/lib/libxenon.a(ip_addr.o)
                0x000000008000c7f4                ip4_addr_isbroadcast
 .text.ip_route
                0x000000008000c84c       0x7c /usr/local/xenon/usr/lib/libxenon.a(ip.o)
                0x000000008000c84c                ip_route
 .text.ip_input
                0x000000008000c8c8      0x2d0 /usr/local/xenon/usr/lib/libxenon.a(ip.o)
                0x000000008000c8c8                ip_input
 .text.ip_output_if
                0x000000008000cb98      0x1dc /usr/local/xenon/usr/lib/libxenon.a(ip.o)
                0x000000008000cb98                ip_output_if
 .text.ip_output
                0x000000008000cd74       0xc8 /usr/local/xenon/usr/lib/libxenon.a(ip.o)
                0x000000008000cd74                ip_output
 .text.ip_reass_dequeue_datagram
                0x000000008000ce3c       0x64 /usr/local/xenon/usr/lib/libxenon.a(ip_frag.o)
 .text.ip_reass_free_complete_datagram
                0x000000008000cea0      0x180 /usr/local/xenon/usr/lib/libxenon.a(ip_frag.o)
 .text.ip_reass_remove_oldest_datagram
                0x000000008000d020       0xd0 /usr/local/xenon/usr/lib/libxenon.a(ip_frag.o)
 .text.ipfrag_free_pbuf_custom
                0x000000008000d0f0       0x64 /usr/local/xenon/usr/lib/libxenon.a(ip_frag.o)
 .text.ip_reass
                0x000000008000d154      0x49c /usr/local/xenon/usr/lib/libxenon.a(ip_frag.o)
                0x000000008000d154                ip_reass
 .text.ip_frag  0x000000008000d5f0      0x23c /usr/local/xenon/usr/lib/libxenon.a(ip_frag.o)
                0x000000008000d5f0                ip_frag
 .text.tcp_create_segment
                0x000000008000d82c       0xe0 /usr/local/xenon/usr/lib/libxenon.a(tcp_out.o)
 .text.tcp_pbuf_prealloc
                0x000000008000d90c       0xc8 /usr/local/xenon/usr/lib/libxenon.a(tcp_out.o)
 .text.tcp_output_alloc_header.constprop.0
                0x000000008000d9d4       0xac /usr/local/xenon/usr/lib/libxenon.a(tcp_out.o)
 .text.tcp_write
                0x000000008000da80      0x6b4 /usr/local/xenon/usr/lib/libxenon.a(tcp_out.o)
                0x000000008000da80                tcp_write
 .text.tcp_enqueue_flags
                0x000000008000e134      0x240 /usr/local/xenon/usr/lib/libxenon.a(tcp_out.o)
                0x000000008000e134                tcp_enqueue_flags
 .text.tcp_send_fin
                0x000000008000e374       0x50 /usr/local/xenon/usr/lib/libxenon.a(tcp_out.o)
                0x000000008000e374                tcp_send_fin
 .text.tcp_send_empty_ack
                0x000000008000e3c4       0x90 /usr/local/xenon/usr/lib/libxenon.a(tcp_out.o)
                0x000000008000e3c4                tcp_send_empty_ack
 .text.tcp_output
                0x000000008000e454      0x3e4 /usr/local/xenon/usr/lib/libxenon.a(tcp_out.o)
                0x000000008000e454                tcp_output
 .text.tcp_rst  0x000000008000e838      0x118 /usr/local/xenon/usr/lib/libxenon.a(tcp_out.o)
                0x000000008000e838                tcp_rst
 .text.tcp_rexmit_rto
                0x000000008000e950       0x44 /usr/local/xenon/usr/lib/libxenon.a(tcp_out.o)
                0x000000008000e950                tcp_rexmit_rto
 .text.tcp_rexmit
                0x000000008000e994       0x78 /usr/local/xenon/usr/lib/libxenon.a(tcp_out.o)
                0x000000008000e994                tcp_rexmit
 .text.tcp_rexmit_fast
                0x000000008000ea0c       0x84 /usr/local/xenon/usr/lib/libxenon.a(tcp_out.o)
                0x000000008000ea0c                tcp_rexmit_fast
 .text.tcp_keepalive
                0x000000008000ea90       0xac /usr/local/xenon/usr/lib/libxenon.a(tcp_out.o)
                0x000000008000ea90                tcp_keepalive
 .text.tcp_zero_window_probe
                0x000000008000eb3c      0x128 /usr/local/xenon/usr/lib/libxenon.a(tcp_out.o)
                0x000000008000eb3c                tcp_zero_window_probe
 .text.udp_input
                0x000000008000ec64      0x36c /usr/local/xenon/usr/lib/libxenon.a(udp.o)
                0x000000008000ec64                udp_input
 .text.udp_bind
                0x000000008000efd0      0x148 /usr/local/xenon/usr/lib/libxenon.a(udp.o)
                0x000000008000efd0                udp_bind
 .text.udp_sendto_if
                0x000000008000f118      0x1a4 /usr/local/xenon/usr/lib/libxenon.a(udp.o)
                0x000000008000f118                udp_sendto_if
 .text.raw_input
                0x000000008000f2bc       0xe0 /usr/local/xenon/usr/lib/libxenon.a(raw.o)
                0x000000008000f2bc                raw_input
 .text.tcp_timer_needed
                0x000000008000f39c        0x4 /usr/local/xenon/usr/lib/libxenon.a(timers.o)
                0x000000008000f39c                tcp_timer_needed
 .text.enet_poll
                0x000000008000f3a0      0x1f8 /usr/local/xenon/usr/lib/libxenon.a(enet.o)
                0x000000008000f3a0                enet_poll
 .text.enet_quiesce
                0x000000008000f598       0x18 /usr/local/xenon/usr/lib/libxenon.a(enet.o)
                0x000000008000f598                enet_quiesce
 .text.mftb     0x000000008000f5b0       0x10 /usr/local/xenon/usr/lib/libxenon.a(network.o)
 .text.network_poll
                0x000000008000f5c0      0x130 /usr/local/xenon/usr/lib/libxenon.a(network.o)
                0x000000008000f5c0                network_poll
 .text.dummy_attach
                0x000000008000f6f0        0x8 /usr/local/xenon/usr/lib/libxenon.a(dummy.o)
 .text.dummy_detach
                0x000000008000f6f8        0x8 /usr/local/xenon/usr/lib/libxenon.a(dummy.o)
 .text.getstringmaybe
                0x000000008000f700       0x6c /usr/local/xenon/usr/lib/libxenon.a(usbdebug.o)
 .text.usb_dbg_dumpportstatus
                0x000000008000f76c      0x244 /usr/local/xenon/usr/lib/libxenon.a(usbdebug.o)
                0x000000008000f76c                usb_dbg_dumpportstatus
 .text.usb_dbg_dumpdescriptors
                0x000000008000f9b0      0x618 /usr/local/xenon/usr/lib/libxenon.a(usbdebug.o)
                0x000000008000f9b0                usb_dbg_dumpdescriptors
 .text          0x000000008000ffc8       0x3c /usr/local/xenon/usr/lib/libxenon.a(cpusleep.o)
                0x000000008000ffc8                cpusleep
 .text.tcp_oos_insert_segment
                0x0000000080010004       0xc4 /usr/local/xenon/usr/lib/libxenon.a(tcp_in.o)
 .text.tcp_parseopt.isra.0
                0x00000000800100c8       0xbc /usr/local/xenon/usr/lib/libxenon.a(tcp_in.o)
 .text.tcp_receive
                0x0000000080010184      0xd40 /usr/local/xenon/usr/lib/libxenon.a(tcp_in.o)
 .text.tcp_input
                0x0000000080010ec4      0xd90 /usr/local/xenon/usr/lib/libxenon.a(tcp_in.o)
                0x0000000080010ec4                tcp_input
 .text.lwip_standard_chksum
                0x0000000080011c54       0xc4 /usr/local/xenon/usr/lib/libxenon.a(inet_chksum.o)
 .text.inet_chksum_pseudo
                0x0000000080011d18       0xe8 /usr/local/xenon/usr/lib/libxenon.a(inet_chksum.o)
                0x0000000080011d18                inet_chksum_pseudo
 .text.inet_chksum
                0x0000000080011e00       0x28 /usr/local/xenon/usr/lib/libxenon.a(inet_chksum.o)
                0x0000000080011e00                inet_chksum
 .text.inet_chksum_pbuf
                0x0000000080011e28       0x90 /usr/local/xenon/usr/lib/libxenon.a(inet_chksum.o)
                0x0000000080011e28                inet_chksum_pbuf
 .text.mem_free
                0x0000000080011eb8      0x1f4 /usr/local/xenon/usr/lib/libxenon.a(mem.o)
                0x0000000080011eb8                mem_free
 .text.mem_trim
                0x00000000800120ac      0x198 /usr/local/xenon/usr/lib/libxenon.a(mem.o)
                0x00000000800120ac                mem_trim
 .text.mem_malloc
                0x0000000080012244      0x1e8 /usr/local/xenon/usr/lib/libxenon.a(mem.o)
                0x0000000080012244                mem_malloc
 .text.memp_malloc
                0x000000008001242c       0xd4 /usr/local/xenon/usr/lib/libxenon.a(memp.o)
                0x000000008001242c                memp_malloc
 .text.memp_free
                0x0000000080012500       0x78 /usr/local/xenon/usr/lib/libxenon.a(memp.o)
                0x0000000080012500                memp_free
 .text.netif_set_ipaddr
                0x0000000080012578       0xac /usr/local/xenon/usr/lib/libxenon.a(netif.o)
                0x0000000080012578                netif_set_ipaddr
 .text.netif_set_gw
                0x0000000080012624       0x18 /usr/local/xenon/usr/lib/libxenon.a(netif.o)
                0x0000000080012624                netif_set_gw
 .text.netif_set_netmask
                0x000000008001263c       0x18 /usr/local/xenon/usr/lib/libxenon.a(netif.o)
                0x000000008001263c                netif_set_netmask
 .text.netif_set_up
                0x0000000080012654       0x28 /usr/local/xenon/usr/lib/libxenon.a(netif.o)
                0x0000000080012654                netif_set_up
 .text.netif_set_down
                0x000000008001267c       0x20 /usr/local/xenon/usr/lib/libxenon.a(netif.o)
                0x000000008001267c                netif_set_down
 .text.icmp_send_response.isra.0
                0x000000008001269c       0xf8 /usr/local/xenon/usr/lib/libxenon.a(icmp.o)
 .text.icmp_input
                0x0000000080012794      0x368 /usr/local/xenon/usr/lib/libxenon.a(icmp.o)
                0x0000000080012794                icmp_input
 .text.icmp_dest_unreach
                0x0000000080012afc       0x10 /usr/local/xenon/usr/lib/libxenon.a(icmp.o)
                0x0000000080012afc                icmp_dest_unreach
 .text.icmp_time_exceeded
                0x0000000080012b0c       0x10 /usr/local/xenon/usr/lib/libxenon.a(icmp.o)
                0x0000000080012b0c                icmp_time_exceeded
 .text.etharp_free_entry
                0x0000000080012b1c       0xbc /usr/local/xenon/usr/lib/libxenon.a(etharp.o)
 .text.etharp_find_entry
                0x0000000080012bd8      0x1bc /usr/local/xenon/usr/lib/libxenon.a(etharp.o)
 .text.etharp_send_ip
                0x0000000080012d94       0x70 /usr/local/xenon/usr/lib/libxenon.a(etharp.o)
 .text.etharp_update_arp_entry
                0x0000000080012e04      0x124 /usr/local/xenon/usr/lib/libxenon.a(etharp.o)
 .text.etharp_cleanup_netif
                0x0000000080012f28       0x5c /usr/local/xenon/usr/lib/libxenon.a(etharp.o)
                0x0000000080012f28                etharp_cleanup_netif
 .text.etharp_request
                0x0000000080012f84      0x190 /usr/local/xenon/usr/lib/libxenon.a(etharp.o)
                0x0000000080012f84                etharp_request
 .text.etharp_query
                0x0000000080013114      0x294 /usr/local/xenon/usr/lib/libxenon.a(etharp.o)
                0x0000000080013114                etharp_query
 .text.ethernet_input
                0x00000000800133a8      0x2f4 /usr/local/xenon/usr/lib/libxenon.a(etharp.o)
                0x00000000800133a8                ethernet_input
 .text.dhcp_set_state
                0x000000008001369c       0x24 /usr/local/xenon/usr/lib/libxenon.a(dhcp.o)
 .text.dhcp_check
                0x00000000800136c0       0x54 /usr/local/xenon/usr/lib/libxenon.a(dhcp.o)
 .text.dhcp_bind
                0x0000000080013714      0x1bc /usr/local/xenon/usr/lib/libxenon.a(dhcp.o)
 .text.dhcp_option_byte
                0x00000000800138d0       0x50 /usr/local/xenon/usr/lib/libxenon.a(dhcp.o)
 .text.dhcp_option
                0x0000000080013920       0x68 /usr/local/xenon/usr/lib/libxenon.a(dhcp.o)
 .text.dhcp_option_short
                0x0000000080013988       0x64 /usr/local/xenon/usr/lib/libxenon.a(dhcp.o)
 .text.dhcp_option_trailer
                0x00000000800139ec       0xd4 /usr/local/xenon/usr/lib/libxenon.a(dhcp.o)
 .text.dhcp_option_long
                0x0000000080013ac0       0x8c /usr/local/xenon/usr/lib/libxenon.a(dhcp.o)
 .text.dhcp_create_msg
                0x0000000080013b4c      0x25c /usr/local/xenon/usr/lib/libxenon.a(dhcp.o)
 .text.dhcp_option_hostname.isra.0
                0x0000000080013da8       0xa0 /usr/local/xenon/usr/lib/libxenon.a(dhcp.o)
 .text.dhcp_delete_msg
                0x0000000080013e48       0xa4 /usr/local/xenon/usr/lib/libxenon.a(dhcp.o)
 .text.dhcp_rebind
                0x0000000080013eec       0xe8 /usr/local/xenon/usr/lib/libxenon.a(dhcp.o)
 .text.dhcp_select
                0x0000000080013fd4      0x168 /usr/local/xenon/usr/lib/libxenon.a(dhcp.o)
 .text.dhcp_reboot
                0x000000008001413c       0xf8 /usr/local/xenon/usr/lib/libxenon.a(dhcp.o)
 .text.dhcp_discover
                0x0000000080014234      0x12c /usr/local/xenon/usr/lib/libxenon.a(dhcp.o)
 .text.dhcp_arp_reply
                0x0000000080014360      0x100 /usr/local/xenon/usr/lib/libxenon.a(dhcp.o)
                0x0000000080014360                dhcp_arp_reply
 .text.dhcp_renew
                0x0000000080014460       0xe4 /usr/local/xenon/usr/lib/libxenon.a(dhcp.o)
                0x0000000080014460                dhcp_renew
 .text.dhcp_coarse_tmr
                0x0000000080014544       0xa8 /usr/local/xenon/usr/lib/libxenon.a(dhcp.o)
                0x0000000080014544                dhcp_coarse_tmr
 .text.dhcp_release
                0x00000000800145ec      0x104 /usr/local/xenon/usr/lib/libxenon.a(dhcp.o)
                0x00000000800145ec                dhcp_release
 .text.dhcp_fine_tmr
                0x00000000800146f0      0x124 /usr/local/xenon/usr/lib/libxenon.a(dhcp.o)
                0x00000000800146f0                dhcp_fine_tmr
 .text          0x0000000080014814       0x4c /usr/local/xenon/lib/gcc/xenon/9.2.0/32/libgcc.a(crtsavgpr.o)
                0x0000000080014814                _savegpr_14
                0x0000000080014818                _savegpr_15
                0x000000008001481c                _savegpr_16
                0x0000000080014820                _savegpr_17
                0x0000000080014824                _savegpr_18
                0x0000000080014828                _savegpr_19
                0x000000008001482c                _savegpr_20
                0x0000000080014830                _savegpr_21
                0x0000000080014834                _savegpr_22
                0x0000000080014838                _savegpr_23
                0x000000008001483c                _savegpr_24
                0x0000000080014840                _savegpr_25
                0x0000000080014844                _savegpr_26
                0x0000000080014848                _savegpr_27
                0x000000008001484c                _savegpr_28
                0x0000000080014850                _savegpr_29
                0x0000000080014854                _savegpr_30
                0x0000000080014858                _savegpr_31
 .text          0x0000000080014860       0x58 /usr/local/xenon/lib/gcc/xenon/9.2.0/32/libgcc.a(crtresxgpr.o)
                0x0000000080014860                _restgpr_14_x
                0x0000000080014864                _restgpr_15_x
                0x0000000080014868                _restgpr_16_x
                0x000000008001486c                _restgpr_17_x
                0x0000000080014870                _restgpr_18_x
                0x0000000080014874                _restgpr_19_x
                0x0000000080014878                _restgpr_20_x
                0x000000008001487c                _restgpr_21_x
                0x0000000080014880                _restgpr_22_x
                0x0000000080014884                _restgpr_23_x
                0x0000000080014888                _restgpr_24_x
                0x000000008001488c                _restgpr_25_x
                0x0000000080014890                _restgpr_26_x
                0x0000000080014894                _restgpr_27_x
                0x0000000080014898                _restgpr_28_x
                0x000000008001489c                _restgpr_29_x
                0x00000000800148a0                _restgpr_30_x
                0x00000000800148a4                _restgpr_31_x
 .text          0x00000000800148b8     0x1b98 /usr/local/xenon/lib/gcc/xenon/9.2.0/32/libgcc.a(unwind-dw2-fde-dip.o)
                0x0000000080015f6c                __register_frame_info_bases
                0x0000000080016008                __register_frame_info
                0x0000000080016018                __register_frame
                0x000000008001606c                __register_frame_info_table_bases
                0x00000000800160f4                __register_frame_info_table
                0x0000000080016184                __register_frame_table
                0x0000000080016220                __deregister_frame_info_bases
                0x0000000080016240                __deregister_frame_info
                0x0000000080016260                __deregister_frame
                0x0000000080016294                _Unwind_Find_FDE
 .text          0x0000000080016450       0x78 /usr/local/xenon/xenon/lib/32/libc.a(lib_a-assert.o)
                0x0000000080016450                __assert_func
                0x00000000800164b0                __assert
 .text          0x00000000800164c8       0x40 /usr/local/xenon/xenon/lib/32/libc.a(lib_a-exit.o)
                0x00000000800164c8                exit
 .text          0x0000000080016508      0x170 /usr/local/xenon/xenon/lib/32/libc.a(lib_a-fclose.o)
                0x0000000080016508                _fclose_r
                0x0000000080016668                fclose
 .text          0x0000000080016678      0x3c4 /usr/local/xenon/xenon/lib/32/libc.a(lib_a-fflush.o)
                0x0000000080016678                __sflush_r
                0x00000000800169a0                _fflush_r
                0x0000000080016a10                fflush
 *fill*         0x0000000080016a3c        0x4 
 .text          0x0000000080016a40      0x3c4 /usr/local/xenon/xenon/lib/32/libc.a(lib_a-findfp.o)
                0x0000000080016a48                _cleanup_r
                0x0000000080016bf8                __sfmoreglue
                0x0000000080016c70                __sfp
                0x0000000080016d90                _cleanup
                0x0000000080016da8                __sinit
                0x0000000080016db8                __sfp_lock_acquire
                0x0000000080016dc0                __sfp_lock_release
                0x0000000080016dc8                __sinit_lock_acquire
                0x0000000080016dd0                __sinit_lock_release
                0x0000000080016dd8                __fp_lock_all
                0x0000000080016df0                __fp_unlock_all
 *fill*         0x0000000080016e04        0x4 
 .text          0x0000000080016e08      0x110 /usr/local/xenon/xenon/lib/32/libc.a(lib_a-fiprintf.o)
                0x0000000080016e08                _fiprintf_r
                0x0000000080016e88                fiprintf
 .text          0x0000000080016f18      0x4a4 /usr/local/xenon/xenon/lib/32/libc.a(lib_a-freer.o)
                0x0000000080016f18                _malloc_trim_r
                0x0000000080017058                _free_r
 *fill*         0x00000000800173bc        0x4 
 .text          0x00000000800173c0       0x80 /usr/local/xenon/xenon/lib/32/libc.a(lib_a-fstatr.o)
                0x00000000800173c0                _fstat_r
 .text          0x0000000080017440      0x16c /usr/local/xenon/xenon/lib/32/libc.a(lib_a-fwalk.o)
                0x0000000080017440                _fwalk
                0x00000000800174f0                _fwalk_reent
 *fill*         0x00000000800175ac        0x4 
 .text          0x00000000800175b0      0x23c /usr/local/xenon/xenon/lib/32/libc.a(lib_a-makebuf.o)
                0x00000000800175b0                __swhatbuf_r
                0x0000000080017690                __smakebuf_r
 *fill*         0x00000000800177ec        0x4 
 .text          0x00000000800177f0       0x20 /usr/local/xenon/xenon/lib/32/libc.a(lib_a-malloc.o)
                0x00000000800177f0                malloc
                0x0000000080017800                free
 .text          0x0000000080017810      0x8b8 /usr/local/xenon/xenon/lib/32/libc.a(lib_a-mallocr.o)
                0x0000000080017810                _malloc_r
 .text          0x00000000800180c8       0x98 /usr/local/xenon/xenon/lib/32/libc.a(lib_a-memcmp.o)
                0x00000000800180c8                memcmp
 .text          0x0000000080018160      0x104 /usr/local/xenon/xenon/lib/32/libc.a(lib_a-memcpy.o)
                0x0000000080018160                memcpy
 *fill*         0x0000000080018264        0x4 
 .text          0x0000000080018268      0x108 /usr/local/xenon/xenon/lib/32/libc.a(lib_a-memset.o)
                0x0000000080018268                memset
 .text          0x0000000080018370      0x11c /usr/local/xenon/xenon/lib/32/libc.a(lib_a-printf.o)
                0x0000000080018370                _printf_r
                0x00000000800183f8                printf
 *fill*         0x000000008001848c        0x4 
 .text          0x0000000080018490       0x1c /usr/local/xenon/xenon/lib/32/libc.a(lib_a-putchar.o)
                0x0000000080018490                _putchar_r
                0x0000000080018498                putchar
 *fill*         0x00000000800184ac        0x4 
 .text          0x00000000800184b0      0x164 /usr/local/xenon/xenon/lib/32/libc.a(lib_a-putc.o)
                0x00000000800184b0                _putc_r
                0x0000000080018550                putc
 *fill*         0x0000000080018614        0x4 
 .text          0x0000000080018618       0xf0 /usr/local/xenon/xenon/lib/32/libc.a(lib_a-puts.o)
                0x0000000080018618                _puts_r
                0x00000000800186f8                puts
 .text          0x0000000080018708       0x78 /usr/local/xenon/xenon/lib/32/libc.a(lib_a-sbrkr.o)
                0x0000000080018708                _sbrk_r
 .text          0x0000000080018780      0x17c /usr/local/xenon/xenon/lib/32/libc.a(lib_a-sprintf.o)
                0x0000000080018780                _sprintf_r
                0x0000000080018838                sprintf
 *fill*         0x00000000800188fc        0x4 
 .text          0x0000000080018900      0x198 /usr/local/xenon/xenon/lib/32/libc.a(lib_a-stdio.o)
                0x0000000080018900                __sread
                0x0000000080018968                __seofread
                0x0000000080018970                __swrite
                0x0000000080018a28                __sseek
                0x0000000080018a90                __sclose
 .text          0x0000000080018a98       0x90 /usr/local/xenon/xenon/lib/32/libc.a(lib_a-strcat.o)
                0x0000000080018a98                strcat
 .text          0x0000000080018b28       0x9c /usr/local/xenon/xenon/lib/32/libc.a(lib_a-strcmp.o)
                0x0000000080018b28                strcmp
 *fill*         0x0000000080018bc4        0x4 
 .text          0x0000000080018bc8       0x8c /usr/local/xenon/xenon/lib/32/libc.a(lib_a-strcpy.o)
                0x0000000080018bc8                strcpy
 *fill*         0x0000000080018c54        0x4 
 .text          0x0000000080018c58       0x94 /usr/local/xenon/xenon/lib/32/libc.a(lib_a-strlen.o)
                0x0000000080018c58                strlen
 *fill*         0x0000000080018cec        0x4 
 .text          0x0000000080018cf0     0x200c /usr/local/xenon/xenon/lib/32/libc.a(lib_a-svfprintf.o)
                0x0000000080018cf0                _svfprintf_r
 *fill*         0x000000008001acfc        0x4 
 .text          0x000000008001ad00     0x161c /usr/local/xenon/xenon/lib/32/libc.a(lib_a-vfiprintf.o)
                0x000000008001ae50                __sprint_r
                0x000000008001ae70                _vfiprintf_r
                0x000000008001c228                vfiprintf
 *fill*         0x000000008001c31c        0x4 
 .text          0x000000008001c320     0x219c /usr/local/xenon/xenon/lib/32/libc.a(lib_a-vfprintf.o)
                0x000000008001c320                _vfprintf_r
                0x000000008001e3c8                vfprintf
 *fill*         0x000000008001e4bc        0x4 
 .text          0x000000008001e4c0       0x74 /usr/local/xenon/xenon/lib/32/libc.a(lib_a-vsprintf.o)
                0x000000008001e4c0                _vsprintf_r
                0x000000008001e518                vsprintf
 *fill*         0x000000008001e534        0x4 
 .text          0x000000008001e538      0x1dc /usr/local/xenon/xenon/lib/32/libc.a(lib_a-wbuf.o)
                0x000000008001e538                __swbuf_r
                0x000000008001e700                __swbuf
 *fill*         0x000000008001e714        0x4 
 .text          0x000000008001e718       0x80 /usr/local/xenon/xenon/lib/32/libc.a(lib_a-writer.o)
                0x000000008001e718                _write_r
 .text          0x000000008001e798      0x1b8 /usr/local/xenon/xenon/lib/32/libc.a(lib_a-wsetup.o)
                0x000000008001e798                __swsetup_r
 .text          0x000000008001e950      0x178 /usr/local/xenon/xenon/lib/32/libc.a(lib_a-__call_atexit.o)
                0x000000008001e950                __call_exitprocs
 .text          0x000000008001eac8       0x78 /usr/local/xenon/xenon/lib/32/libc.a(lib_a-closer.o)
                0x000000008001eac8                _close_r
 .text          0x000000008001eb40     0x1478 /usr/local/xenon/xenon/lib/32/libc.a(lib_a-dtoa.o)
                0x000000008001ed80                _dtoa_r
 .text          0x000000008001ffb8      0x25c /usr/local/xenon/xenon/lib/32/libc.a(lib_a-fputwc.o)
                0x000000008001ffb8                __fputwc
                0x0000000080020140                _fputwc_r
                0x0000000080020168                fputwc
 *fill*         0x0000000080020214        0x4 
 .text          0x0000000080020218      0x5c8 /usr/local/xenon/xenon/lib/32/libc.a(lib_a-fvwrite.o)
                0x0000000080020218                __sfvwrite_r
 .text          0x00000000800207e0       0x78 /usr/local/xenon/xenon/lib/32/libc.a(lib_a-isattyr.o)
                0x00000000800207e0                _isatty_r
 .text          0x0000000080020858       0x24 /usr/local/xenon/xenon/lib/32/libc.a(lib_a-localeconv.o)
                0x0000000080020858                __localeconv_l
                0x0000000080020860                _localeconv_r
                0x0000000080020870                localeconv
 *fill*         0x000000008002087c        0x4 
 .text          0x0000000080020880       0xcc /usr/local/xenon/xenon/lib/32/libc.a(lib_a-locale.o)
                0x0000000080020880                _setlocale_r
                0x0000000080020928                __locale_mb_cur_max
                0x0000000080020938                setlocale
 *fill*         0x000000008002094c        0x4 
 .text          0x0000000080020950       0x80 /usr/local/xenon/xenon/lib/32/libc.a(lib_a-lseekr.o)
                0x0000000080020950                _lseek_r
 .text          0x00000000800209d0       0x98 /usr/local/xenon/xenon/lib/32/libc.a(lib_a-mbtowc_r.o)
                0x00000000800209d0                _mbtowc_r
                0x00000000800209e0                __ascii_mbtowc
 .text          0x0000000080020a68       0xd4 /usr/local/xenon/xenon/lib/32/libc.a(lib_a-memchr.o)
                0x0000000080020a68                memchr
 *fill*         0x0000000080020b3c        0x4 
 .text          0x0000000080020b40      0x13c /usr/local/xenon/xenon/lib/32/libc.a(lib_a-memmove.o)
                0x0000000080020b40                memmove
 *fill*         0x0000000080020c7c        0x4 
 .text          0x0000000080020c80     0x1280 /usr/local/xenon/xenon/lib/32/libc.a(lib_a-mprec.o)
                0x0000000080020c80                _Balloc
                0x0000000080020d68                _Bfree
                0x0000000080020d90                __multadd
                0x0000000080020eb8                __s2b
                0x0000000080021000                __hi0bits
                0x0000000080021068                __lo0bits
                0x0000000080021120                __i2b
                0x0000000080021160                __multiply
                0x00000000800213c8                __pow5mult
                0x0000000080021540                __lshift
                0x00000000800216c8                __mcmp
                0x0000000080021728                __mdiff
                0x0000000080021950                __ulp
                0x00000000800219f0                __b2d
                0x0000000080021b48                __d2b
                0x0000000080021cd0                __ratio
                0x0000000080021da8                _mprec_log10
                0x0000000080021df0                __copybits
                0x0000000080021e88                __any_on
 .text          0x0000000080021f00       0x80 /usr/local/xenon/xenon/lib/32/libc.a(lib_a-readr.o)
                0x0000000080021f00                _read_r
 .text          0x0000000080021f80      0x670 /usr/local/xenon/xenon/lib/32/libc.a(lib_a-reallocr.o)
                0x0000000080021f80                _realloc_r
 .text          0x00000000800225f0     0x1428 /usr/local/xenon/xenon/lib/32/libc.a(lib_a-svfiprintf.o)
                0x00000000800225f0                __ssprint_r
                0x0000000080022840                _svfiprintf_r
 .text          0x0000000080023a18      0x144 /usr/local/xenon/xenon/lib/32/libc.a(lib_a-wcrtomb.o)
                0x0000000080023a18                _wcrtomb_r
                0x0000000080023ab0                wcrtomb
 *fill*         0x0000000080023b5c        0x4 
 .text          0x0000000080023b60       0x48 /usr/local/xenon/xenon/lib/32/libc.a(lib_a-wctomb_r.o)
                0x0000000080023b60                _wctomb_r
                0x0000000080023b70                __ascii_wctomb
 .text          0x0000000080023ba8       0xc8 /usr/local/xenon/xenon/lib/32/libc.a(lib_a-callocr.o)
                0x0000000080023ba8                _calloc_r
 .text          0x0000000080023c70      0x3dc /usr/local/xenon/lib/gcc/xenon/9.2.0/32/libgcc.a(_udivdi3.o)
                0x0000000080023c70                __udivdi3
 *fill*         0x000000008002404c        0x4 
 .text          0x0000000080024050      0x378 /usr/local/xenon/lib/gcc/xenon/9.2.0/32/libgcc.a(_umoddi3.o)
                0x0000000080024050                __umoddi3

.glink          0x00000000800243c8        0x0
 .glink         0x00000000800243c8        0x0 /usr/local/xenon/usr/lib/libxenon.a(console.o)

.elfldr         0x00000000800243c8        0x0
                0x00000000800243c8                elfldr_start = .
 *(.elfldr)
                0x00000000800243c8                elfldr_end = .

.data           0x00000000800243c8     0x7f4c
 *(.data*)
 .data.ana_hdmi_720p
                0x00000000800243c8      0x400 /usr/local/xenon/usr/lib/libxenon.a(xenos.o)
                0x00000000800243c8                ana_hdmi_720p
 .data.ana_hdmi_720p_corona
                0x00000000800247c8      0x400 /usr/local/xenon/usr/lib/libxenon.a(xenos.o)
                0x00000000800247c8                ana_hdmi_720p_corona
 .data.ana_ntsc
                0x0000000080024bc8      0x400 /usr/local/xenon/usr/lib/libxenon.a(xenos.o)
                0x0000000080024bc8                ana_ntsc
 .data.ana_ntsc_corona
                0x0000000080024fc8      0x400 /usr/local/xenon/usr/lib/libxenon.a(xenos.o)
                0x0000000080024fc8                ana_ntsc_corona
 .data.ana_pal50
                0x00000000800253c8      0x400 /usr/local/xenon/usr/lib/libxenon.a(xenos.o)
                0x00000000800253c8                ana_pal50
 .data.ana_pal50_corona
                0x00000000800257c8      0x400 /usr/local/xenon/usr/lib/libxenon.a(xenos.o)
                0x00000000800257c8                ana_pal50_corona
 .data.ana_pal60
                0x0000000080025bc8      0x400 /usr/local/xenon/usr/lib/libxenon.a(xenos.o)
                0x0000000080025bc8                ana_pal60
 .data.ana_pal60_corona
                0x0000000080025fc8      0x400 /usr/local/xenon/usr/lib/libxenon.a(xenos.o)
                0x0000000080025fc8                ana_pal60_corona
 .data.ana_vga_1024x768
                0x00000000800263c8      0x400 /usr/local/xenon/usr/lib/libxenon.a(xenos.o)
                0x00000000800263c8                ana_vga_1024x768
 .data.ana_vga_1024x768_corona
                0x00000000800267c8      0x400 /usr/local/xenon/usr/lib/libxenon.a(xenos.o)
                0x00000000800267c8                ana_vga_1024x768_corona
 .data.ana_vga_1280x1024
                0x0000000080026bc8      0x400 /usr/local/xenon/usr/lib/libxenon.a(xenos.o)
                0x0000000080026bc8                ana_vga_1280x1024
 .data.ana_vga_1280x1024_corona
                0x0000000080026fc8      0x400 /usr/local/xenon/usr/lib/libxenon.a(xenos.o)
                0x0000000080026fc8                ana_vga_1280x1024_corona
 .data.ana_vga_1280x720
                0x00000000800273c8      0x400 /usr/local/xenon/usr/lib/libxenon.a(xenos.o)
                0x00000000800273c8                ana_vga_1280x720
 .data.ana_vga_1280x720_corona
                0x00000000800277c8      0x400 /usr/local/xenon/usr/lib/libxenon.a(xenos.o)
                0x00000000800277c8                ana_vga_1280x720_corona
 .data.ana_vga_1280x768
                0x0000000080027bc8      0x400 /usr/local/xenon/usr/lib/libxenon.a(xenos.o)
                0x0000000080027bc8                ana_vga_1280x768
 .data.ana_vga_1280x768_corona
                0x0000000080027fc8      0x400 /usr/local/xenon/usr/lib/libxenon.a(xenos.o)
                0x0000000080027fc8                ana_vga_1280x768_corona
 .data.ana_vga_1360x768
                0x00000000800283c8      0x400 /usr/local/xenon/usr/lib/libxenon.a(xenos.o)
                0x00000000800283c8                ana_vga_1360x768
 .data.ana_vga_1360x768_corona
                0x00000000800287c8      0x400 /usr/local/xenon/usr/lib/libxenon.a(xenos.o)
                0x00000000800287c8                ana_vga_1360x768_corona
 .data.ana_vga_1440x900
                0x0000000080028bc8      0x400 /usr/local/xenon/usr/lib/libxenon.a(xenos.o)
                0x0000000080028bc8                ana_vga_1440x900
 .data.ana_vga_1440x900_corona
                0x0000000080028fc8      0x400 /usr/local/xenon/usr/lib/libxenon.a(xenos.o)
                0x0000000080028fc8                ana_vga_1440x900_corona
 .data.ana_vga_640x480
                0x00000000800293c8      0x400 /usr/local/xenon/usr/lib/libxenon.a(xenos.o)
                0x00000000800293c8                ana_vga_640x480
 .data.ana_vga_640x480_corona
                0x00000000800297c8      0x400 /usr/local/xenon/usr/lib/libxenon.a(xenos.o)
                0x00000000800297c8                ana_vga_640x480_corona
 .data.ana_yuv_480p
                0x0000000080029bc8      0x400 /usr/local/xenon/usr/lib/libxenon.a(xenos.o)
                0x0000000080029bc8                ana_yuv_480p
 .data.ana_yuv_480p_corona
                0x0000000080029fc8      0x400 /usr/local/xenon/usr/lib/libxenon.a(xenos.o)
                0x0000000080029fc8                ana_yuv_480p_corona
 .data.ana_yuv_720p
                0x000000008002a3c8      0x400 /usr/local/xenon/usr/lib/libxenon.a(xenos.o)
                0x000000008002a3c8                ana_yuv_720p
 .data.ana_yuv_720p_corona
                0x000000008002a7c8      0x400 /usr/local/xenon/usr/lib/libxenon.a(xenos.o)
                0x000000008002a7c8                ana_yuv_720p_corona
 .data.xenos_modes
                0x000000008002abc8      0x30c /usr/local/xenon/usr/lib/libxenon.a(xenos.o)
                0x000000008002abc8                xenos_modes
 .data.xenos_modes_corona
                0x000000008002aed4      0x30c /usr/local/xenon/usr/lib/libxenon.a(xenos.o)
                0x000000008002aed4                xenos_modes_corona
 .data.session_states
                0x000000008002b1e0        0x4 /usr/local/xenon/usr/lib/libxenon.a(telnet_console.o)
 .data.devoptab_list
                0x000000008002b1e4       0x40 /usr/local/xenon/usr/lib/libxenon.a(newlib.o)
                0x000000008002b1e4                devoptab_list
 .data.__syscalls
                0x000000008002b224       0x24 /usr/local/xenon/usr/lib/libxenon.a(xenon_syscalls.o)
                0x000000008002b224                __syscalls
 .data.lockowner
                0x000000008002b248        0x4 /usr/local/xenon/usr/lib/libxenon.a(xenon_syscalls.o)
 .data.usbctrl_driver
                0x000000008002b24c        0xc /usr/local/xenon/usr/lib/libxenon.a(usbctrl.o)
                0x000000008002b24c                usbctrl_driver
 .data.usb_drivers
                0x000000008002b258       0xa0 /usr/local/xenon/usr/lib/libxenon.a(usbdevs.o)
                0x000000008002b258                usb_drivers
 .data.usbhid_driver
                0x000000008002b2f8        0xc /usr/local/xenon/usr/lib/libxenon.a(usbhid.o)
                0x000000008002b2f8                usbhid_driver
 .data.usbhid_scantable
                0x000000008002b304      0x650 /usr/local/xenon/usr/lib/libxenon.a(usbhid.o)
 .data.usbhub_driver
                0x000000008002b954        0xc /usr/local/xenon/usr/lib/libxenon.a(usbhub.o)
                0x000000008002b954                usbhub_driver
 .data.iss.4773
                0x000000008002b960        0x4 /usr/local/xenon/usr/lib/libxenon.a(tcp.o)
 .data.tcp_port
                0x000000008002b964        0x2 /usr/local/xenon/usr/lib/libxenon.a(tcp.o)
 .data.udp_port
                0x000000008002b966        0x2 /usr/local/xenon/usr/lib/libxenon.a(udp.o)
 .data.dummy_driver
                0x000000008002b968        0xc /usr/local/xenon/usr/lib/libxenon.a(dummy.o)
                0x000000008002b968                dummy_driver
 .data.xid.4655
                0x000000008002b974        0x4 /usr/local/xenon/usr/lib/libxenon.a(dhcp.o)
 .data          0x000000008002b978      0x428 /usr/local/xenon/xenon/lib/32/libc.a(lib_a-impure.o)
 .data          0x000000008002bda0      0x408 /usr/local/xenon/xenon/lib/32/libc.a(lib_a-mallocr.o)
                0x000000008002bda0                __malloc_av_
 .data          0x000000008002c1a8      0x16c /usr/local/xenon/xenon/lib/32/libc.a(lib_a-locale.o)
                0x000000008002c1a8                __global_locale

.branch_lt      0x000000008002c314        0x0
 .branch_lt     0x000000008002c314        0x0 /usr/local/xenon/usr/lib/libxenon.a(console.o)

.got2           0x000000008002c314       0x18
 .got2          0x000000008002c314       0x18 /usr/local/xenon/lib/gcc/xenon/9.2.0/32/libgcc.a(unwind-dw2-fde-dip.o)

.sdata          0x000000008002c330       0x40
 *(.sdata*)
 .sdata         0x000000008002c330        0x4 /usr/local/xenon/usr/lib/libxenon.a(startup_from_xell.o)
                0x000000008002c330                __system_argv
 .sdata.usb_timeout
                0x000000008002c334        0x4 /usr/local/xenon/usr/lib/libxenon.a(tinyehci.o)
                0x000000008002c334                usb_timeout
 .sdata.xenon_smc_last_ir
                0x000000008002c338        0x4 /usr/local/xenon/usr/lib/libxenon.a(xenon_smc.o)
                0x000000008002c338                xenon_smc_last_ir
 .sdata.console_color
                0x000000008002c33c        0x8 /usr/local/xenon/usr/lib/libxenon.a(console.o)
                0x000000008002c33c                console_color
 .sdata         0x000000008002c344        0x0 /usr/local/xenon/usr/lib/libxenon.a(console.o)
                0x0000000080034344                _SDA_BASE_
 .sdata2        0x000000008002c344        0x0 /usr/local/xenon/usr/lib/libxenon.a(console.o)
                0x0000000080034344                _SDA2_BASE_
 *fill*         0x000000008002c344        0x4 
 .sdata.tcp_persist_backoff
                0x000000008002c348        0x7 /usr/local/xenon/usr/lib/libxenon.a(tcp.o)
                0x000000008002c348                tcp_persist_backoff
 *fill*         0x000000008002c34f        0x1 
 .sdata.ip_addr_any
                0x000000008002c350        0x4 /usr/local/xenon/usr/lib/libxenon.a(ip_addr.o)
                0x000000008002c350                ip_addr_any
 .sdata.ip_addr_broadcast
                0x000000008002c354        0x4 /usr/local/xenon/usr/lib/libxenon.a(ip_addr.o)
                0x000000008002c354                ip_addr_broadcast
 .sdata.ethbroadcast
                0x000000008002c358        0x6 /usr/local/xenon/usr/lib/libxenon.a(etharp.o)
                0x000000008002c358                ethbroadcast
 *fill*         0x000000008002c35e        0x2 
 .sdata         0x000000008002c360        0x8 /usr/local/xenon/xenon/lib/32/libc.a(lib_a-impure.o)
                0x000000008002c360                _global_impure_ptr
                0x000000008002c364                _impure_ptr
 .sdata         0x000000008002c368        0x8 /usr/local/xenon/xenon/lib/32/libc.a(lib_a-mallocr.o)
                0x000000008002c368                __malloc_sbrk_base
                0x000000008002c36c                __malloc_trim_threshold

.rodata         0x000000008002c370     0x30c4
 *(.rodata*)
 .rodata.crashdump.str1.1
                0x000000008002c370      0x12f /usr/local/xenon/usr/lib/libxenon.a(c_except.o)
                                        0x133 (size before relaxing)
 .rodata.ehci_reset_usb_port.str1.1
                0x000000008002c49f       0x33 /usr/local/xenon/usr/lib/libxenon.a(tinyehci.o)
 .rodata.USBStorage_Init.str1.1
                0x000000008002c4d2       0x47 /usr/local/xenon/usr/lib/libxenon.a(tinyehci.o)
 .rodata.xenon_smc_handle_bulk.str1.1
                0x000000008002c519       0x46 /usr/local/xenon/usr/lib/libxenon.a(xenon_smc.o)
 .rodata.xenon_smc_ana_write.str1.1
                0x000000008002c55f       0x2f /usr/local/xenon/usr/lib/libxenon.a(xenon_smc.o)
 .rodata.xenon_smc_ana_read.str1.1
                0x000000008002c58e       0x2e /usr/local/xenon/usr/lib/libxenon.a(xenon_smc.o)
 .rodata.xenon_smc_i2c_ddc_lock.str1.1
                0x000000008002c5bc       0x27 /usr/local/xenon/usr/lib/libxenon.a(xenon_smc.o)
 .rodata.xenon_smc_i2c_write.str1.1
                0x000000008002c5e3       0x2f /usr/local/xenon/usr/lib/libxenon.a(xenon_smc.o)
 .rodata.xenon_smc_i2c_read.str1.1
                0x000000008002c612       0x2e /usr/local/xenon/usr/lib/libxenon.a(xenon_smc.o)
 .rodata.xenos_ana_write.str1.1
                0x000000008002c640       0x33 /usr/local/xenon/usr/lib/libxenon.a(xenos.o)
 .rodata.xenos_init_ana_new.str1.1
                0x000000008002c673       0xf5 /usr/local/xenon/usr/lib/libxenon.a(xenos.o)
 .rodata.xenos_init_phase1.str1.1
                0x000000008002c768       0x85 /usr/local/xenon/usr/lib/libxenon.a(xenos.o)
 .rodata.xenos_set_mode.str1.1
                0x000000008002c7ed       0x29 /usr/local/xenon/usr/lib/libxenon.a(xenos.o)
 .rodata.xenos_autoset_mode.str1.1
                0x000000008002c816       0x17 /usr/local/xenon/usr/lib/libxenon.a(xenos.o)
 *fill*         0x000000008002c82d        0x3 
 .rodata.xenos_autoset_mode
                0x000000008002c830       0x50 /usr/local/xenon/usr/lib/libxenon.a(xenos.o)
 .rodata.xenos_init.str1.1
                0x000000008002c880       0x57 /usr/local/xenon/usr/lib/libxenon.a(xenos.o)
 .rodata.xenos_is_overscan.str1.1
                0x000000008002c8d7       0x16 /usr/local/xenon/usr/lib/libxenon.a(xenos.o)
 .rodata.str1.1
                0x000000008002c8ed       0x94 /usr/local/xenon/usr/lib/libxenon.a(xenos.o)
 *fill*         0x000000008002c981        0x3 
 .rodata        0x000000008002c984      0x140 /usr/local/xenon/usr/lib/libxenon.a(xenos.o)
 *fill*         0x000000008002cac4        0x4 
 .rodata.CSWTCH.64
                0x000000008002cac8        0x4 /usr/local/xenon/usr/lib/libxenon.a(xenos.o)
 *fill*         0x000000008002cacc        0x4 
 .rodata.__func__.4758
                0x000000008002cad0       0x12 /usr/local/xenon/usr/lib/libxenon.a(xenos.o)
 .rodata.xenos_ddc_read_edid.str1.1
                0x000000008002cae2       0xa5 /usr/local/xenon/usr/lib/libxenon.a(xenos_edid.o)
 .rodata.xenos_get_edid.str1.1
                0x000000008002cb87       0x61 /usr/local/xenon/usr/lib/libxenon.a(xenos_edid.o)
 .rodata.edid_header
                0x000000008002cbe8        0x8 /usr/local/xenon/usr/lib/libxenon.a(xenos_edid.o)
 .rodata.console_init.str1.1
                0x000000008002cbf0       0x33 /usr/local/xenon/usr/lib/libxenon.a(console.o)
 *fill*         0x000000008002cc23        0x5 
 .rodata.fontdata_8x16
                0x000000008002cc28     0x1000 /usr/local/xenon/usr/lib/libxenon.a(console.o)
                0x000000008002cc28                fontdata_8x16
 .rodata.telnet_err.str1.1
                0x000000008002dc28       0x14 /usr/local/xenon/usr/lib/libxenon.a(telnet_console.o)
 .rodata.abort.str1.1
                0x000000008002dc3c        0xf /usr/local/xenon/usr/lib/libxenon.a(newlib.o)
 .rodata.AddDevice.str1.1
                0x000000008002dc4b        0x8 /usr/local/xenon/usr/lib/libxenon.a(newlib.o)
 .rodata.str1.1
                0x000000008002dc53        0x7 /usr/local/xenon/usr/lib/libxenon.a(newlib.o)
 *fill*         0x000000008002dc5a        0x2 
 .rodata.console_optab
                0x000000008002dc5c       0x64 /usr/local/xenon/usr/lib/libxenon.a(newlib.o)
                0x000000008002dc5c                console_optab
 .rodata.dotab_stdnull
                0x000000008002dcc0       0x64 /usr/local/xenon/usr/lib/libxenon.a(newlib.o)
                0x000000008002dcc0                dotab_stdnull
 .rodata.xenon_malloc_unlock.str1.1
                0x000000008002dd24       0x40 /usr/local/xenon/usr/lib/libxenon.a(xenon_syscalls.o)
 .rodata.xenon_malloc_lock.str1.1
                0x000000008002dd64        0x9 /usr/local/xenon/usr/lib/libxenon.a(xenon_syscalls.o)
 .rodata.try_return_to_xell.str1.1
                0x000000008002dd6d       0x11 /usr/local/xenon/usr/lib/libxenon.a(xenon_syscalls.o)
 .rodata.xenon_exit.str1.1
                0x000000008002dd7e       0x93 /usr/local/xenon/usr/lib/libxenon.a(xenon_syscalls.o)
 *fill*         0x000000008002de11        0x7 
 .rodata.__func__.5264
                0x000000008002de18       0x12 /usr/local/xenon/usr/lib/libxenon.a(xenon_syscalls.o)
 *fill*         0x000000008002de2a        0x6 
 .rodata.__func__.5270
                0x000000008002de30       0x14 /usr/local/xenon/usr/lib/libxenon.a(xenon_syscalls.o)
 .rodata.lib_outofmemory.str1.1
                0x000000008002de44       0x16 /usr/local/xenon/usr/lib/libxenon.a(lib_malloc.o)
 .rodata.usbctrl_detach.str1.1
                0x000000008002de5a       0x42 /usr/local/xenon/usr/lib/libxenon.a(usbctrl.o)
 .rodata.usbctrl_set_leds.str1.1
                0x000000008002de9c       0x16 /usr/local/xenon/usr/lib/libxenon.a(usbctrl.o)
 .rodata.usbctrl_attach.str1.1
                0x000000008002deb2       0x5f /usr/local/xenon/usr/lib/libxenon.a(usbctrl.o)
 .rodata.str1.1
                0x000000008002df11       0x14 /usr/local/xenon/usr/lib/libxenon.a(usbctrl.o)
 .rodata        0x000000008002df25        0xc /usr/local/xenon/usr/lib/libxenon.a(usbctrl.o)
 .rodata.usb_create_pipe.str1.1
                0x000000008002df31       0x32 /usr/local/xenon/usr/lib/libxenon.a(usbd.o)
 .rodata.usb_free_request.str1.1
                0x000000008002df63       0x34 /usr/local/xenon/usr/lib/libxenon.a(usbd.o)
 .rodata.usb_find_driver.str1.1
                0x000000008002df97       0x5a /usr/local/xenon/usr/lib/libxenon.a(usbdevs.o)
 .rodata.usbhid_attach.str1.1
                0x000000008002dff1       0x19 /usr/local/xenon/usr/lib/libxenon.a(usbhid.o)
 .rodata.usbhid_ireq_callback.str1.1
                0x000000008002e00a        0x3 /usr/local/xenon/usr/lib/libxenon.a(usbhid.o)
 .rodata.str1.1
                0x000000008002e00d       0x2e /usr/local/xenon/usr/lib/libxenon.a(usbhid.o)
 *fill*         0x000000008002e03b        0x1 
 .rodata.usbhid_devtypes
                0x000000008002e03c        0xc /usr/local/xenon/usr/lib/libxenon.a(usbhid.o)
 .rodata.usbhub_detach.str1.1
                0x000000008002e048       0x76 /usr/local/xenon/usr/lib/libxenon.a(usbhub.o)
 .rodata.usbhub_scan1.str1.1
                0x000000008002e0be      0x176 /usr/local/xenon/usr/lib/libxenon.a(usbhub.o)
 .rodata.str1.1
                0x000000008002e234       0x11 /usr/local/xenon/usr/lib/libxenon.a(usbhub.o)
 .rodata.sfcx_init.str1.1
                0x000000008002e245       0x7e /usr/local/xenon/usr/lib/libxenon.a(xenon_sfcx.o)
 .rodata.xenon_config_init.str1.1
                0x000000008002e2c3       0x20 /usr/local/xenon/usr/lib/libxenon.a(xenon_config.o)
 .rodata.xenon_config_get_avregion.str1.1
                0x000000008002e2e3       0x20 /usr/local/xenon/usr/lib/libxenon.a(xenon_config.o)
 .rodata.pbuf_alloced_custom.str1.1
                0x000000008002e303       0x2f /usr/local/xenon/usr/lib/libxenon.a(pbuf.o)
 *fill*         0x000000008002e332        0x6 
 .rodata.CSWTCH.9
                0x000000008002e338        0x4 /usr/local/xenon/usr/lib/libxenon.a(pbuf.o)
 .rodata.tcp_bind.str1.1
                0x000000008002e33c       0x1e /usr/local/xenon/usr/lib/libxenon.a(tcp.o)
                                         0x2e (size before relaxing)
 *fill*         0x000000008002e35a        0x2 
 .rodata.tcp_close_shutdown
                0x000000008002e35c       0x20 /usr/local/xenon/usr/lib/libxenon.a(tcp.o)
 *fill*         0x000000008002e37c        0x4 
 .rodata.tcp_backoff
                0x000000008002e380        0xd /usr/local/xenon/usr/lib/libxenon.a(tcp.o)
                0x000000008002e380                tcp_backoff
 *fill*         0x000000008002e38d        0x3 
 .rodata.tcp_pcb_lists
                0x000000008002e390       0x10 /usr/local/xenon/usr/lib/libxenon.a(tcp.o)
                0x000000008002e390                tcp_pcb_lists
 .rodata.ip_output_if.str1.1
                0x000000008002e3a0       0x22 /usr/local/xenon/usr/lib/libxenon.a(ip.o)
                                         0x32 (size before relaxing)
 .rodata.ip_reass_dequeue_datagram.str1.1
                0x000000008002e3c2       0x27 /usr/local/xenon/usr/lib/libxenon.a(ip_frag.o)
                                         0x37 (size before relaxing)
 .rodata.tcp_pbuf_prealloc.str1.1
                0x000000008002e3e9       0x22 /usr/local/xenon/usr/lib/libxenon.a(tcp_out.o)
                                         0x32 (size before relaxing)
 .rodata.udp_input.str1.1
                0x000000008002e40b       0x1e /usr/local/xenon/usr/lib/libxenon.a(udp.o)
                                         0x2e (size before relaxing)
 .rodata.str1.1
                0x000000008002e429        0xd /usr/local/xenon/usr/lib/libxenon.a(dummy.o)
 .rodata.getstringmaybe.str1.1
                0x000000008002e436        0xd /usr/local/xenon/usr/lib/libxenon.a(usbdebug.o)
                                          0x1 (size before relaxing)
 .rodata.usb_dbg_dumpportstatus.str1.1
                0x000000008002e436       0xd8 /usr/local/xenon/usr/lib/libxenon.a(usbdebug.o)
                                         0xdb (size before relaxing)
 .rodata.usb_dbg_dumpdescriptors.str1.1
                0x000000008002e50e      0x4a8 /usr/local/xenon/usr/lib/libxenon.a(usbdebug.o)
 .rodata.str1.1
                0x000000008002e9b6       0x1c /usr/local/xenon/usr/lib/libxenon.a(usbdebug.o)
 *fill*         0x000000008002e9d2        0x2 
 .rodata.eptattribs.4401
                0x000000008002e9d4       0x10 /usr/local/xenon/usr/lib/libxenon.a(usbdebug.o)
 .rodata.tcp_receive.str1.1
                0x000000008002e9e4       0x21 /usr/local/xenon/usr/lib/libxenon.a(tcp_in.o)
                                         0x31 (size before relaxing)
 *fill*         0x000000008002ea05        0x3 
 .rodata.tcp_input
                0x000000008002ea08       0x20 /usr/local/xenon/usr/lib/libxenon.a(tcp_in.o)
 .rodata.mem_free.str1.1
                0x000000008002ea28       0x1e /usr/local/xenon/usr/lib/libxenon.a(mem.o)
                                         0x2e (size before relaxing)
 .rodata.memp_malloc.str1.1
                0x000000008002ea46       0x1f /usr/local/xenon/usr/lib/libxenon.a(memp.o)
                                         0x2f (size before relaxing)
 .rodata.icmp_send_response.isra.0.str1.1
                0x000000008002ea65       0x24 /usr/local/xenon/usr/lib/libxenon.a(icmp.o)